04-15 11:59:07.216   885  1187 D ConnectivityService: releasing NetworkRequest [ TRACK_DEFAULT id=1033, [ Capabilities: INTERNET&NOT_RESTRICTED&TRUSTED Unwanted:  Uid: 10108] ] (release request)
04-15 11:59:08.616   885   908 I ActivityManager: Killing 21617:com.android.chrome:webview_service/u0a80 (adj 904): empty #17
04-15 11:59:10.081   885  2225 D ConnectivityService: requestNetwork for uid/pid:10108/22052 NetworkRequest [ TRACK_DEFAULT id=1034, [ Capabilities: INTERNET&NOT_RESTRICTED&TRUSTED Unwanted:  Uid: 10108] ]
04-15 11:59:11.131   885  6848 I ActivityManager: Killing 21930:com.facebook.katana/u0a927 (adj 904): empty #17
04-15 11:59:14.545   885   947 E NotificationService: Suppressing notification from package by user request.
04-15 11:59:14.568   885   947 E NotificationService: Suppressing notification from package by user request.
04-15 11:59:19.924   885  2236 I ActivityManager: Killing 22166:com.google.process.gapps/u0a29 (adj 904): empty #17
04-15 11:59:22.671   885   951 I ActivityManager: Start proc 22632:com.google.android.apps.fireball/u0a564 for broadcast com.google.android.apps.fireball/com.google.firebase.iid.FirebaseInstanceIdInternalReceiver
04-15 11:59:24.575   885   947 E NotificationService: Suppressing notification from package by user request.
04-15 11:59:24.593   885   947 E NotificationService: Suppressing notification from package by user request.
04-15 11:59:24.746   885  3933 I ActivityManager: Killing 21424:com.estrongs.android.pop/u0a579 (adj 904): empty #17
04-15 11:59:25.329   885  3933 I ActivityManager: Killing 21262:com.tunnelbear.android:vpnLibProcess/u0a153 (adj 904): empty #17
04-15 11:59:25.382   885  2722 W ActivityManager: Scheduling restart of crashed service com.tunnelbear.android/com.tunnelbear.vpn.VpnRemoteService in 1000ms
04-15 11:59:25.782   885  2222 E WifiMulticastLockManager: Multicaster binderDied
04-15 11:59:25.882   885  4774 I ActivityManager: Killing 21483:com.tunnelbear.android/u0a153 (adj 906): empty #17
04-15 11:59:27.475   885   947 E NotificationService: Suppressing notification from package by user request.
04-15 11:59:29.033   885  2222 I ActivityManager: Killing 22293:com.google.android.configupdater/u0a34 (adj 906): empty #17
04-15 11:59:30.329   885  1187 D ConnectivityService: releasing NetworkRequest [ TRACK_DEFAULT id=1034, [ Capabilities: INTERNET&NOT_RESTRICTED&TRUSTED Unwanted:  Uid: 10108] ] (release request)
04-15 11:59:30.546   885   951 I ActivityManager: Start proc 22688:com.android.chrome:sandboxed_process1/u0i67 for webview_service com.android.chrome/org.chromium.content.app.SandboxedProcessService1
04-15 11:59:30.817   885  6848 I ActivityManager: Killing 21803:com.denvervenues.redrocks/u0a151 (adj 906): empty #17
04-15 11:59:31.041   885  6848 I ActivityManager: Killing 22688:com.android.chrome:sandboxed_process1/u0a80i67 (adj 0): isolated not needed
04-15 11:59:31.365   885   951 I ActivityManager: Start proc 22712:com.android.chrome:sandboxed_process2/u0i68 for webview_service com.android.chrome/org.chromium.content.app.SandboxedProcessService2
04-15 11:59:31.724   885  2222 I ActivityManager: Killing 22712:com.android.chrome:sandboxed_process2/u0a80i68 (adj 0): isolated not needed
04-15 11:59:31.886   885   951 I ActivityManager: Start proc 22738:com.android.chrome:sandboxed_process3/u0i69 for webview_service com.android.chrome/org.chromium.content.app.SandboxedProcessService3
04-15 11:59:32.088   885  2766 W ActivityManager: Background start not allowed: service Intent { cmp=com.google.android.apps.messaging/.shared.datamodel.action.execution.ActionExecutorImpl$EmptyService } to com.google.android.apps.messaging/.shared.datamodel.action.execution.ActionExecutorImpl$EmptyService from pid=19519 uid=10120 pkg=com.google.android.apps.messaging startFg?=false
04-15 11:59:32.298   885  2766 I ActivityManager: Killing 22738:com.android.chrome:sandboxed_process3/u0a80i69 (adj 0): isolated not needed
04-15 11:59:32.300   885  6848 W ActivityManager: Background start not allowed: service Intent { cmp=com.google.android.apps.messaging/.shared.datamodel.action.execution.ActionExecutorImpl$EmptyService } to com.google.android.apps.messaging/.shared.datamodel.action.execution.ActionExecutorImpl$EmptyService from pid=19519 uid=10120 pkg=com.google.android.apps.messaging startFg?=false
04-15 11:59:34.541   885  2766 D ConnectivityService: requestNetwork for uid/pid:10027/19695 NetworkRequest [ TRACK_DEFAULT id=1035, [ Capabilities: INTERNET&NOT_RESTRICTED&TRUSTED Unwanted:  Uid: 10027] ]
04-15 11:59:34.601   885   947 E NotificationService: Suppressing notification from package by user request.
04-15 11:59:34.621   885   947 E NotificationService: Suppressing notification from package by user request.
04-15 11:59:36.244   885   951 I ActivityManager: Start proc 22776:android.process.acore/u0a22 for content provider com.android.providers.contacts/.ContactsProvider2
04-15 11:59:37.119   885  2236 W ActivityManager: Background start not allowed: service Intent { cmp=com.google.android.apps.messaging/.shared.datamodel.action.execution.ActionExecutorImpl$EmptyService } to com.google.android.apps.messaging/.shared.datamodel.action.execution.ActionExecutorImpl$EmptyService from pid=19519 uid=10120 pkg=com.google.android.apps.messaging startFg?=false
04-15 11:59:44.628   885   947 E NotificationService: Suppressing notification from package by user request.
04-15 11:59:44.646   885   947 E NotificationService: Suppressing notification from package by user request.
04-15 11:59:50.546   885  1187 D ConnectivityService: releasing NetworkRequest [ TRACK_DEFAULT id=1035, [ Capabilities: INTERNET&NOT_RESTRICTED&TRUSTED Unwanted:  Uid: 10027] ] (release request)
04-15 11:59:50.553   885  2236 I ActivityManager: Killing 21901:com.duapps.recorder/u0a146 (adj 906): empty #17
04-15 11:59:54.654   885   947 E NotificationService: Suppressing notification from package by user request.
04-15 12:00:04.677   885   947 I chatty  : uid=1000(system) ActivityManager identical 2 lines
04-15 12:00:04.695   885   947 E NotificationService: Suppressing notification from package by user request.
04-15 12:00:08.441   885  7240 W BroadcastQueue: Background execution not allowed: receiving Intent { act=android.intent.action.PROVIDER_CHANGED dat=content://com.android.calendar flg=0x20000014 (has extras) } to com.google.android.calendar/com.android.calendar.widget.CalendarAppWidgetProvider
04-15 12:00:08.442   885   947 W BroadcastQueue: Background execution not allowed: receiving Intent { act=android.intent.action.PROVIDER_CHANGED dat=content://com.android.calendar flg=0x20000014 (has extras) } to com.google.android.calendar/.widgetmonth.MonthViewWidgetModelRefresher
04-15 12:00:08.442   885   947 W BroadcastQueue: Background execution not allowed: receiving Intent { act=android.intent.action.PROVIDER_CHANGED dat=content://com.android.calendar flg=0x20000014 (has extras) } to com.google.android.calendar/com.google.android.apps.calendar.usernotifications.NotificationsInitializer$NotificationsRelevantUpdatesReceiver
04-15 12:00:08.442   885   947 W BroadcastQueue: Background execution not allowed: receiving Intent { act=android.intent.action.PROVIDER_CHANGED dat=content://com.android.calendar flg=0x20000014 (has extras) } to com.google.android.gms/.chimera.GmsIntentOperationService$GmsExternalReceiver
04-15 12:00:14.704   885   947 E NotificationService: Suppressing notification from package by user request.
04-15 12:00:14.723   885   947 E NotificationService: Suppressing notification from package by user request.
04-15 12:00:16.780   885  7240 I ActivityManager: Killing 22310:com.reddit.frontpage/u0a1141 (adj 906): empty #17
04-15 12:00:16.843   885  3286 D ConnectivityService: ConnectivityService NetworkRequestInfo binderDied(NetworkRequest [ LISTEN id=1030, [ Capabilities: INTERNET&NOT_RESTRICTED&TRUSTED&NOT_VPN&FOREGROUND Unwanted:  Uid: 11141] ], android.os.BinderProxy@3a41bed)
04-15 12:00:24.731   885   947 E NotificationService: Suppressing notification from package by user request.
04-15 12:00:54.801   885   947 I chatty  : uid=1000(system) ActivityManager identical 7 lines
04-15 12:00:54.814   885   947 E NotificationService: Suppressing notification from package by user request.
04-15 12:01:01.373   885  2766 D ConnectivityService: requestNetwork for uid/pid:10027/19695 NetworkRequest [ TRACK_DEFAULT id=1036, [ Capabilities: INTERNET&NOT_RESTRICTED&TRUSTED Unwanted:  Uid: 10027] ]
04-15 12:01:01.711   885  1187 D ConnectivityService: releasing NetworkRequest [ TRACK_DEFAULT id=1036, [ Capabilities: INTERNET&NOT_RESTRICTED&TRUSTED Unwanted:  Uid: 10027] ] (release request)
04-15 12:01:04.819   885   947 E NotificationService: Suppressing notification from package by user request.
04-15 12:01:14.847   885   947 I chatty  : uid=1000(system) ActivityManager identical 2 lines
04-15 12:01:14.860   885   947 E NotificationService: Suppressing notification from package by user request.
04-15 12:01:20.823   885  3643 D ConnectivityService: requestNetwork for uid/pid:10108/22052 NetworkRequest [ TRACK_DEFAULT id=1037, [ Capabilities: INTERNET&NOT_RESTRICTED&TRUSTED Unwanted:  Uid: 10108] ]
04-15 12:01:21.169   885  1187 D ConnectivityService: releasing NetworkRequest [ TRACK_DEFAULT id=1037, [ Capabilities: INTERNET&NOT_RESTRICTED&TRUSTED Unwanted:  Uid: 10108] ] (release request)
04-15 12:01:24.871   885   947 E NotificationService: Suppressing notification from package by user request.
04-15 12:01:44.933   885   947 I chatty  : uid=1000(system) ActivityManager identical 5 lines
04-15 12:01:44.949   885   947 E NotificationService: Suppressing notification from package by user request.
04-15 12:01:48.473   885   951 I ActivityManager: Start proc 22875:com.google.android.gm/u0a91 for broadcast com.google.android.gm/com.google.firebase.iid.FirebaseInstanceIdReceiver
04-15 12:01:48.986 22875 22875 D ActivityThread: Loading provider com.google.android.gm.sapi: com.google.android.gm.sapi.SapiUiProvider
04-15 12:01:50.512   885  7376 D ConnectivityService: requestNetwork for uid/pid:10027/19695 NetworkRequest [ TRACK_DEFAULT id=1038, [ Capabilities: INTERNET&NOT_RESTRICTED&TRUSTED Unwanted:  Uid: 10027] ]
04-15 12:01:51.094   885   947 E NotificationService: Suppressing notification from package by user request.
04-15 12:01:51.117   885   947 E NotificationService: Suppressing notification from package by user request.
04-15 12:01:54.111   885  2722 D ConnectivityService: requestNetwork for uid/pid:10091/22875 NetworkRequest [ TRACK_DEFAULT id=1039, [ Capabilities: INTERNET&NOT_RESTRICTED&TRUSTED Unwanted:  Uid: 10091] ]
04-15 12:01:54.962   885   947 E NotificationService: Suppressing notification from package by user request.
04-15 12:01:54.981   885   947 E NotificationService: Suppressing notification from package by user request.
04-15 12:01:58.545   885  2722 D ConnectivityService: Returning UNBLOCKED NetworkInfo to uid=10091
04-15 12:02:04.988   885   947 E NotificationService: Suppressing notification from package by user request.
04-15 12:04:25.384   885   947 I chatty  : uid=1000(system) ActivityManager identical 31 lines
04-15 12:04:27.468   885   947 E NotificationService: Suppressing notification from package by user request.
04-15 12:04:28.443   885   951 I ActivityManager: Start proc 23117:com.google.android.play.games/u0a145 for service com.google.android.play.games/com.google.android.libraries.notifications.entrypoints.scheduled.ScheduledTaskService
04-15 12:04:29.769   885   951 I ActivityManager: Start proc 23165:com.google.android.keep/u0a140 for service com.google.android.keep/com.google.android.libraries.notifications.entrypoints.scheduled.ScheduledTaskService
04-15 12:04:30.636   885  2722 I ActivityManager: Killing 21719:com.android.chrome:sandboxed_process0/u0a80i66 (adj 906): empty #17
04-15 12:04:30.658   885  2222 W ActivityManager: Scheduling restart of crashed service com.android.chrome/org.chromium.content.app.SandboxedProcessService0 in 1000ms
04-15 12:04:30.672   885   956 D KernelUidCpuTimeReader: Removing uids 99065-99065
04-15 12:04:32.053   885   951 I ActivityManager: Start proc 23206:com.google.android.apps.chromecast.app/u0a149 for service com.google.android.apps.chromecast.app/com.google.android.libraries.notifications.entrypoints.scheduled.ScheduledTaskService
04-15 12:04:32.163   885  1160 I ActivityManager: START u0 {act=android.intent.action.MAIN cat=[android.intent.category.HOME] flg=0x10200000 cmp=com.google.android.apps.nexuslauncher/.NexusLauncherActivity (has extras)} from uid 1000
04-15 12:04:32.282   885  7797 D ConnectivityService: Returning UNBLOCKED NetworkInfo to uid=10149
04-15 12:04:33.773   885  7797 I ActivityManager: Killing 21738:com.android.chrome:privileged_process0/u0a80 (adj 902): empty #17
04-15 12:04:33.791   885   951 I ActivityManager: Start proc 23306:com.google.android.videos/u0a92 for service com.google.android.videos/com.google.android.libraries.notifications.entrypoints.scheduled.ScheduledTaskService
04-15 12:04:33.793   885  7797 W ActivityManager: Scheduling restart of crashed service com.android.chrome/org.chromium.content.app.PrivilegedProcessService0 in 1000ms
04-15 12:04:34.166   885   951 I ActivityManager: Start proc 23337:com.google.process.gapps/u0a29 for content provider com.google.android.gsf/.settings.GoogleSettingsProvider
04-15 12:04:34.944   885  3643 I ActivityManager: Killing 21648:com.google.android.apps.wellbeing/u0a53 (adj 906): empty #17
04-15 12:04:35.386   885   947 E NotificationService: Suppressing notification from package by user request.
04-15 12:04:35.406   885   947 E NotificationService: Suppressing notification from package by user request.
04-15 12:04:36.128   885  1160 I ActivityManager: START u0 {act=android.intent.action.MAIN cat=[android.intent.category.HOME] flg=0x10200000 cmp=com.google.android.apps.nexuslauncher/.NexusLauncherActivity (has extras)} from uid 1000
04-15 12:04:37.874   885   951 I ActivityManager: Start proc 23395:com.google.android.apps.maps/u0a124 for service com.google.android.apps.maps/com.google.android.apps.gmm.cloudmessage.chime.GmmChimeTaskService
04-15 12:04:38.785   885  2722 D ConnectivityService: requestNetwork for uid/pid:10124/23395 NetworkRequest [ TRACK_DEFAULT id=1041, [ Capabilities: INTERNET&NOT_RESTRICTED&TRUSTED Unwanted:  Uid: 10124] ]
04-15 12:04:40.038   885  7797 I ActivityManager: Killing 22460:com.android.vending:background/u0a37 (adj 906): empty #17
04-15 12:04:40.072   885  2722 D ConnectivityService: ConnectivityService NetworkRequestInfo binderDied(NetworkRequest [ TRACK_DEFAULT id=1032, [ Capabilities: INTERNET&NOT_RESTRICTED&TRUSTED Unwanted:  Uid: 10037] ], android.os.BinderProxy@7787b50)
04-15 12:04:40.073   885  1187 D ConnectivityService: releasing NetworkRequest [ TRACK_DEFAULT id=1032, [ Capabilities: INTERNET&NOT_RESTRICTED&TRUSTED Unwanted:  Uid: 10037] ] (release request)
04-15 12:04:41.431   885  1160 I ActivityManager: START u0 {act=android.intent.action.MAIN cat=[android.intent.category.HOME] flg=0x10200000 cmp=com.google.android.apps.nexuslauncher/.NexusLauncherActivity (has extras)} from uid 1000
04-15 12:04:43.502   885  2722 D ConnectivityService: requestNetwork for uid/pid:10124/23395 NetworkRequest [ TRACK_DEFAULT id=1042, [ Capabilities: INTERNET&NOT_RESTRICTED&TRUSTED Unwanted:  Uid: 10124] ]
04-15 12:04:45.411   885   947 E NotificationService: Suppressing notification from package by user request.
04-15 12:04:45.423   885   947 E NotificationService: Suppressing notification from package by user request.
04-15 12:04:48.323   885   947 W BroadcastQueue: Background execution not allowed: receiving Intent { act=android.intent.action.DROPBOX_ENTRY_ADDED flg=0x10 (has extras) } to com.google.android.gms/.stats.service.DropBoxEntryAddedReceiver
04-15 12:04:48.323   885   947 W BroadcastQueue: Background execution not allowed: receiving Intent { act=android.intent.action.DROPBOX_ENTRY_ADDED flg=0x10 (has extras) } to com.google.android.gms/.chimera.GmsIntentOperationService$PersistentTrustedReceiver
04-15 12:04:48.432   885   947 W BroadcastQueue: Background execution not allowed: receiving Intent { act=android.intent.action.DROPBOX_ENTRY_ADDED flg=0x10 (has extras) } to com.google.android.gms/.stats.service.DropBoxEntryAddedReceiver
04-15 12:04:48.432   885   947 W BroadcastQueue: Background execution not allowed: receiving Intent { act=android.intent.action.DROPBOX_ENTRY_ADDED flg=0x10 (has extras) } to com.google.android.gms/.chimera.GmsIntentOperationService$PersistentTrustedReceiver
04-15 12:04:51.287   885  3930 I ActivityManager: START u0 {act=android.intent.action.MAIN cat=[android.intent.category.LAUNCHER] flg=0x10200000 cmp=com.antutu.ABenchMark/.ABenchMarkStart bnds=[438,68][642,350]} from uid 10042
04-15 12:04:51.330   885  3930 W ActivityManager: Request to remove task ignored for non-existent task 82
04-15 12:04:51.901   885   947 E NotificationService: Suppressing notification from package by user request.
04-15 12:04:54.064   885  7240 I ActivityManager: START u0 {cmp=com.antutu.ABenchMark/com.antutu.benchmark.ui.home.activity.ActivityMain} from uid 10967
04-15 12:04:54.826   885   947 I ActivityManager: Killing 19519:com.google.android.apps.messaging/u0a120 (adj 906): empty #17
04-15 12:04:54.913   885  3930 D ConnectivityService: ConnectivityService NetworkRequestInfo binderDied(NetworkRequest [ TRACK_DEFAULT id=1001, [ Capabilities: INTERNET&NOT_RESTRICTED&TRUSTED Unwanted:  Uid: 10120] ], android.os.BinderProxy@d97f1a3)
04-15 12:04:54.913   885  3930 D ConnectivityService: ConnectivityService NetworkRequestInfo binderDied(NetworkRequest [ TRACK_DEFAULT id=993, [ Capabilities: INTERNET&NOT_RESTRICTED&TRUSTED Unwanted:  Uid: 10120] ], android.os.BinderProxy@c63bca0)
04-15 12:04:54.913   885  2766 D ConnectivityService: ConnectivityService NetworkRequestInfo binderDied(NetworkRequest [ LISTEN id=994, [ Capabilities: INTERNET&NOT_RESTRICTED&TRUSTED Unwanted:  Uid: 10120] ], android.os.BinderProxy@db04059)
04-15 12:04:54.914   885  1187 D ConnectivityService: releasing NetworkRequest [ TRACK_DEFAULT id=1001, [ Capabilities: INTERNET&NOT_RESTRICTED&TRUSTED Unwanted:  Uid: 10120] ] (release request)
04-15 12:04:54.916   885  1187 D ConnectivityService: releasing NetworkRequest [ TRACK_DEFAULT id=993, [ Capabilities: INTERNET&NOT_RESTRICTED&TRUSTED Unwanted:  Uid: 10120] ] (release request)
04-15 12:04:55.426   885   947 E NotificationService: Suppressing notification from package by user request.
04-15 12:04:55.433   885   947 E NotificationService: Suppressing notification from package by user request.
04-15 12:05:03.755   885  7240 E NotificationService: Suppressing toast from package com.antutu.ABenchMark by user request.
04-15 12:05:05.451   885   947 E NotificationService: Suppressing notification from package by user request.
04-15 12:05:05.465   885   947 E NotificationService: Suppressing notification from package by user request.
04-15 12:05:05.804   885  2225 E NotificationService: Suppressing toast from package com.antutu.ABenchMark by user request.
04-15 12:05:05.815   885  7240 I NotificationService: cancelToast pkg=com.antutu.ABenchMark callback=android.app.ITransientNotification$Stub$Proxy@2fd28f6
04-15 12:05:05.815   885  7240 W NotificationService: Toast already cancelled. pkg=com.antutu.ABenchMark callback=android.app.ITransientNotification$Stub$Proxy@2fd28f6
04-15 12:05:06.610 28643 28643 W ViewRootImpl[ActivityMain]: Cancelling event due to no window focus: KeyEvent { action=ACTION_UP, keyCode=KEYCODE_BACK, scanCode=0, metaState=0, flags=0x68, repeatCount=0, eventTime=22185982, downTime=22185968, deviceId=-1, source=0x101 }
04-15 12:05:06.620 28643 28643 I chatty  : uid=10967(com.antutu.ABenchMark) identical 7 lines
04-15 12:05:06.620 28643 28643 W ViewRootImpl[ActivityMain]: Cancelling event due to no window focus: KeyEvent { action=ACTION_UP, keyCode=KEYCODE_BACK, scanCode=0, metaState=0, flags=0x68, repeatCount=0, eventTime=22185982, downTime=22185968, deviceId=-1, source=0x101 }
04-15 12:05:09.072   885   947 E NotificationService: Suppressing notification from package by user request.
04-15 12:05:10.296   885  8447 I ActivityManager: Killing 22776:android.process.acore/u0a22 (adj 906): empty #17
04-15 12:05:10.308   885  8447 I ActivityManager: Killing 22486:com.google.android.gms.unstable/u0a29 (adj 904): remove task
04-15 12:05:10.308   885  8447 I ActivityManager: Killing 10385:com.google.android.gms.ui/u0a29 (adj 900): remove task
04-15 12:05:10.308   885  8447 I ActivityManager: Killing 10429:com.android.chrome:sandboxed_process0/u0a29i64 (adj 900): remove task
04-15 12:05:10.363   885  7797 W ActivityManager: Scheduling restart of crashed service com.google.android.gms/org.chromium.content.app.SandboxedProcessService0 in 1000ms
04-15 12:05:10.381   885   956 D KernelUidCpuTimeReader: Removing uids 99067-99067
04-15 12:05:10.381   885   956 D KernelUidCpuTimeReader: Removing uids 99068-99068
04-15 12:05:10.381   885   956 D KernelUidCpuTimeReader: Removing uids 99069-99069
04-15 12:05:10.406   885  3286 D ConnectivityService: ConnectivityService NetworkRequestInfo binderDied(NetworkRequest [ LISTEN id=944, [ Capabilities: INTERNET&NOT_RESTRICTED&TRUSTED Unwanted:  Uid: 10029] ], android.os.BinderProxy@5d79024)
04-15 12:05:10.406   885  7376 D ConnectivityService: ConnectivityService NetworkRequestInfo binderDied(NetworkRequest [ TRACK_DEFAULT id=943, [ Capabilities: INTERNET&NOT_RESTRICTED&TRUSTED Unwanted:  Uid: 10029] ], android.os.BinderProxy@a8b878d)
04-15 12:05:10.407   885  2766 I WindowManager: WIN DEATH: Window{cfe7502 u0 com.google.android.gms/com.google.android.gms.octarine.ui.OctarineWebviewActivity}
04-15 12:05:10.407   885  1187 D ConnectivityService: releasing NetworkRequest [ TRACK_DEFAULT id=943, [ Capabilities: INTERNET&NOT_RESTRICTED&TRUSTED Unwanted:  Uid: 10029] ] (release request)
04-15 12:05:10.422   885   974 W ActivityManager: setHasOverlayUi called on unknown pid: 10385
04-15 12:05:10.886   885  2766 I ActivityManager: Killing 6441:com.axs.SampleApp/u0a1176 (adj 900): remove task
04-15 12:05:10.953   885  3930 I WindowManager: WIN DEATH: Window{b4b4605 u0 com.axs.SampleApp/com.axs.app.activity.MainActivity}
04-15 12:05:10.965   885   974 W ActivityManager: setHasOverlayUi called on unknown pid: 6441
04-15 12:05:12.133   885  1160 I ActivityManager: START u0 {act=android.intent.action.MAIN cat=[android.intent.category.HOME] flg=0x10200000 cmp=com.google.android.apps.nexuslauncher/.NexusLauncherActivity (has extras)} from uid 1000
04-15 12:05:15.470   885   947 E NotificationService: Suppressing notification from package by user request.
04-15 12:05:15.484   885   947 E NotificationService: Suppressing notification from package by user request.
04-15 12:05:25.467   885  1160 I ActivityManager: START u0 {act=android.intent.action.MAIN cat=[android.intent.category.HOME] flg=0x10200000 cmp=com.google.android.apps.nexuslauncher/.NexusLauncherActivity (has extras)} from uid 1000
04-15 12:05:25.490   885   947 E NotificationService: Suppressing notification from package by user request.
04-15 12:05:25.510   885   947 I chatty  : uid=1000(system) ActivityManager identical 1 line
04-15 12:05:27.461   885   947 E NotificationService: Suppressing notification from package by user request.
04-15 12:05:28.764   885  3930 I ActivityManager: START u0 {act=android.intent.action.MAIN cat=[android.intent.category.LAUNCHER] flg=0x10200000 cmp=com.android.settings/.Settings bnds=[233,1573][437,1855]} from uid 10042
04-15 12:05:28.814   885   951 I ActivityManager: Start proc 23589:com.android.settings/1000 for activity com.android.settings/.Settings
04-15 12:05:29.172   885   951 I ActivityManager: Start proc 23609:com.google.android.settings.intelligence/u0a32 for service com.google.android.settings.intelligence/.modules.suggestions.SuggestionService
04-15 12:05:29.612   885   956 E BatteryExternalStatsWorker: no controller energy info supplied for bluetooth
04-15 12:05:29.648   885   956 E BatteryExternalStatsWorker: no controller energy info supplied for bluetooth
04-15 12:05:32.304   885  6848 I ActivityManager: START u0 {flg=0x8000 cmp=com.android.settings/.Settings$MyDeviceInfoActivity (has extras)} from uid 1000
04-15 12:05:32.455   885   947 W BroadcastQueue: Permission Denial: broadcasting Intent { act=android.net.conn.CONNECTIVITY_CHANGE flg=0x4200010 (has extras) } from null (pid=-1, uid=-1) requires android.permission.CHANGE_NETWORK_STATE due to registered receiver BroadcastFilter{621715b u0 ReceiverList{f7ae86a 23589 com.android.settings/1000/u0 remote:be8a655}}
04-15 12:05:32.455   885   947 W BroadcastQueue: Permission Denial: broadcasting Intent { act=android.net.wifi.STATE_CHANGE flg=0x4000010 (has extras) } from null (pid=-1, uid=-1) requires android.permission.CHANGE_NETWORK_STATE due to registered receiver BroadcastFilter{621715b u0 ReceiverList{f7ae86a 23589 com.android.settings/1000/u0 remote:be8a655}}
04-15 12:05:32.458   885   947 W BroadcastQueue: Permission Denial: broadcasting Intent { act=android.net.conn.CONNECTIVITY_CHANGE flg=0x4200010 (has extras) } from null (pid=-1, uid=-1) requires android.permission.CHANGE_NETWORK_STATE due to registered receiver BroadcastFilter{5572136 u0 ReceiverList{75a52d1 23589 com.android.settings/1000/u0 remote:4292df8}}
04-15 12:05:32.458   885   947 W BroadcastQueue: Permission Denial: broadcasting Intent { act=android.net.wifi.STATE_CHANGE flg=0x4000010 (has extras) } from null (pid=-1, uid=-1) requires android.permission.CHANGE_NETWORK_STATE due to registered receiver BroadcastFilter{5572136 u0 ReceiverList{75a52d1 23589 com.android.settings/1000/u0 remote:4292df8}}
04-15 12:05:35.090   885   951 I ActivityManager: Start proc 23643:com.skype.raider/u0a147 for broadcast com.skype.raider/com.google.firebase.iid.FirebaseInstanceIdReceiver
04-15 12:05:35.514   885   947 E NotificationService: Suppressing notification from package by user request.
04-15 12:05:35.530   885   947 E NotificationService: Suppressing notification from package by user request.
04-15 12:05:36.229   885  8447 D ConnectivityService: requestNetwork for uid/pid:10147/23643 NetworkRequest [ TRACK_DEFAULT id=1044, [ Capabilities: INTERNET&NOT_RESTRICTED&TRUSTED Unwanted:  Uid: 10147] ]
04-15 12:05:36.239   885  2224 D BluetoothManagerService: Trying to bind to profile: 1, while Bluetooth was disabled
04-15 12:05:38.445   885   956 E BatteryExternalStatsWorker: no controller energy info supplied for bluetooth
04-15 12:05:39.718   885   947 W BroadcastQueue: Background execution not allowed: receiving Intent { act=android.intent.action.DROPBOX_ENTRY_ADDED flg=0x10 (has extras) } to com.google.android.gms/.stats.service.DropBoxEntryAddedReceiver
04-15 12:05:39.718   885   947 W BroadcastQueue: Background execution not allowed: receiving Intent { act=android.intent.action.DROPBOX_ENTRY_ADDED flg=0x10 (has extras) } to com.google.android.gms/.chimera.GmsIntentOperationService$PersistentTrustedReceiver
04-15 12:05:39.764   885   947 W BroadcastQueue: Background execution not allowed: receiving Intent { act=android.intent.action.DROPBOX_ENTRY_ADDED flg=0x10 (has extras) } to com.google.android.gms/.stats.service.DropBoxEntryAddedReceiver
04-15 12:05:39.764   885   947 W BroadcastQueue: Background execution not allowed: receiving Intent { act=android.intent.action.DROPBOX_ENTRY_ADDED flg=0x10 (has extras) } to com.google.android.gms/.chimera.GmsIntentOperationService$PersistentTrustedReceiver
04-15 12:05:39.807   885   947 W BroadcastQueue: Background execution not allowed: receiving Intent { act=android.intent.action.DROPBOX_ENTRY_ADDED flg=0x10 (has extras) } to com.google.android.gms/.stats.service.DropBoxEntryAddedReceiver
04-15 12:05:39.807   885   947 W BroadcastQueue: Background execution not allowed: receiving Intent { act=android.intent.action.DROPBOX_ENTRY_ADDED flg=0x10 (has extras) } to com.google.android.gms/.chimera.GmsIntentOperationService$PersistentTrustedReceiver
04-15 12:05:39.841   885   947 W BroadcastQueue: Background execution not allowed: receiving Intent { act=android.intent.action.DROPBOX_ENTRY_ADDED flg=0x10 (has extras) } to com.google.android.gms/.stats.service.DropBoxEntryAddedReceiver
04-15 12:05:39.841   885   947 W BroadcastQueue: Background execution not allowed: receiving Intent { act=android.intent.action.DROPBOX_ENTRY_ADDED flg=0x10 (has extras) } to com.google.android.gms/.chimera.GmsIntentOperationService$PersistentTrustedReceiver
04-15 12:05:45.537   885   947 E NotificationService: Suppressing notification from package by user request.
04-15 12:05:45.549   885   947 E NotificationService: Suppressing notification from package by user request.
04-15 12:05:46.588   885   885 I Telecom : DefaultDialerCache: Refreshing default dialer for user 0: now com.google.android.dialer: DDC.oR@Azo
04-15 12:05:55.557   885   947 E NotificationService: Suppressing notification from package by user request.
04-15 12:11:46.402   885   947 I chatty  : uid=1000(system) ActivityManager identical 78 lines
04-15 12:11:46.432   885   947 E NotificationService: Suppressing notification from package by user request.
04-15 12:11:51.114   885   885 I JobServiceContext: Client timed out while executing (no jobFinished received), sending onStop: 4dfb527 #u0a27/1083 com.google.android.dialer/androidx.work.impl.background.systemjob.SystemJobService
04-15 12:11:53.664   885   951 I ActivityManager: Start proc 23957:com.google.android.setupwizard/u0a58 for service com.google.android.setupwizard/.deferred.DeferredSetupScheduler
04-15 12:11:56.438   885   947 E NotificationService: Suppressing notification from package by user request.
04-15 12:12:36.531   885   947 I chatty  : uid=1000(system) ActivityManager identical 9 lines
04-15 12:12:36.541   885   947 E NotificationService: Suppressing notification from package by user request.
04-15 12:12:38.089   885   951 I ActivityManager: Start proc 24036:com.reddit.frontpage/u0a1141 for service com.reddit.frontpage/androidx.work.impl.background.systemjob.SystemJobService
04-15 12:12:38.116   885  2722 I ActivityManager: Killing 20592:com.android.providers.calendar/u0a33 (adj 906): empty #17
04-15 12:12:38.593   885  2236 D ConnectivityService: Returning BLOCKED NetworkInfo to uid=11141
04-15 12:12:38.648   885  7240 D ConnectivityService: requestNetwork for uid/pid:11141/24036 NetworkRequest [ TRACK_DEFAULT id=1045, [ Capabilities: INTERNET&NOT_RESTRICTED&TRUSTED Unwanted:  Uid: 11141] ]
04-15 12:12:39.081   885  1187 D ConnectivityService: releasing NetworkRequest [ TRACK_DEFAULT id=1045, [ Capabilities: INTERNET&NOT_RESTRICTED&TRUSTED Unwanted:  Uid: 11141] ] (release request)
04-15 12:12:46.547   885   947 E NotificationService: Suppressing notification from package by user request.
04-15 12:12:56.566   885   947 I chatty  : uid=1000(system) ActivityManager identical 2 lines
04-15 12:12:56.591   885   947 E NotificationService: Suppressing notification from package by user request.
04-15 12:12:57.457   885   951 I ActivityManager: Start proc 24165:com.google.android.apps.photos/u0a129 for service com.google.android.apps.photos/com.google.android.libraries.social.mediamonitor.MediaMonitorJobSchedulerService
04-15 12:12:57.495   885   951 I ActivityManager: Start proc 24178:com.estrongs.android.pop/u0a579 for service com.estrongs.android.pop/com.estrongs.android.scanner.job.ESMediaStoreContentJob
04-15 12:12:58.331   885  2236 D ConnectivityService: requestNetwork for uid/pid:10129/24165 NetworkRequest [ TRACK_DEFAULT id=1047, [ Capabilities: INTERNET&NOT_RESTRICTED&TRUSTED Unwanted:  Uid: 10129] ]
04-15 12:12:59.840   885  2236 I ActivityManager: Killing 20567:com.google.android.calendar/u0a81 (adj 906): empty #17
04-15 12:12:59.933   885  2236 D ConnectivityService: ConnectivityService NetworkRequestInfo binderDied(NetworkRequest [ TRACK_DEFAULT id=1009, [ Capabilities: INTERNET&NOT_RESTRICTED&TRUSTED Unwanted:  Uid: 10081] ], android.os.BinderProxy@bd92b61)
04-15 12:12:59.933   885  2236 D ConnectivityService: ConnectivityService NetworkRequestInfo binderDied(NetworkRequest [ LISTEN id=1010, [ Capabilities: INTERNET&NOT_RESTRICTED&TRUSTED Unwanted:  Uid: 10081] ], android.os.BinderProxy@4b53686)
04-15 12:12:59.935   885  1187 D ConnectivityService: releasing NetworkRequest [ TRACK_DEFAULT id=1009, [ Capabilities: INTERNET&NOT_RESTRICTED&TRUSTED Unwanted:  Uid: 10081] ] (release request)
04-15 12:13:00.515   885  2229 I ActivityManager: Killing 21593:com.android.chrome/u0a80 (adj 906): empty #17
04-15 12:13:00.581   885  4589 D ConnectivityService: ConnectivityService NetworkRequestInfo binderDied(NetworkRequest [ TRACK_DEFAULT id=1019, [ Capabilities: INTERNET&NOT_RESTRICTED&TRUSTED Unwanted:  Uid: 10080] ], android.os.BinderProxy@e95e927)
04-15 12:13:00.581   885  1390 D ConnectivityService: ConnectivityService NetworkRequestInfo binderDied(NetworkRequest [ TRACK_DEFAULT id=1021, [ Capabilities: INTERNET&NOT_RESTRICTED&TRUSTED Unwanted:  Uid: 10080] ], android.os.BinderProxy@e0857d4)
04-15 12:13:00.581   885   908 D ConnectivityService: ConnectivityService NetworkRequestInfo binderDied(NetworkRequest [ LISTEN id=1022, [ Capabilities: INTERNET&NOT_RESTRICTED&TRUSTED Unwanted:  Uid: 10080] ], android.os.BinderProxy@6482d7d)
04-15 12:13:00.582   885  1390 W ActivityManager: Scheduling restart of crashed service com.android.chrome/org.chromium.chrome.browser.customtabs.CustomTabsConnectionService in 1000ms
04-15 12:13:00.582   885  1187 D ConnectivityService: releasing NetworkRequest [ TRACK_DEFAULT id=1019, [ Capabilities: INTERNET&NOT_RESTRICTED&TRUSTED Unwanted:  Uid: 10080] ] (release request)
04-15 12:13:00.587   885  2229 D ConnectivityService: ConnectivityService NetworkRequestInfo binderDied(NetworkRequest [ LISTEN id=1020, [ Capabilities: INTERNET&NOT_RESTRICTED&TRUSTED Unwanted:  Uid: 10080] ], android.os.BinderProxy@645a472)
04-15 12:13:00.598   885  1187 D ConnectivityService: releasing NetworkRequest [ TRACK_DEFAULT id=1021, [ Capabilities: INTERNET&NOT_RESTRICTED&TRUSTED Unwanted:  Uid: 10080] ] (release request)
04-15 12:13:01.834   885   945 I UsageStatsService: User[0] Flushing usage stats to disk
04-15 12:13:02.713   885  4589 I ActivityManager: Killing 22052:com.google.android.youtube/u0a108 (adj 906): empty #17
04-15 12:13:02.822   885  2236 D ConnectivityService: ConnectivityService NetworkRequestInfo binderDied(NetworkRequest [ TRACK_DEFAULT id=1028, [ Capabilities: INTERNET&NOT_RESTRICTED&TRUSTED Unwanted:  Uid: 10108] ], android.os.BinderProxy@6af2479)
04-15 12:13:02.822   885  1187 D ConnectivityService: releasing NetworkRequest [ TRACK_DEFAULT id=1028, [ Capabilities: INTERNET&NOT_RESTRICTED&TRUSTED Unwanted:  Uid: 10108] ] (release request)
04-15 12:13:02.824   885  4589 D ConnectivityService: ConnectivityService NetworkRequestInfo binderDied(NetworkRequest [ LISTEN id=1027, [ Capabilities: INTERNET&NOT_RESTRICTED&TRUSTED Unwanted:  Uid: 10108] ], android.os.BinderProxy@434d61f)
04-15 12:13:02.824   885  1531 D ConnectivityService: ConnectivityService NetworkRequestInfo binderDied(NetworkRequest [ TRACK_DEFAULT id=1026, [ Capabilities: INTERNET&NOT_RESTRICTED&TRUSTED Unwanted:  Uid: 10108] ], android.os.BinderProxy@44595be)
04-15 12:13:02.827   885  8447 D ConnectivityService: ConnectivityService NetworkRequestInfo binderDied(NetworkRequest [ TRACK_DEFAULT id=1025, [ Capabilities: INTERNET&NOT_RESTRICTED&TRUSTED Unwanted:  Uid: 10108] ], android.os.BinderProxy@eb6cd6c)
04-15 12:13:02.827   885  1187 D ConnectivityService: releasing NetworkRequest [ TRACK_DEFAULT id=1026, [ Capabilities: INTERNET&NOT_RESTRICTED&TRUSTED Unwanted:  Uid: 10108] ] (release request)
04-15 12:13:02.838   885  1187 D ConnectivityService: releasing NetworkRequest [ TRACK_DEFAULT id=1025, [ Capabilities: INTERNET&NOT_RESTRICTED&TRUSTED Unwanted:  Uid: 10108] ] (release request)
04-15 12:13:03.437   885  2236 W ActivityManager: No permission grants found for com.google.android.apps.photos
04-15 12:13:03.544   885  2236 W ActivityManager: No permission grants found for com.google.android.apps.photos
04-15 12:13:04.679   885  2236 D ConnectivityService: Returning UNBLOCKED NetworkInfo to uid=10129
04-15 12:13:04.692   885  2236 D ConnectivityService: requestNetwork for uid/pid:10129/24165 NetworkRequest [ TRACK_DEFAULT id=1048, [ Capabilities: INTERNET&NOT_RESTRICTED&TRUSTED Unwanted:  Uid: 10129] ]
04-15 12:13:06.600   885   947 E NotificationService: Suppressing notification from package by user request.
04-15 12:13:06.611   885   947 E NotificationService: Suppressing notification from package by user request.
04-15 12:13:06.633   885   951 I ActivityManager: Start proc 24307:com.facebook.katana/u0a927 for content provider com.facebook.katana/.provider.AttributionIdProvider
04-15 12:13:08.912   885  1187 D ConnectivityService: releasing NetworkRequest [ TRACK_DEFAULT id=1048, [ Capabilities: INTERNET&NOT_RESTRICTED&TRUSTED Unwanted:  Uid: 10129] ] (release request)
04-15 12:13:10.331   885  1531 W ActivityManager: No permission grants found for com.google.android.apps.photos
04-15 12:13:10.334   885  1531 W ActivityManager: No permission grants found for com.google.android.apps.photos
04-15 12:13:12.516   885   947 W BroadcastQueue: Background execution not allowed: receiving Intent { act=DXCoreAlarmReceiver flg=0x14 (has extras) } to com.duapps.recorder/com.dianxinos.dxservice.stat.AlarmReceiver
04-15 12:13:12.516   885   947 W BroadcastQueue: Background execution not allowed: receiving Intent { act=DXCoreAlarmReceiver flg=0x14 (has extras) } to com.estrongs.android.pop/com.dianxinos.dxservice.stat.AlarmReceiver
04-15 12:13:13.551   885   951 I ActivityManager: Start proc 24415:com.google.android.apps.photos:mediametadataservice/u0a129 for service com.google.android.apps.photos/.mediametadataservice.MediaMetadataService
04-15 12:13:15.531   885  2229 W ActivityManager: No permission grants found for com.google.android.apps.photos
04-15 12:13:15.551   885  2229 W ActivityManager: No permission grants found for com.google.android.apps.photos
04-15 12:13:16.615   885   947 E NotificationService: Suppressing notification from package by user request.
04-15 12:13:16.626   885   947 E NotificationService: Suppressing notification from package by user request.
04-15 12:13:17.547   885   951 I ActivityManager: Start proc 24450:com.facebook.orca/u0a928 for service com.facebook.orca/com.facebook.analytics2.logger.LollipopUploadService
04-15 12:13:19.158   885  2236 W ActivityManager: No permission grants found for com.google.android.apps.photos
04-15 12:13:19.167   885  2236 I chatty  : uid=1000(system) Binder:885_D identical 1 line
04-15 12:13:19.635   885  2236 W ActivityManager: No permission grants found for com.google.android.apps.photos
04-15 12:13:19.671   885  8447 W ActivityManager: No permission grants found for com.google.android.apps.photos
04-15 12:13:26.632   885   947 E NotificationService: Suppressing notification from package by user request.
04-15 12:13:26.658   885   947 E NotificationService: Suppressing notification from package by user request.
04-15 12:13:27.454   885   956 D KernelUidCpuTimeReader: Removing uids 99066-99066
04-15 12:13:27.455   885   956 D KernelUidCpuTimeReader: Removing uids 99064-99064
04-15 12:13:27.506   885  8447 I ActivityManager: Killing 22875:com.google.android.gm/u0a91 (adj 906): empty #17
04-15 12:13:27.514   885   951 I ActivityManager: Start proc 24548:com.google.android.apps.turbo/u0a56 for broadcast com.google.android.apps.turbo/.nudges.broadcasts.BatteryStatusChangedReceiver
04-15 12:13:27.542   885   947 E NotificationService: Suppressing notification from package by user request.
04-15 12:13:27.543   885   956 E BatteryExternalStatsWorker: no controller energy info supplied for bluetooth
04-15 12:13:27.547   885  8447 I ActivityManager: Killing 23117:com.google.android.play.games/u0a145 (adj 906): empty #17
04-15 12:13:27.591   885  8447 D ConnectivityService: Returning BLOCKED NetworkInfo to uid=10579
04-15 12:13:27.629   885  3934 D ConnectivityService: ConnectivityService NetworkRequestInfo binderDied(NetworkRequest [ LISTEN id=1040, [ Capabilities: INTERNET&NOT_RESTRICTED&TRUSTED Unwanted:  Uid: 10091] ], android.os.BinderProxy@d66e838)
04-15 12:13:27.630   885  8447 D ConnectivityService: ConnectivityService NetworkRequestInfo binderDied(NetworkRequest [ TRACK_DEFAULT id=1039, [ Capabilities: INTERNET&NOT_RESTRICTED&TRUSTED Unwanted:  Uid: 10091] ], android.os.BinderProxy@2e22011)
04-15 12:13:27.630   885  1187 D ConnectivityService: releasing NetworkRequest [ TRACK_DEFAULT id=1039, [ Capabilities: INTERNET&NOT_RESTRICTED&TRUSTED Unwanted:  Uid: 10091] ] (release request)
04-15 12:13:27.925   885  2229 D ConnectivityService: Returning BLOCKED NetworkInfo to uid=10027
04-15 12:13:30.002   885  2223 I ActivityManager: Killing 23165:com.google.android.keep/u0a140 (adj 906): empty #17
04-15 12:13:32.844   885  6848 D ConnectivityService: Returning BLOCKED NetworkInfo to uid=10928
04-15 12:13:36.668   885   947 E NotificationService: Suppressing notification from package by user request.
04-15 12:13:36.694   885   947 E NotificationService: Suppressing notification from package by user request.
04-15 12:13:38.099   885  4589 D ConnectivityService: Returning BLOCKED NetworkInfo to uid=10927
04-15 12:13:46.702   885   947 E NotificationService: Suppressing notification from package by user request.
04-15 12:13:46.718   885   947 E NotificationService: Suppressing notification from package by user request.
04-15 12:13:50.053   885  6848 I ActivityManager: Killing 22030:com.android.vending/u0a37 (adj 906): empty #17
04-15 12:13:50.054   885  6848 I ActivityManager: Killing 23206:com.google.android.apps.chromecast.app/u0a149 (adj 906): empty #18
04-15 12:13:50.124   885   907 D ConnectivityService: ConnectivityService NetworkRequestInfo binderDied(NetworkRequest [ TRACK_DEFAULT id=1023, [ Capabilities: INTERNET&NOT_RESTRICTED&TRUSTED Unwanted:  Uid: 10037] ], android.os.BinderProxy@3ab0c75)
04-15 12:13:50.124   885  3933 D ConnectivityService: ConnectivityService NetworkRequestInfo binderDied(NetworkRequest [ LISTEN id=1024, [ Capabilities: INTERNET&NOT_RESTRICTED&TRUSTED Unwanted:  Uid: 10037] ], android.os.BinderProxy@51e240a)
04-15 12:13:50.124   885  1187 D ConnectivityService: releasing NetworkRequest [ TRACK_DEFAULT id=1023, [ Capabilities: INTERNET&NOT_RESTRICTED&TRUSTED Unwanted:  Uid: 10037] ] (release request)
04-15 12:13:53.033   885   907 D ConnectivityService: requestNetwork for uid/pid:10928/24450 NetworkRequest [ TRACK_DEFAULT id=1049, [ Capabilities: INTERNET&NOT_RESTRICTED&TRUSTED Unwanted:  Uid: 10928] ]
04-15 12:13:55.919   885   947 W BroadcastQueue: Permission Denial: broadcasting Intent { act=android.net.conn.CONNECTIVITY_CHANGE flg=0x4200010 (has extras) } from null (pid=-1, uid=-1) requires com.facebook.permission.prod.FB_APP_COMMUNICATION due to registered receiver BroadcastFilter{64f6cb0 u0 ReceiverList{dc317f3 24450 com.facebook.orca/10928/u0 remote:a072a62}}
04-15 12:13:56.731   885   947 E NotificationService: Suppressing notification from package by user request.
04-15 12:13:56.746   885   947 E NotificationService: Suppressing notification from package by user request.
04-15 12:13:57.667   885   947 W BroadcastQueue: Permission Denial: broadcasting Intent { act=android.net.conn.CONNECTIVITY_CHANGE flg=0x4200010 (has extras) } from null (pid=-1, uid=-1) requires com.facebook.permission.prod.FB_APP_COMMUNICATION due to registered receiver BroadcastFilter{ce1e3e3 u0 ReceiverList{6d2f012 24307 com.facebook.katana/10927/u0 remote:912e39d}}
04-15 12:14:04.107   885   907 D ConnectivityService: Returning BLOCKED NetworkInfo to uid=10129
04-15 12:14:04.110   885   907 D ConnectivityService: requestNetwork for uid/pid:10129/24165 NetworkRequest [ TRACK_DEFAULT id=1050, [ Capabilities: INTERNET&NOT_RESTRICTED&TRUSTED Unwanted:  Uid: 10129] ]
04-15 12:14:06.760   885   947 E NotificationService: Suppressing notification from package by user request.
04-15 12:14:06.773   885   947 E NotificationService: Suppressing notification from package by user request.
04-15 12:14:10.056 24307 24356 E ActivityThread: Failed to find provider info for com.android.launcher3.cornermark.unreadbadge
04-15 12:14:16.784   885   947 E NotificationService: Suppressing notification from package by user request.
04-15 12:14:26.816   885   947 I chatty  : uid=1000(system) ActivityManager identical 3 lines
04-15 12:14:27.485   885   947 E NotificationService: Suppressing notification from package by user request.
04-15 12:14:27.532   885   951 I ActivityManager: Start proc 24651:com.android.providers.calendar/u0a33 for broadcast com.android.providers.calendar/.CalendarProviderBroadcastReceiver
04-15 12:14:27.776   885  6848 I ActivityManager: Killing 23337:com.google.process.gapps/u0a29 (adj 906): empty #17
04-15 12:14:36.822   885   947 E NotificationService: Suppressing notification from package by user request.
04-15 12:14:46.855   885   947 I chatty  : uid=1000(system) ActivityManager identical 2 lines
04-15 12:14:46.865   885   947 E NotificationService: Suppressing notification from package by user request.
04-15 12:14:47.294   885  1160 I ActivityManager: START u0 {act=android.intent.action.MAIN cat=[android.intent.category.HOME] flg=0x10200000 cmp=com.google.android.apps.nexuslauncher/.NexusLauncherActivity (has extras)} from uid 1000
04-15 12:14:47.297   885   945 I UsageStatsService: User[0] Rolling over usage stats
04-15 12:14:47.297   885   945 I UsageStatsService: User[0] Flushing usage stats to disk
04-15 12:14:47.417   885  1780 I ActivityManager: Killing 23306:com.google.android.videos/u0a92 (adj 906): empty #17
04-15 12:14:47.789   885   945 I UsageStatsService: User[0] Rollover scheduled @ 2022-04-16 12:14:47(1650096887297)
04-15 12:14:47.789   885   945 I UsageStatsService: User[0] Flushing usage stats to disk
04-15 12:14:47.877   885   945 I UsageStatsService: User[0] Rolling over usage stats complete. Took 580 milliseconds
04-15 12:14:55.812   885  2224 D ConnectivityService: requestNetwork for uid/pid:10051/28399 NetworkRequest [ REQUEST id=1051, [ Transports: CELLULAR Capabilities: INTERNET&NOT_RESTRICTED&TRUSTED&NOT_VPN Unwanted:  Uid: 10051] ]
04-15 12:14:55.818   885  1187 D ConnectivityService: reportNetworkConnectivity(112, false) by 10051
04-15 12:14:56.047   885   947 W BroadcastQueue: Background execution not allowed: receiving Intent { act=android.net.conn.NETWORK_CONDITIONS_MEASURED flg=0x10 (has extras) } to com.google.android.gms/.chimera.GmsIntentOperationService$PersistentTrustedReceiver
04-15 12:14:56.050   885  1187 D ConnectivityService: NetworkAgentInfo [WIFI () - 112] validation passed
04-15 12:14:56.872   885   947 E NotificationService: Suppressing notification from package by user request.
04-15 12:15:26.979   885   947 I chatty  : uid=1000(system) ActivityManager identical 7 lines
04-15 12:15:27.477   885   947 E NotificationService: Suppressing notification from package by user request.
04-15 12:15:35.819   885  1187 D ConnectivityService: releasing NetworkRequest [ REQUEST id=1051, [ Transports: CELLULAR Capabilities: INTERNET&NOT_RESTRICTED&TRUSTED&NOT_VPN Unwanted:  Uid: 10051] ] (release request)
04-15 12:15:36.985   885   947 E NotificationService: Suppressing notification from package by user request.
04-15 12:16:07.059   885   947 I chatty  : uid=1000(system) ActivityManager identical 6 lines
04-15 12:16:07.089   885   947 E NotificationService: Suppressing notification from package by user request.
04-15 12:16:12.323   885   951 I ActivityManager: Start proc 24759:com.google.process.gapps/u0a29 for content provider com.google.android.gsf/.settings.GoogleSettingsProvider
04-15 12:16:13.459   885   951 I ActivityManager: Start proc 24791:com.android.chrome:sandboxed_process0/u0i70 for webview_service com.google.android.googlequicksearchbox/org.chromium.content.app.SandboxedProcessService0
04-15 12:16:13.655   885  3931 D ConnectivityService: requestNetwork for uid/pid:10051/28399 NetworkRequest [ TRACK_DEFAULT id=1052, [ Capabilities: INTERNET&NOT_RESTRICTED&TRUSTED Unwanted:  Uid: 10051] ]
04-15 12:16:15.235   885   947 E NotificationService: Suppressing notification from package by user request.
04-15 12:16:27.119   885   947 I chatty  : uid=1000(system) ActivityManager identical 3 lines
04-15 12:16:27.130   885   947 E NotificationService: Suppressing notification from package by user request.
04-15 12:16:27.290   885   951 I ActivityManager: Start proc 24864:com.google.android.apps.messaging/u0a120 for service com.google.android.apps.messaging/androidx.work.impl.background.systemjob.SystemJobService
04-15 12:16:27.464   885   947 E NotificationService: Suppressing notification from package by user request.
--------- beginning of main
04-15 12:16:31.035 28399 28438 I sb.r.IcingResPar: parsed result 6 from package com.google.android.gms, corpus internal.3p:MobileApplication, text AnTuTu Benchmark
04-15 12:16:31.037 28399 28438 I sb.r.IcingResPar: parsed result 7 from package com.google.android.gms, corpus internal.3p:MobileApplication, text Buy.am
04-15 12:16:31.039 28399 28438 I sb.r.IcingResPar: added 8 suggestions from Icing
04-15 12:16:31.442 28399 28567 I MicroDetectionState: Should stop hotword detection immediately - true
04-15 12:16:31.443 28399 28567 I A       : Using proto config with mendel
04-15 12:16:31.444 28399 28567 I A       : Using proto config with mendel
04-15 12:16:31.447 28399 28445 I A       : corpus (com.google.android.gms, internal.3p:MobileApplication) is added
04-15 12:16:31.447 28399 28445 W A       : corpus (com.google.android.googlequicksearchbox, suggest_query) is blacklisted
04-15 12:16:31.448 28399 28445 I A       : corpus (com.android.settings, internal.3p:Thing) is added
