04-14 15:21:09.251   885  3298 I chatty  : uid=1000(system) Binder:885_12 expire 2 lines
04-14 15:21:22.518   885  2722 I chatty  : uid=1000(system) Binder:885_F expire 3 lines
04-14 15:21:23.139 10198 10341 E ActivityThread: Failed to find provider info for com.android.launcher3.cornermark.unreadbadge
04-14 15:21:28.508   885   947 I chatty  : uid=1000(system) ActivityManager expire 66 lines
04-14 15:21:32.192   885  1012 I chatty  : uid=1000(system) PackageManager expire 14 lines
04-14 15:21:37.939   885  4589 I chatty  : uid=1000(system) Binder:885_18 expire 2 lines
04-14 15:21:38.820   885  4774 I chatty  : uid=1000(system) Binder:885_1A expire 2 lines
04-14 15:21:39.893   885  3933 I chatty  : uid=1000(system) Binder:885_16 expire 7 lines
04-14 15:21:42.548   885  2225 I chatty  : uid=1000(system) Binder:885_B expire 2 lines
04-14 15:21:45.610   885  1531 I chatty  : uid=1000(system) Binder:885_5 expire 1 line
04-14 15:21:54.078   885  8447 I chatty  : uid=1000(system) Binder:885_1F expire 3 lines
04-14 15:22:05.521   885  2653 I chatty  : uid=1000(system) Binder:885_E expire 1 line
04-14 15:22:10.454   885  1376 I chatty  : uid=1000(system) Binder:885_3 expire 2 lines
04-14 15:22:18.217   885  3643 I chatty  : uid=1000(system) Binder:885_13 expire 4 lines
04-14 15:22:44.424 11510 11511 F libc    : Fatal signal 11 (SIGSEGV), code 1 (SEGV_MAPERR), fault addr 0x130 in tid 11511 (dumpsys), pid 11510 (dumpsys)
04-14 15:23:45.195   885   947 I chatty  : uid=1000(system) ActivityManager expire 119 lines
04-14 15:23:45.205   885  1012 I chatty  : uid=1000(system) PackageManager expire 11 lines
04-14 15:23:45.336   885   885 I chatty  : uid=1000 system_server expire 14 lines
04-14 15:23:45.585   885  2766 I chatty  : uid=1000(system) Binder:885_10 expire 1 line
04-14 15:23:45.826   885  3933 I chatty  : uid=1000(system) Binder:885_16 expire 2 lines
04-14 15:23:45.883   885   951 I chatty  : uid=1000(system) ActivityManager expire 6 lines
04-14 15:23:48.091   885   908 I chatty  : uid=1000(system) Binder:885_2 expire 2 lines
04-14 15:23:53.828   885  1533 I chatty  : uid=1000(system) Binder:885_6 expire 1 line
04-14 15:24:00.312   885  1531 I chatty  : uid=1000(system) Binder:885_5 expire 4 lines
04-14 15:24:04.419   885  1376 I chatty  : uid=1000(system) Binder:885_3 expire 2 lines
04-14 15:24:08.068   885  4737 I chatty  : uid=1000(system) Binder:885_19 expire 1 line
04-14 15:24:16.502   885  3286 I chatty  : uid=1000(system) Binder:885_11 expire 1 line
04-14 15:24:16.793   885  2653 I chatty  : uid=1000(system) Binder:885_E expire 1 line
04-14 15:24:18.855   885  2098 I chatty  : uid=1000(system) backup expire 2 lines
04-14 15:24:50.192   885  4589 I chatty  : uid=1000(system) Binder:885_18 expire 3 lines
04-14 15:24:57.746   885  8447 I chatty  : uid=1000(system) Binder:885_1F expire 1 line
04-14 15:24:57.750   885  1187 I chatty  : uid=1000(system) ConnectivitySer expire 2 lines
04-14 15:25:13.548   885  3930 I chatty  : uid=1000(system) Binder:885_14 expire 2 lines
04-14 15:25:13.597   885  3934 I chatty  : uid=1000(system) Binder:885_17 expire 1 line
04-14 15:25:13.601   885  2222 I chatty  : uid=1000(system) Binder:885_8 expire 2 lines
04-14 15:25:19.274   885  2229 I chatty  : uid=1000(system) Binder:885_C expire 3 lines
04-14 15:25:19.281   885  2224 I chatty  : uid=1000(system) Binder:885_A expire 3 lines
04-14 15:25:19.902   885   947 I chatty  : uid=1000(system) ActivityManager expire 235 lines
04-14 15:25:29.559   885   885 I chatty  : uid=1000 system_server expire 6 lines
04-14 15:25:37.978   885  1780 I chatty  : uid=1000(system) Binder:885_7 expire 3 lines
04-14 15:25:38.049   885  8734 I chatty  : uid=1000(system) Binder:885_20 expire 5 lines
04-14 15:25:38.049   885  4589 I chatty  : uid=1000(system) Binder:885_18 expire 1 line
04-14 15:25:38.050   885  1187 I chatty  : uid=1000(system) ConnectivitySer expire 11 lines
04-14 15:25:38.050   885  8447 I chatty  : uid=1000(system) Binder:885_1F expire 1 line
04-14 15:27:55.322   885  3643 I chatty  : uid=1000(system) Binder:885_13 expire 2 lines
04-14 15:28:09.569   885  1390 I chatty  : uid=1000(system) Binder:885_4 expire 1 line
04-14 15:28:15.722   885   907 I chatty  : uid=1000(system) Binder:885_1 expire 4 lines
04-14 15:29:30.164   885   951 I chatty  : uid=1000(system) ActivityManager expire 13 lines
04-14 15:29:36.249   885  7240 I chatty  : uid=1000(system) Binder:885_1C expire 1 line
04-14 15:29:46.730 14184 14185 F libc    : Fatal signal 11 (SIGSEGV), code 1 (SEGV_MAPERR), fault addr 0x130 in tid 14185 (dumpsys), pid 14184 (dumpsys)
04-14 15:29:52.984   885  3934 I chatty  : uid=1000(system) Binder:885_17 expire 5 lines
04-14 15:31:12.059   885  1162 I chatty  : uid=1000(system) HwBinder:885_3 expire 3 lines
04-14 15:31:12.060   885   971 I chatty  : uid=1000(system) android.fg expire 6 lines
04-14 15:31:12.090   885   956 I chatty  : uid=1000(system) batterystats-wo expire 4 lines
04-14 15:31:12.894   885  1531 I chatty  : uid=1000(system) Binder:885_5 expire 2 lines
04-14 15:31:15.437   885  1158 I chatty  : uid=1000(system) HwBinder:885_2 expire 1 line
04-14 15:31:15.854   885   973 I chatty  : uid=1000(system) android.io expire 1 line
04-14 15:31:17.149   885  1916 I chatty  : uid=1000(system) UsbDebuggingMan expire 1 line
04-14 15:34:45.387   885  1376 I chatty  : uid=1000(system) Binder:885_3 expire 1 line
04-14 15:35:04.456   885  4737 I chatty  : uid=1000(system) Binder:885_19 expire 1 line
04-14 15:35:27.391   885  2223 I chatty  : uid=1000(system) Binder:885_9 expire 1 line
04-14 15:35:27.498   885  3298 I chatty  : uid=1000(system) Binder:885_12 expire 1 line
04-14 15:36:36.170   885  1160 I chatty  : uid=1000(system) InputDispatcher expire 1 line
04-14 15:36:37.550   885  3931 I chatty  : uid=1000(system) Binder:885_15 expire 1 line
04-14 15:36:37.645   885  3930 I chatty  : uid=1000(system) Binder:885_14 expire 3 lines
04-14 15:36:38.978   885  2222 I chatty  : uid=1000(system) Binder:885_8 expire 1 line
04-14 15:37:32.108   885  2653 I chatty  : uid=1000(system) Binder:885_E expire 2 lines
04-14 15:38:03.153   885   945 I chatty  : uid=1000(system) android.bg expire 1 line
04-14 15:40:35.868   885  3286 I chatty  : uid=1000(system) Binder:885_11 expire 3 lines
04-14 15:40:39.617   885  2236 I chatty  : uid=1000(system) Binder:885_D expire 5 lines
04-14 15:40:39.647   885  3286 I chatty  : uid=1000(system) Binder:885_11 expire 2 lines
04-14 15:40:40.194   885  1187 I chatty  : uid=1000(system) ConnectivitySer expire 9 lines
04-14 15:40:42.593   885   947 I chatty  : uid=1000(system) ActivityManager expire 91 lines
04-14 15:40:44.182   885   951 I chatty  : uid=1000(system) ActivityManager expire 6 lines
04-14 15:40:44.879   885  2766 I chatty  : uid=1000(system) Binder:885_10 expire 5 lines
04-14 15:40:53.403   885  1012 I chatty  : uid=1000(system) PackageManager expire 2 lines
04-14 15:40:53.570   885   885 I chatty  : uid=1000 system_server expire 4 lines
04-14 15:40:53.605   885   971 I chatty  : uid=1000(system) android.fg expire 2 lines
04-14 15:40:56.127   885  2098 I chatty  : uid=1000(system) backup expire 2 lines
04-14 15:40:59.193   885  3933 I chatty  : uid=1000(system) Binder:885_16 expire 2 lines
04-14 15:40:59.713   885  2222 I chatty  : uid=1000(system) Binder:885_8 expire 7 lines
04-14 15:40:59.816   885  7797 I chatty  : uid=1000(system) Binder:885_1E expire 2 lines
04-14 15:41:01.090   885  1160 I chatty  : uid=1000(system) InputDispatcher expire 1 line
04-14 15:41:07.303   885   945 I chatty  : uid=1000(system) android.bg expire 1 line
04-14 15:41:10.537   885  1780 I chatty  : uid=1000(system) Binder:885_7 expire 8 lines
04-14 15:41:17.345   885  4737 I chatty  : uid=1000(system) Binder:885_19 expire 2 lines
04-14 15:41:34.632   885  1390 I chatty  : uid=1000(system) Binder:885_4 expire 1 line
04-14 15:41:42.458   885  8734 I chatty  : uid=1000(system) Binder:885_20 expire 2 lines
04-14 15:41:44.652   885   908 I chatty  : uid=1000(system) Binder:885_2 expire 1 line
04-14 15:41:44.810 15867 15945 E ActivityThread: Failed to find provider info for com.android.launcher3.cornermark.unreadbadge
04-14 15:41:48.441   885  3930 I chatty  : uid=1000(system) Binder:885_14 expire 2 lines
04-14 15:41:52.745   885   947 I chatty  : uid=1000(system) ActivityManager expire 24 lines
04-14 15:42:42.422   885  7376 I chatty  : uid=1000(system) Binder:885_1D expire 1 line
04-14 15:43:00.262   885  1705 I chatty  : uid=1000(system) HwBinder:885_5 expire 1 line
04-14 15:43:00.419   885   956 I chatty  : uid=1000(system) batterystats-wo expire 3 lines
04-14 15:43:01.301   885   971 I chatty  : uid=1000(system) android.fg expire 5 lines
04-14 15:43:01.330   885  8734 I chatty  : uid=1000(system) Binder:885_20 expire 3 lines
04-14 15:43:02.522   885  7376 I chatty  : uid=1000(system) Binder:885_1D expire 2 lines
04-14 15:43:02.522   885  1187 I chatty  : uid=1000(system) ConnectivitySer expire 7 lines
04-14 15:43:02.523   885  2766 I chatty  : uid=1000(system) Binder:885_10 expire 2 lines
04-14 15:43:02.528   885  1376 I chatty  : uid=1000(system) Binder:885_3 expire 6 lines
04-14 15:43:02.531   885  3643 I chatty  : uid=1000(system) Binder:885_13 expire 8 lines
04-14 15:43:02.991   885   947 I chatty  : uid=1000(system) ActivityManager expire 243 lines
04-14 15:43:18.619   885   885 I chatty  : uid=1000 system_server expire 17 lines
04-14 15:47:50.218   885  3286 I chatty  : uid=1000(system) Binder:885_11 expire 6 lines
04-14 15:48:05.836   885  7240 I chatty  : uid=1000(system) Binder:885_1C expire 7 lines
04-14 15:48:56.173   885  1160 I chatty  : uid=1000(system) InputDispatcher expire 3 lines
04-14 15:49:18.733   885  2722 I chatty  : uid=1000(system) Binder:885_F expire 1 line
04-14 15:49:39.971   885  2236 I chatty  : uid=1000(system) Binder:885_D expire 3 lines
04-14 15:50:51.630   885  1705 I chatty  : uid=1000(system) HwBinder:885_5 expire 3 lines
04-14 15:50:52.264   885   973 I chatty  : uid=1000(system) android.io expire 1 line
04-14 15:50:52.951   885  1916 I chatty  : uid=1000(system) UsbDebuggingMan expire 1 line
04-14 15:52:50.682   885  4589 I chatty  : uid=1000(system) Binder:885_18 expire 3 lines
04-14 15:52:50.861   885  1192 I chatty  : uid=1000(system) NsdService expire 12 lines
04-14 15:52:51.804   885  2225 I chatty  : uid=1000(system) Binder:885_B expire 3 lines
04-14 15:52:59.164   885   974 I chatty  : uid=1000(system) android.display expire 2 lines
04-14 16:00:01.184   885  6848 I chatty  : uid=1000(system) Binder:885_1B expire 5 lines
04-14 16:00:12.843   885   974 I chatty  : uid=1000(system) android.display expire 4 lines
04-14 16:00:13.890   885  2766 I chatty  : uid=1000(system) Binder:885_10 expire 3 lines
04-14 16:00:15.507   885   885 I chatty  : uid=1000 system_server expire 14 lines
04-14 16:00:18.067   885   947 I chatty  : uid=1000(system) ActivityManager expire 411 lines
04-14 16:00:20.776  1391  1391 V DeadZone: consuming errant click: (77.0,14.0)
04-14 16:00:20.777  1391  1391 V DeadZone: consuming errant click: (77.0,14.0)
04-14 16:01:02.058   885  3934 I chatty  : uid=1000(system) Binder:885_17 expire 2 lines
04-14 16:01:02.290   885   951 I chatty  : uid=1000(system) ActivityManager expire 19 lines
04-14 16:01:02.368   885  1376 I chatty  : uid=1000(system) Binder:885_3 expire 3 lines
04-14 16:01:04.068   885  8734 I chatty  : uid=1000(system) Binder:885_20 expire 2 lines
04-14 16:01:07.426   885   945 I chatty  : uid=1000(system) android.bg expire 2 lines
04-14 16:01:17.553   885  1160 I chatty  : uid=1000(system) InputDispatcher expire 1 line
04-14 16:01:23.440   885  1187 I chatty  : uid=1000(system) ConnectivitySer expire 6 lines
04-14 16:03:11.045   885  2722 I chatty  : uid=1000(system) Binder:885_F expire 1 line
04-14 16:03:12.773   885  3286 I chatty  : uid=1000(system) Binder:885_11 expire 4 lines
04-14 16:04:18.345   885  4589 I chatty  : uid=1000(system) Binder:885_18 expire 6 lines
04-14 16:04:27.075   885  2224 I chatty  : uid=1000(system) Binder:885_A expire 10 lines
04-14 16:04:55.259   885  2653 I chatty  : uid=1000(system) Binder:885_E expire 5 lines
04-14 16:07:17.248   885   956 I chatty  : uid=1000(system) batterystats-wo expire 2 lines
04-14 16:19:47.827   885  2098 I chatty  : uid=1000(system) backup expire 12 lines
04-14 16:29:47.691   885  1155 I chatty  : uid=1000(system) AlarmManager expire 1 line
04-14 16:29:52.413   885  4737 I chatty  : uid=1000(system) Binder:885_19 expire 2 lines
04-14 16:29:53.904   885  7240 I chatty  : uid=1000(system) Binder:885_1C expire 2 lines
04-14 16:29:54.399   885  7797 I chatty  : uid=1000(system) Binder:885_1E expire 1 line
04-14 16:29:56.634   885  3931 I chatty  : uid=1000(system) Binder:885_15 expire 1 line
04-14 16:29:58.583   885  2223 I chatty  : uid=1000(system) Binder:885_9 expire 1 line
04-14 16:29:58.761   885  2229 I chatty  : uid=1000(system) Binder:885_C expire 4 lines
04-14 16:30:06.031   885  8734 I chatty  : uid=1000(system) Binder:885_20 expire 1 line
04-14 16:30:07.616   885  2236 I chatty  : uid=1000(system) Binder:885_D expire 1 line
04-14 16:30:08.533   885   885 I chatty  : uid=1000 system_server expire 6 lines
04-14 16:30:09.384   885  2224 I chatty  : uid=1000(system) Binder:885_A expire 3 lines
04-14 16:30:10.934   885  1187 I chatty  : uid=1000(system) ConnectivitySer expire 12 lines
04-14 16:30:13.880   885   951 I chatty  : uid=1000(system) ActivityManager expire 15 lines
04-14 16:30:15.028   885   947 I chatty  : uid=1000(system) ActivityManager expire 210 lines
04-14 16:30:19.491   885  1533 I chatty  : uid=1000(system) Binder:885_6 expire 5 lines
04-14 16:30:24.146   885  2225 I chatty  : uid=1000(system) Binder:885_B expire 2 lines
04-14 16:30:24.280   885  4589 I chatty  : uid=1000(system) Binder:885_18 expire 4 lines
04-14 16:30:26.300   885  1390 I chatty  : uid=1000(system) Binder:885_4 expire 5 lines
04-14 16:30:27.453   885  3931 I chatty  : uid=1000(system) Binder:885_15 expire 1 line
04-14 16:30:30.994   885  6848 I chatty  : uid=1000(system) Binder:885_1B expire 4 lines
04-14 16:30:31.912   885  7240 I chatty  : uid=1000(system) Binder:885_1C expire 2 lines
04-14 16:30:34.332   885  2653 I chatty  : uid=1000(system) Binder:885_E expire 2 lines
04-14 16:30:38.231   885  3933 I chatty  : uid=1000(system) Binder:885_16 expire 3 lines
04-14 16:30:49.447   885  3643 I chatty  : uid=1000(system) Binder:885_13 expire 3 lines
04-14 16:30:55.738   885  1531 I chatty  : uid=1000(system) Binder:885_5 expire 3 lines
04-14 16:31:28.905   885  2722 I chatty  : uid=1000(system) Binder:885_F expire 4 lines
04-14 16:32:24.108   885   907 I chatty  : uid=1000(system) Binder:885_1 expire 3 lines
04-14 16:32:27.701   885  3286 I chatty  : uid=1000(system) Binder:885_11 expire 4 lines
04-14 16:33:39.622   885  1780 I chatty  : uid=1000(system) Binder:885_7 expire 2 lines
04-14 16:33:42.601   885  2222 I chatty  : uid=1000(system) Binder:885_8 expire 4 lines
04-14 16:33:42.601   885  2223 I chatty  : uid=1000(system) Binder:885_9 expire 1 line
04-14 16:36:48.254   885   981 I chatty  : uid=1000(system) PowerManagerSer expire 5 lines
04-14 16:36:48.820   885   974 I chatty  : uid=1000(system) android.display expire 1 line
04-14 16:36:49.090   885   971 I chatty  : uid=1000(system) android.fg expire 1 line
04-14 16:37:17.355   885   956 I chatty  : uid=1000(system) batterystats-wo expire 1 line
04-14 16:37:27.021   885   973 I chatty  : uid=1000(system) android.io expire 2 lines
04-14 16:38:39.861   885  4774 I chatty  : uid=1000(system) Binder:885_1A expire 2 lines
04-14 16:45:07.926   885   945 I chatty  : uid=1000(system) android.bg expire 1 line
04-14 16:45:13.919   885  7376 I chatty  : uid=1000(system) Binder:885_1D expire 2 lines
04-14 16:45:13.922   885  1187 I chatty  : uid=1000(system) ConnectivitySer expire 10 lines
04-14 16:45:18.419   885   947 I chatty  : uid=1000(system) ActivityManager expire 423 lines
04-14 16:45:26.324   885  3934 I chatty  : uid=1000(system) Binder:885_17 expire 3 lines
04-14 16:46:11.237   885  1533 I chatty  : uid=1000(system) Binder:885_6 expire 1 line
04-14 16:47:58.684   885   951 I chatty  : uid=1000(system) ActivityManager expire 14 lines
04-14 16:48:27.894   885  2224 I chatty  : uid=1000(system) Binder:885_A expire 1 line
04-14 16:49:48.038   885  2223 I chatty  : uid=1000(system) Binder:885_9 expire 1 line
04-14 16:52:39.907   885  1780 I chatty  : uid=1000(system) Binder:885_7 expire 3 lines
04-14 16:52:51.178   885  2653 I chatty  : uid=1000(system) Binder:885_E expire 2 lines
04-14 16:52:56.124   885  3286 I chatty  : uid=1000(system) Binder:885_11 expire 4 lines
04-14 16:53:04.089   885   885 I chatty  : uid=1000 system_server expire 5 lines
04-14 16:53:16.053   885  4589 I chatty  : uid=1000(system) Binder:885_18 expire 4 lines
04-14 16:56:36.665   885  2766 I chatty  : uid=1000(system) Binder:885_10 expire 1 line
04-14 16:56:58.261   885  8734 I chatty  : uid=1000(system) Binder:885_20 expire 1 line
04-14 16:56:58.354   885  1390 I chatty  : uid=1000(system) Binder:885_4 expire 4 lines
04-14 17:05:08.777   885   945 I chatty  : uid=1000(system) android.bg expire 1 line
04-14 17:07:17.395   885   956 I chatty  : uid=1000(system) batterystats-wo expire 1 line
04-14 17:12:40.738   885  1155 I chatty  : uid=1000(system) AlarmManager expire 1 line
04-14 17:13:56.333   885  4737 I chatty  : uid=1000(system) Binder:885_19 expire 1 line
04-14 17:13:56.898   885  2222 I chatty  : uid=1000(system) Binder:885_8 expire 1 line
04-14 17:15:04.474   885  7797 I chatty  : uid=1000(system) Binder:885_1E expire 2 lines
04-14 17:15:04.660   885  2236 I chatty  : uid=1000(system) Binder:885_D expire 1 line
04-14 17:15:12.410 24449 24598 E ActivityThread: Failed to find provider info for com.android.launcher3.cornermark.unreadbadge
04-14 17:15:18.571   885   947 I chatty  : uid=1000(system) ActivityManager expire 106 lines
04-14 17:16:11.474   885  2722 I chatty  : uid=1000(system) Binder:885_F expire 8 lines
04-14 17:16:11.645   885  1187 I chatty  : uid=1000(system) ConnectivitySer expire 2 lines
04-14 17:22:47.456   885  6848 I chatty  : uid=1000(system) Binder:885_1B expire 1 line
04-14 17:22:48.515   885   951 I chatty  : uid=1000(system) ActivityManager expire 3 lines
04-14 17:22:54.888   885  7240 I chatty  : uid=1000(system) Binder:885_1C expire 1 line
04-14 17:23:09.076   885  1012 I chatty  : uid=1000(system) PackageManager expire 41 lines
04-14 17:23:09.363   885  3286 I chatty  : uid=1000(system) Binder:885_11 expire 7 lines
04-14 17:23:11.364   885   947 I chatty  : uid=1000(system) ActivityManager expire 116 lines
04-14 17:23:13.477   885   951 I chatty  : uid=1000(system) ActivityManager expire 5 lines
04-14 17:23:13.740   885   885 I chatty  : uid=1000 system_server expire 14 lines
04-14 17:23:13.885   885  7797 I chatty  : uid=1000(system) Binder:885_1E expire 1 line
04-14 17:23:14.047   885  3933 I chatty  : uid=1000(system) Binder:885_16 expire 2 lines
04-14 17:23:44.259   885  4737 I chatty  : uid=1000(system) Binder:885_19 expire 1 line
04-14 17:23:54.330   885  2224 I chatty  : uid=1000(system) Binder:885_A expire 1 line
04-14 17:24:34.261   885  2229 I chatty  : uid=1000(system) Binder:885_C expire 2 lines
04-14 17:24:34.538   885  2236 I chatty  : uid=1000(system) Binder:885_D expire 1 line
04-14 17:24:41.148   885  8734 I chatty  : uid=1000(system) Binder:885_20 expire 2 lines
04-14 17:25:13.148   885  2722 I chatty  : uid=1000(system) Binder:885_F expire 1 line
04-14 17:25:13.758   885  3643 I chatty  : uid=1000(system) Binder:885_13 expire 1 line
04-14 17:25:13.848   885  1187 I chatty  : uid=1000(system) ConnectivitySer expire 1 line
04-14 17:25:30.949   885  4774 I chatty  : uid=1000(system) Binder:885_1A expire 5 lines
04-14 17:25:30.950   885   947 I chatty  : uid=1000(system) ActivityManager expire 118 lines
04-14 17:25:31.174   885  3286 I chatty  : uid=1000(system) Binder:885_11 expire 4 lines
04-14 17:25:31.216   885   951 I chatty  : uid=1000(system) ActivityManager expire 12 lines
04-14 17:25:38.065   885  8447 I chatty  : uid=1000(system) Binder:885_1F expire 3 lines
04-14 17:27:13.418   885  2225 I chatty  : uid=1000(system) Binder:885_B expire 5 lines
04-14 17:27:23.721   885   885 I chatty  : uid=1000 system_server expire 4 lines
04-14 17:27:36.952   885   908 I chatty  : uid=1000(system) Binder:885_2 expire 3 lines
04-14 17:29:59.897   885  2229 I chatty  : uid=1000(system) Binder:885_C expire 2 lines
04-14 17:30:00.277   885  4737 I chatty  : uid=1000(system) Binder:885_19 expire 1 line
04-14 17:30:00.277   885  2236 I chatty  : uid=1000(system) Binder:885_D expire 1 line
04-14 17:30:00.278   885  2722 I chatty  : uid=1000(system) Binder:885_F expire 5 lines
04-14 17:30:00.278   885  1187 I chatty  : uid=1000(system) ConnectivitySer expire 13 lines
04-14 17:30:03.500   885  3643 I chatty  : uid=1000(system) Binder:885_13 expire 3 lines
04-14 17:30:24.342   885  3934 I chatty  : uid=1000(system) Binder:885_17 expire 10 lines
04-14 17:30:47.594   885  2766 I chatty  : uid=1000(system) Binder:885_10 expire 1 line
04-14 17:31:07.698   885  2224 I chatty  : uid=1000(system) Binder:885_A expire 2 lines
04-14 17:31:22.770   885  2653 I chatty  : uid=1000(system) Binder:885_E expire 2 lines
04-14 17:32:03.209 26362 26443 E ActivityThread: Failed to find provider info for com.android.launcher3.cornermark.unreadbadge
04-14 17:32:12.466   885   945 I chatty  : uid=1000(system) android.bg expire 1 line
04-14 17:32:13.103   885   947 I chatty  : uid=1000(system) ActivityManager expire 65 lines
04-14 17:32:52.385   885   951 I chatty  : uid=1000(system) ActivityManager expire 8 lines
04-14 17:33:21.784   885  2222 I chatty  : uid=1000(system) Binder:885_8 expire 3 lines
04-14 17:33:43.736   885  1155 I chatty  : uid=1000(system) AlarmManager expire 2 lines
04-14 17:33:43.827   885  1390 I chatty  : uid=1000(system) Binder:885_4 expire 1 line
04-14 17:34:10.660   885  3298 I chatty  : uid=1000(system) Binder:885_12 expire 1 line
04-14 17:35:35.996   885  1012 I chatty  : uid=1000(system) PackageManager expire 4 lines
04-14 17:35:46.094   885  7797 I chatty  : uid=1000(system) Binder:885_1E expire 5 lines
04-14 17:35:46.098   885   947 I chatty  : uid=1000(system) ActivityManager expire 149 lines
04-14 17:35:47.690   885   951 I chatty  : uid=1000(system) ActivityManager expire 3 lines
04-14 17:35:48.552   885  4589 I chatty  : uid=1000(system) Binder:885_18 expire 3 lines
04-14 17:35:49.923   885  3931 I chatty  : uid=1000(system) Binder:885_15 expire 1 line
04-14 17:36:01.084   885  4774 I chatty  : uid=1000(system) Binder:885_1A expire 1 line
04-14 17:36:26.611   885  1376 I chatty  : uid=1000(system) Binder:885_3 expire 1 line
04-14 17:36:42.117   885  1012 I chatty  : uid=1000(system) PackageManager expire 74 lines
04-14 17:36:44.775   885   885 I chatty  : uid=1000 system_server expire 29 lines
04-14 17:36:45.170   885  1531 I chatty  : uid=1000(system) Binder:885_5 expire 3 lines
04-14 17:37:17.416   885   956 I chatty  : uid=1000(system) batterystats-wo expire 1 line
04-14 17:37:38.419   885  2223 I chatty  : uid=1000(system) Binder:885_9 expire 2 lines
04-14 17:38:01.661   885   908 I chatty  : uid=1000(system) Binder:885_2 expire 1 line
04-14 17:41:36.145   885  1187 I chatty  : uid=1000(system) ConnectivitySer expire 2 lines
04-14 17:41:36.146   885  7376 I chatty  : uid=1000(system) Binder:885_1D expire 1 line
04-14 17:41:36.448   885  1390 I chatty  : uid=1000(system) Binder:885_4 expire 2 lines
04-14 17:41:36.448   885   907 I chatty  : uid=1000(system) Binder:885_1 expire 2 lines
04-14 17:41:36.449   885  1187 I chatty  : uid=1000(system) ConnectivitySer expire 14 lines
04-14 17:41:36.453   885  8447 I chatty  : uid=1000(system) Binder:885_1F expire 3 lines
04-14 17:41:36.489   885   974 I chatty  : uid=1000(system) android.display expire 4 lines
04-14 17:41:36.490   885   949 I chatty  : uid=1000(system) android.ui expire 3 lines
04-14 17:41:36.495   885   971 I chatty  : uid=1000(system) android.fg expire 1 line
04-14 17:41:36.555   885  1390 I chatty  : uid=1000(system) Binder:885_4 expire 2 lines
04-14 17:41:36.810   885  7797 I chatty  : uid=1000(system) Binder:885_1E expire 4 lines
04-14 17:41:36.979   885  3286 I chatty  : uid=1000(system) Binder:885_11 expire 4 lines
04-14 17:41:36.979   885  4589 I chatty  : uid=1000(system) Binder:885_18 expire 5 lines
04-14 17:41:37.146   885   951 I chatty  : uid=1000(system) ActivityManager expire 16 lines
04-14 17:41:37.166   885   947 I chatty  : uid=1000(system) ActivityManager expire 164 lines
04-14 17:41:49.601   885  3933 I chatty  : uid=1000(system) Binder:885_16 expire 10 lines
04-14 17:41:50.049   885   885 I chatty  : uid=1000 system_server expire 21 lines
04-14 17:41:51.523   885  7376 I chatty  : uid=1000(system) Binder:885_1D expire 1 line
04-14 17:42:06.837   885  1012 I chatty  : uid=1000(system) PackageManager expire 21 lines
04-14 17:42:07.002   885  2223 I chatty  : uid=1000(system) Binder:885_9 expire 2 lines
04-14 17:42:07.002   885  3298 I chatty  : uid=1000(system) Binder:885_12 expire 3 lines
04-14 17:42:07.253   885  2224 I chatty  : uid=1000(system) Binder:885_A expire 4 lines
04-14 17:42:07.926   885  4737 I chatty  : uid=1000(system) Binder:885_19 expire 4 lines
04-14 17:42:08.360   885  6848 I chatty  : uid=1000(system) Binder:885_1B expire 2 lines
04-14 17:42:13.039   885  7240 I chatty  : uid=1000(system) Binder:885_1C expire 4 lines
04-14 17:42:24.079   885  2229 I chatty  : uid=1000(system) Binder:885_C expire 1 line
04-14 17:42:53.081   885  2236 I chatty  : uid=1000(system) Binder:885_D expire 1 line
04-14 17:45:03.611   885  1173 I chatty  : uid=1000(system) NetworkStats expire 1 line
04-14 17:48:52.383   885   956 I chatty  : uid=1000(system) batterystats-wo expire 9 lines
04-14 17:49:09.947   885   947 I chatty  : uid=1000(system) ActivityManager expire 16 lines
04-14 17:49:10.112   885   885 I chatty  : uid=1000 system_server expire 24 lines
04-14 17:49:10.131   885  3934 I chatty  : uid=1000(system) Binder:885_17 expire 1 line
04-14 17:49:10.190   885   951 I chatty  : uid=1000(system) ActivityManager expire 19 lines
04-14 17:49:13.005 27476 27597 E ActivityThread: Failed to find provider info for com.android.launcher3.cornermark.unreadbadge
04-14 17:49:14.124   885  2236 I chatty  : uid=1000(system) Binder:885_D expire 2 lines
04-14 17:49:20.885   885  2225 I chatty  : uid=1000(system) Binder:885_B expire 2 lines
04-14 17:49:24.833   885  7797 I chatty  : uid=1000(system) Binder:885_1E expire 11 lines
04-14 17:49:30.351   885  1164 I chatty  : uid=1000(system) NetworkWatchlis expire 2 lines
04-14 17:49:33.535 25001 25019 D DownloadManager: Removed 5 stale downloads
04-14 17:49:33.633 25001 25019 D DownloadManager: Found 11 files in database
04-14 17:49:33.633 25001 25019 D DownloadManager: Found 4 files on disk
04-14 17:49:34.789   885   947 I chatty  : uid=1000(system) ActivityManager expire 101 lines
04-14 17:49:36.144   885  3933 I chatty  : uid=1000(system) Binder:885_16 expire 13 lines
04-14 17:49:52.690   885  2224 I chatty  : uid=1000(system) Binder:885_A expire 2 lines
04-14 17:50:14.648   885  7240 I chatty  : uid=1000(system) Binder:885_1C expire 1 line
04-14 17:50:14.783   885  2222 I chatty  : uid=1000(system) Binder:885_8 expire 1 line
04-14 17:50:14.784   885  1187 I chatty  : uid=1000(system) ConnectivitySer expire 8 lines
04-14 17:50:19.859   885  2766 I chatty  : uid=1000(system) Binder:885_10 expire 1 line
04-14 17:50:43.003   885  7376 I chatty  : uid=1000(system) Binder:885_1D expire 7 lines
04-14 17:50:56.256   885 30078 I chatty  : uid=1000 system_server expire 3 lines
04-14 17:50:56.289   885  2653 I chatty  : uid=1000(system) Binder:885_E expire 1 line
04-14 17:50:57.614   885  1376 I chatty  : uid=1000(system) Binder:885_3 expire 2 lines
04-14 17:50:58.803   885  2098 I chatty  : uid=1000(system) backup expire 4 lines
04-14 17:51:03.038   885  4774 I chatty  : uid=1000(system) Binder:885_1A expire 4 lines
04-14 17:51:08.078   885   945 I chatty  : uid=1000(system) android.bg expire 2 lines
04-14 17:51:11.638   885  3286 I chatty  : uid=1000(system) Binder:885_11 expire 3 lines
04-14 17:51:25.278   885  2223 I chatty  : uid=1000(system) Binder:885_9 expire 2 lines
04-14 17:51:29.653   885  1533 I chatty  : uid=1000(system) Binder:885_6 expire 2 lines
04-14 17:51:37.320   885  2722 I chatty  : uid=1000(system) Binder:885_F expire 2 lines
04-14 17:51:50.832   885  3931 I chatty  : uid=1000(system) Binder:885_15 expire 6 lines
04-14 17:52:51.389   885 29676 I chatty  : uid=1000 system_server expire 1 line
04-14 17:52:55.447   885 30564 I chatty  : uid=1000 system_server expire 3 lines
04-14 17:53:44.838   885  1012 I chatty  : uid=1000(system) PackageManager expire 7 lines
04-14 17:54:00.244   885   907 I chatty  : uid=1000(system) Binder:885_1 expire 1 line
04-14 17:54:01.312   885  3298 I chatty  : uid=1000(system) Binder:885_12 expire 4 lines
04-14 17:54:01.361   885   947 I chatty  : uid=1000(system) ActivityManager expire 189 lines
04-14 17:54:03.908   885   951 I chatty  : uid=1000(system) ActivityManager expire 7 lines
04-14 17:54:05.218   885  1390 I chatty  : uid=1000(system) Binder:885_4 expire 3 lines
04-14 17:54:07.693   885  4774 I chatty  : uid=1000(system) Binder:885_1A expire 4 lines
04-14 17:54:22.157   885   885 I chatty  : uid=1000 system_server expire 49 lines
04-14 17:54:36.276   885  3930 I chatty  : uid=1000(system) Binder:885_14 expire 3 lines
04-14 17:55:33.545   885  2653 I chatty  : uid=1000(system) Binder:885_E expire 1 line
04-14 17:55:33.545   885  2223 I chatty  : uid=1000(system) Binder:885_9 expire 1 line
04-14 17:55:33.546   885  1187 I chatty  : uid=1000(system) ConnectivitySer expire 3 lines
04-14 17:57:57.705   885  2225 I chatty  : uid=1000(system) Binder:885_B expire 1 line
04-14 18:00:11.319   885  2224 I chatty  : uid=1000(system) Binder:885_A expire 3 lines
04-14 18:00:11.321   885  3934 I chatty  : uid=1000(system) Binder:885_17 expire 5 lines
04-14 18:00:45.304   885  1012 I chatty  : uid=1000(system) PackageManager expire 5 lines
04-14 18:01:01.777   885  1531 I chatty  : uid=1000(system) Binder:885_5 expire 4 lines
04-14 18:01:06.423   885  7376 I chatty  : uid=1000(system) Binder:885_1D expire 1 line
04-14 18:01:11.893   885  2236 I chatty  : uid=1000(system) Binder:885_D expire 2 lines
04-14 18:01:28.106   885  2229 I chatty  : uid=1000(system) Binder:885_C expire 1 line
04-14 18:04:52.465   885 31646 I chatty  : uid=1000 system_server expire 3 lines
04-14 18:04:54.980   885  2098 I chatty  : uid=1000(system) backup expire 12 lines
04-14 18:04:55.013   885 31665 I chatty  : uid=1000 system_server expire 7 lines
04-14 18:04:55.018   885  7797 I chatty  : uid=1000(system) Binder:885_1E expire 3 lines
04-14 18:04:57.756   885 31687 I chatty  : uid=1000 system_server expire 7 lines
04-14 18:05:00.368   885 31692 I chatty  : uid=1000 system_server expire 7 lines
04-14 18:05:03.030   885 31697 I chatty  : uid=1000 system_server expire 7 lines
04-14 18:05:05.625   885 31705 I chatty  : uid=1000 system_server expire 7 lines
04-14 18:05:08.373   885   885 I chatty  : uid=1000 system_server expire 66 lines
04-14 18:05:08.393   885 31706 I chatty  : uid=1000 system_server expire 7 lines
04-14 18:05:08.399   885  1376 I chatty  : uid=1000(system) Binder:885_3 expire 1 line
04-14 18:05:11.427   885  2098 I chatty  : uid=1000(system) backup expire 22 lines
04-14 18:05:11.454   885 31707 I chatty  : uid=1000 system_server expire 6 lines
04-14 18:05:11.460   885  7797 I chatty  : uid=1000(system) Binder:885_1E expire 1 line
04-14 18:05:14.067   885 31748 I chatty  : uid=1000 system_server expire 7 lines
04-14 18:05:14.093   885  3933 I chatty  : uid=1000(system) Binder:885_16 expire 1 line
04-14 18:05:16.704   885 31804 I chatty  : uid=1000 system_server expire 7 lines
04-14 18:05:16.718   885  2236 I chatty  : uid=1000(system) Binder:885_D expire 3 lines
04-14 18:05:17.477   885   947 I chatty  : uid=1000(system) ActivityManager expire 7 lines
04-14 18:05:19.327   885 31805 I chatty  : uid=1000 system_server expire 7 lines
04-14 18:05:19.355   885  7376 I chatty  : uid=1000(system) Binder:885_1D expire 2 lines
04-14 18:05:23.544   885 31821 I chatty  : uid=1000 system_server expire 7 lines
04-14 18:05:23.565   885  4774 I chatty  : uid=1000(system) Binder:885_1A expire 1 line
04-14 18:05:26.159   885  1012 I chatty  : uid=1000(system) PackageManager expire 28 lines
04-14 18:05:26.166   885 31828 I chatty  : uid=1000 system_server expire 7 lines
04-14 18:05:28.764   885 31835 I chatty  : uid=1000 system_server expire 7 lines
04-14 18:05:28.776   885  3643 I chatty  : uid=1000(system) Binder:885_13 expire 3 lines
04-14 18:05:31.378   885 31836 I chatty  : uid=1000 system_server expire 7 lines
04-14 18:05:33.991   885 31837 I chatty  : uid=1000 system_server expire 7 lines
04-14 18:05:36.612   885 31838 I chatty  : uid=1000 system_server expire 7 lines
04-14 18:05:39.233   885 31840 I chatty  : uid=1000 system_server expire 7 lines
04-14 18:05:39.996   885   885 I chatty  : uid=1000 system_server expire 70 lines
04-14 18:05:42.489   885  2098 I chatty  : uid=1000(system) backup expire 26 lines
04-14 18:05:42.514   885 31851 I chatty  : uid=1000 system_server expire 7 lines
04-14 18:05:42.535   885  7376 I chatty  : uid=1000(system) Binder:885_1D expire 5 lines
04-14 18:05:45.135   885 31854 I chatty  : uid=1000 system_server expire 7 lines
04-14 18:05:47.533   885   947 I chatty  : uid=1000(system) ActivityManager expire 12 lines
04-14 18:05:47.733   885 31856 I chatty  : uid=1000 system_server expire 7 lines
04-14 18:05:50.365   885 31857 I chatty  : uid=1000 system_server expire 6 lines
04-14 18:05:50.390   885  3933 I chatty  : uid=1000(system) Binder:885_16 expire 4 lines
04-14 18:05:54.019   885 31864 I chatty  : uid=1000 system_server expire 7 lines
04-14 18:05:56.651   885 31866 I chatty  : uid=1000 system_server expire 7 lines
04-14 18:05:56.661   885  2222 I chatty  : uid=1000(system) Binder:885_8 expire 2 lines
04-14 18:05:59.288   885 31867 I chatty  : uid=1000 system_server expire 7 lines
04-14 18:06:01.928   885 31874 I chatty  : uid=1000 system_server expire 7 lines
04-14 18:06:04.558   885 31876 I chatty  : uid=1000 system_server expire 7 lines
04-14 18:06:07.177   885 31883 I chatty  : uid=1000 system_server expire 7 lines
04-14 18:06:09.803   885 31885 I chatty  : uid=1000 system_server expire 7 lines
04-14 18:06:09.812   885  2236 I chatty  : uid=1000(system) Binder:885_D expire 2 lines
04-14 18:06:12.430   885 31886 I chatty  : uid=1000 system_server expire 7 lines
04-14 18:06:15.083   885 31889 I chatty  : uid=1000 system_server expire 7 lines
04-14 18:06:17.209   885  1012 I chatty  : uid=1000(system) PackageManager expire 2 lines
04-14 18:06:17.251   885   947 I chatty  : uid=1000(system) ActivityManager expire 32 lines
04-14 18:06:17.410   885   885 I chatty  : uid=1000 system_server expire 74 lines
04-14 18:06:17.752   885  2098 I chatty  : uid=1000(system) backup expire 18 lines
04-14 18:06:17.837   885  2722 I chatty  : uid=1000(system) Binder:885_F expire 2 lines
04-14 18:06:17.950   885 31939 I chatty  : uid=1000 system_server expire 7 lines
04-14 18:06:17.969   885  4774 I chatty  : uid=1000(system) Binder:885_1A expire 4 lines
04-14 18:06:18.048   885   951 I chatty  : uid=1000(system) ActivityManager expire 1 line
04-14 18:06:18.667 31946 31946 D ActivityThread: Loading provider com.google.android.gm.sapi: com.google.android.gm.sapi.SapiUiProvider
04-14 18:06:20.623   885 32014 I chatty  : uid=1000 system_server expire 6 lines
04-14 18:06:20.777   885  3643 I chatty  : uid=1000(system) Binder:885_13 expire 4 lines
04-14 18:06:23.251   885 32064 I chatty  : uid=1000 system_server expire 7 lines
04-14 18:06:25.866   885 32102 I chatty  : uid=1000 system_server expire 7 lines
04-14 18:06:25.871   885  2225 I chatty  : uid=1000(system) Binder:885_B expire 3 lines
04-14 18:06:28.443   885 32125 I chatty  : uid=1000 system_server expire 7 lines
04-14 18:06:28.454   885  3931 I chatty  : uid=1000(system) Binder:885_15 expire 1 line
04-14 18:06:31.714   885 32150 I chatty  : uid=1000 system_server expire 7 lines
04-14 18:06:31.745   885  1390 I chatty  : uid=1000(system) Binder:885_4 expire 1 line
04-14 18:06:34.484   885 32166 I chatty  : uid=1000 system_server expire 7 lines
04-14 18:06:37.113   885 32174 I chatty  : uid=1000 system_server expire 7 lines
04-14 18:06:39.863   885 32181 I chatty  : uid=1000 system_server expire 7 lines
04-14 18:06:42.409   885  2098 I chatty  : uid=1000(system) backup expire 24 lines
04-14 18:06:42.428   885   885 I chatty  : uid=1000 system_server expire 66 lines
04-14 18:06:42.501   885 32186 I chatty  : uid=1000 system_server expire 7 lines
04-14 18:06:42.513   885  2222 I chatty  : uid=1000(system) Binder:885_8 expire 2 lines
04-14 18:06:45.897   885 32190 I chatty  : uid=1000 system_server expire 7 lines
04-14 18:06:47.649   885   947 I chatty  : uid=1000(system) ActivityManager expire 8 lines
04-14 18:06:48.504   885 32198 I chatty  : uid=1000 system_server expire 7 lines
04-14 18:06:48.516   885  2766 I chatty  : uid=1000(system) Binder:885_10 expire 4 lines
04-14 18:06:51.138   885 32203 I chatty  : uid=1000 system_server expire 7 lines
04-14 18:06:53.715   885 32211 I chatty  : uid=1000 system_server expire 7 lines
04-14 18:06:53.723   885  3643 I chatty  : uid=1000(system) Binder:885_13 expire 3 lines
04-14 18:06:57.230   885 32214 I chatty  : uid=1000 system_server expire 7 lines
04-14 18:06:57.240   885  3931 I chatty  : uid=1000(system) Binder:885_15 expire 2 lines
04-14 18:06:59.887   885 32219 I chatty  : uid=1000 system_server expire 7 lines
04-14 18:07:02.528   885 32223 I chatty  : uid=1000 system_server expire 7 lines
04-14 18:07:05.217   885 32226 I chatty  : uid=1000 system_server expire 7 lines
04-14 18:07:07.531   885  1012 I chatty  : uid=1000(system) PackageManager expire 4 lines
04-14 18:07:07.940   885 32232 I chatty  : uid=1000 system_server expire 7 lines
04-14 18:07:10.584   885 32237 I chatty  : uid=1000 system_server expire 7 lines
04-14 18:07:13.227   885 32244 I chatty  : uid=1000 system_server expire 2 lines
04-14 18:07:13.248   885  2225 I chatty  : uid=1000(system) Binder:885_B expire 5 lines
04-14 18:07:13.265   885 32244 I chatty  : uid=1000 system_server expire 5 lines
04-14 18:07:15.806   885  2098 I chatty  : uid=1000(system) backup expire 24 lines
04-14 18:07:15.811   885   885 I chatty  : uid=1000 system_server expire 63 lines
04-14 18:07:15.829   885 32248 I chatty  : uid=1000 system_server expire 7 lines
04-14 18:07:15.834   885  2766 I chatty  : uid=1000(system) Binder:885_10 expire 1 line
04-14 18:07:17.370   885   956 I chatty  : uid=1000(system) batterystats-wo expire 1 line
04-14 18:07:17.909   885   947 I chatty  : uid=1000(system) ActivityManager expire 6 lines
04-14 18:07:18.427   885 32252 I chatty  : uid=1000 system_server expire 7 lines
04-14 18:07:18.431   885  3643 I chatty  : uid=1000(system) Binder:885_13 expire 1 line
04-14 18:07:21.034   885 32255 I chatty  : uid=1000 system_server expire 7 lines
04-14 18:07:23.697   885 32256 I chatty  : uid=1000 system_server expire 7 lines
04-14 18:07:23.708   885  1780 I chatty  : uid=1000(system) Binder:885_7 expire 2 lines
04-14 18:07:26.350   885 32257 I chatty  : uid=1000 system_server expire 7 lines
04-14 18:07:26.371   885  8734 I chatty  : uid=1000(system) Binder:885_20 expire 3 lines
04-14 18:07:28.968   885 32269 I chatty  : uid=1000 system_server expire 7 lines
04-14 18:07:32.556   885 32272 I chatty  : uid=1000 system_server expire 7 lines
04-14 18:07:35.147   885 32273 I chatty  : uid=1000 system_server expire 7 lines
04-14 18:07:35.152   885  3934 I chatty  : uid=1000(system) Binder:885_17 expire 1 line
04-14 18:07:37.739   885 32274 I chatty  : uid=1000 system_server expire 7 lines
04-14 18:07:40.347   885 32275 I chatty  : uid=1000 system_server expire 7 lines
04-14 18:07:42.955   885 32280 I chatty  : uid=1000 system_server expire 7 lines
04-14 18:07:45.571   885 32281 I chatty  : uid=1000 system_server expire 7 lines
04-14 18:07:47.969   885   947 I chatty  : uid=1000(system) ActivityManager expire 10 lines
04-14 18:07:48.157   885  2098 I chatty  : uid=1000(system) backup expire 22 lines
04-14 18:07:48.160   885   885 I chatty  : uid=1000 system_server expire 62 lines
04-14 18:07:48.181   885 32284 I chatty  : uid=1000 system_server expire 7 lines
04-14 18:07:48.192   885  3934 I chatty  : uid=1000(system) Binder:885_17 expire 5 lines
04-14 18:07:50.779   885 32285 I chatty  : uid=1000 system_server expire 7 lines
04-14 18:07:55.821   885 32291 I chatty  : uid=1000 system_server expire 7 lines
04-14 18:07:58.431   885 32296 I chatty  : uid=1000 system_server expire 6 lines
04-14 18:07:58.490   885  2223 I chatty  : uid=1000(system) Binder:885_9 expire 1 line
04-14 18:07:58.490   885  3931 I chatty  : uid=1000(system) Binder:885_15 expire 3 lines
04-14 18:07:58.507   885  8734 I chatty  : uid=1000(system) Binder:885_20 expire 1 line
04-14 18:07:58.513   885  7797 I chatty  : uid=1000(system) Binder:885_1E expire 3 lines
04-14 18:07:58.519   885   974 I chatty  : uid=1000(system) android.display expire 2 lines
04-14 18:07:58.611   885   951 I chatty  : uid=1000(system) ActivityManager expire 2 lines
04-14 18:08:01.045   885 32339 I chatty  : uid=1000 system_server expire 7 lines
04-14 18:08:01.053   885  1390 I chatty  : uid=1000(system) Binder:885_4 expire 2 lines
04-14 18:08:03.678   885 32367 I chatty  : uid=1000 system_server expire 7 lines
04-14 18:08:03.703   885  2224 I chatty  : uid=1000(system) Binder:885_A expire 1 line
04-14 18:08:06.276   885 32373 I chatty  : uid=1000 system_server expire 7 lines
04-14 18:08:08.889   885 32376 I chatty  : uid=1000 system_server expire 7 lines
04-14 18:08:11.482   885 32378 I chatty  : uid=1000 system_server expire 7 lines
04-14 18:08:15.636   885 32381 I chatty  : uid=1000 system_server expire 7 lines
04-14 18:08:18.280   885 32385 I chatty  : uid=1000 system_server expire 7 lines
04-14 18:08:18.283   885  7797 I chatty  : uid=1000(system) Binder:885_1E expire 1 line
04-14 18:08:20.889   885  2098 I chatty  : uid=1000(system) backup expire 6 lines
04-14 18:08:20.894   885   885 I chatty  : uid=1000 system_server expire 31 lines
04-14 18:08:20.915   885 32386 I chatty  : uid=1000 system_server expire 7 lines
04-14 18:08:20.919   885  2224 I chatty  : uid=1000(system) Binder:885_A expire 3 lines
04-14 18:08:23.518   885 32387 I chatty  : uid=1000 system_server expire 7 lines
04-14 18:08:23.526   885  3934 I chatty  : uid=1000(system) Binder:885_17 expire 1 line
04-14 18:08:28.032   885   947 I chatty  : uid=1000(system) ActivityManager expire 130 lines
04-14 18:10:23.931   885  1012 I chatty  : uid=1000(system) PackageManager expire 12 lines
04-14 18:10:24.565   885  4737 I chatty  : uid=1000(system) Binder:885_19 expire 1 line
04-14 18:10:24.721   885  2236 I chatty  : uid=1000(system) Binder:885_D expire 1 line
04-14 18:10:24.767   885   951 I chatty  : uid=1000(system) ActivityManager expire 2 lines
04-14 18:10:27.419   885  1390 I chatty  : uid=1000(system) Binder:885_4 expire 1 line
04-14 18:10:46.109   885  7376 I chatty  : uid=1000(system) Binder:885_1D expire 1 line
04-14 18:11:26.387   885  3298 I chatty  : uid=1000(system) Binder:885_12 expire 1 line
04-14 18:11:27.767   885  8447 I chatty  : uid=1000(system) Binder:885_1F expire 1 line
04-14 18:11:28.545   885  2229 I chatty  : uid=1000(system) Binder:885_C expire 2 lines
04-14 18:11:28.575   885  2222 I chatty  : uid=1000(system) Binder:885_8 expire 2 lines
04-14 18:11:28.589   885   956 I chatty  : uid=1000(system) batterystats-wo expire 1 line
04-14 18:12:15.993   885   885 I chatty  : uid=1000 system_server expire 34 lines
04-14 18:12:16.444   885  2236 I chatty  : uid=1000(system) Binder:885_D expire 2 lines
04-14 18:12:16.445   885   947 I chatty  : uid=1000(system) ActivityManager expire 92 lines
04-14 18:12:16.525   885  2722 I chatty  : uid=1000(system) Binder:885_F expire 2 lines
04-14 18:12:16.548   885   951 I chatty  : uid=1000(system) ActivityManager expire 16 lines
04-14 18:12:20.745   885   908 I chatty  : uid=1000(system) Binder:885_2 expire 3 lines
04-14 18:12:28.604   885  1531 I chatty  : uid=1000(system) Binder:885_5 expire 3 lines
04-14 18:12:28.604   885  6848 I chatty  : uid=1000(system) Binder:885_1B expire 2 lines
04-14 18:12:28.606   885  3930 I chatty  : uid=1000(system) Binder:885_14 expire 1 line
04-14 18:12:28.607   885  1187 I chatty  : uid=1000(system) ConnectivitySer expire 9 lines
04-14 18:12:28.616   885  2766 I chatty  : uid=1000(system) Binder:885_10 expire 1 line
04-14 18:12:28.617   885  8447 I chatty  : uid=1000(system) Binder:885_1F expire 8 lines
04-14 18:12:28.617   885  1376 I chatty  : uid=1000(system) Binder:885_3 expire 1 line
04-14 18:12:56.415   885   945 I chatty  : uid=1000(system) android.bg expire 4 lines
04-14 18:13:11.116   885  1012 I chatty  : uid=1000(system) PackageManager expire 9 lines
04-14 18:13:39.828   885 31647 I chatty  : uid=1000 system_server expire 1 line
04-14 18:13:40.511   885  7797 I chatty  : uid=1000(system) Binder:885_1E expire 1 line
04-14 18:13:43.108   885  1390 I chatty  : uid=1000(system) Binder:885_4 expire 1 line
04-14 18:13:46.516   885  3934 I chatty  : uid=1000(system) Binder:885_17 expire 1 line
04-14 18:14:05.687   885  2229 I chatty  : uid=1000(system) Binder:885_C expire 7 lines
04-14 18:14:09.090   885  3643 I chatty  : uid=1000(system) Binder:885_13 expire 4 lines
04-14 18:14:09.091   885  3298 I chatty  : uid=1000(system) Binder:885_12 expire 2 lines
04-14 18:14:56.251   885  7240 I chatty  : uid=1000(system) Binder:885_1C expire 3 lines
04-14 18:15:00.514   885  2653 I chatty  : uid=1000(system) Binder:885_E expire 1 line
04-14 18:15:01.218   885  1533 I chatty  : uid=1000(system) Binder:885_6 expire 1 line
04-14 18:15:04.830   885  1780 I chatty  : uid=1000(system) Binder:885_7 expire 3 lines
04-14 18:15:09.243   885  1187 I chatty  : uid=1000(system) ConnectivitySer expire 19 lines
04-14 18:15:13.493   885  6848 I chatty  : uid=1000(system) Binder:885_1B expire 3 lines
04-14 18:15:16.729   885  2236 I chatty  : uid=1000(system) Binder:885_D expire 1 line
04-14 18:15:16.761   885   951 I chatty  : uid=1000(system) ActivityManager expire 23 lines
04-14 18:15:19.051   885   947 I chatty  : uid=1000(system) ActivityManager expire 57 lines
04-14 18:15:22.890   885  2653 I chatty  : uid=1000(system) Binder:885_E expire 5 lines
04-14 18:15:23.108   885  2225 I chatty  : uid=1000(system) Binder:885_B expire 2 lines
04-14 18:15:24.623   885   885 I chatty  : uid=1000 system_server expire 28 lines
04-14 18:15:26.813   885  1012 I chatty  : uid=1000(system) PackageManager expire 3 lines
04-14 18:15:28.306   885  1533 I chatty  : uid=1000(system) Binder:885_6 expire 4 lines
04-14 18:15:28.329   885  7240 I chatty  : uid=1000(system) Binder:885_1C expire 3 lines
04-14 18:15:30.037   885  1531 I chatty  : uid=1000(system) Binder:885_5 expire 3 lines
04-14 18:15:30.644   885  7797 I chatty  : uid=1000(system) Binder:885_1E expire 3 lines
04-14 18:15:34.868   885  3298 I chatty  : uid=1000(system) Binder:885_12 expire 10 lines
04-14 18:15:38.504   885  1390 I chatty  : uid=1000(system) Binder:885_4 expire 2 lines
04-14 18:15:43.517   885  2229 I chatty  : uid=1000(system) Binder:885_C expire 9 lines
04-14 18:15:48.069   885   908 I chatty  : uid=1000(system) Binder:885_2 expire 4 lines
04-14 18:15:54.667   885  3286 I chatty  : uid=1000(system) Binder:885_11 expire 2 lines
04-14 18:16:00.994   885  3933 I chatty  : uid=1000(system) Binder:885_16 expire 4 lines
04-14 18:16:07.343   885  4737 I chatty  : uid=1000(system) Binder:885_19 expire 5 lines
04-14 18:16:19.097   885  2223 I chatty  : uid=1000(system) Binder:885_9 expire 1 line
04-14 18:16:19.551   885  3643 I chatty  : uid=1000(system) Binder:885_13 expire 5 lines
04-14 18:16:26.342   885  4774 I chatty  : uid=1000(system) Binder:885_1A expire 3 lines
04-14 18:16:37.294   885   956 I chatty  : uid=1000(system) batterystats-wo expire 1 line
04-14 18:16:45.341   885  2224 I chatty  : uid=1000(system) Binder:885_A expire 1 line
04-14 18:16:47.400   885   907 I chatty  : uid=1000(system) Binder:885_1 expire 3 lines
04-14 18:16:52.269   885   947 I chatty  : uid=1000(system) ActivityManager expire 93 lines
04-14 18:16:54.660   885  4774 I chatty  : uid=1000(system) Binder:885_1A expire 1 line
04-14 18:16:54.663   885  2224 I chatty  : uid=1000(system) Binder:885_A expire 5 lines
04-14 18:16:55.614   885  1533 I chatty  : uid=1000(system) Binder:885_6 expire 12 lines
04-14 18:16:56.010   885  2766 I chatty  : uid=1000(system) Binder:885_10 expire 11 lines
04-14 18:16:58.215   885   951 I chatty  : uid=1000(system) ActivityManager expire 15 lines
04-14 18:17:13.230   885   885 I chatty  : uid=1000 system_server expire 14 lines
04-14 18:17:19.416   885  3643 I chatty  : uid=1000(system) Binder:885_13 expire 2 lines
04-14 18:17:19.480   885  3933 I chatty  : uid=1000(system) Binder:885_16 expire 5 lines
04-14 18:17:19.559   885  1187 I chatty  : uid=1000(system) ConnectivitySer expire 9 lines
04-14 18:17:42.757   885  2229 I chatty  : uid=1000(system) Binder:885_C expire 2 lines
04-14 18:19:24.706   885   981 I chatty  : uid=1000(system) PowerManagerSer expire 7 lines
04-14 18:19:24.737   885   974 I chatty  : uid=1000(system) android.display expire 3 lines
04-14 18:20:20.109   885  1012 I chatty  : uid=1000(system) PackageManager expire 6 lines
04-14 18:20:45.111   885  1531 I chatty  : uid=1000(system) Binder:885_5 expire 6 lines
04-14 18:20:45.111   885  2236 I chatty  : uid=1000(system) Binder:885_D expire 2 lines
04-14 18:20:48.303   885  3934 I chatty  : uid=1000(system) Binder:885_17 expire 7 lines
04-14 18:20:53.553   885  7376 I chatty  : uid=1000(system) Binder:885_1D expire 2 lines
