04-14 12:39:32.517   885  2098 I chatty  : uid=1000(system) backup expire 2 lines
04-14 12:39:33.794   885   951 I chatty  : uid=1000(system) ActivityManager expire 5 lines
04-14 12:39:34.196   885  7240 I chatty  : uid=1000(system) Binder:885_1C expire 5 lines
04-14 12:39:35.629   885  7376 I chatty  : uid=1000(system) Binder:885_1D expire 3 lines
04-14 12:39:35.653   885   974 I chatty  : uid=1000(system) android.display expire 1 line
04-14 12:39:38.784   885  2722 I chatty  : uid=1000(system) Binder:885_F expire 2 lines
04-14 12:39:38.879   885   947 I chatty  : uid=1000(system) ActivityManager expire 68 lines
04-14 12:39:38.891   885   951 I chatty  : uid=1000(system) ActivityManager expire 13 lines
04-14 12:39:40.829   885   885 I chatty  : uid=1000 system_server expire 17 lines
04-14 12:39:41.494   885  3931 I chatty  : uid=1000(system) Binder:885_15 expire 2 lines
04-14 12:39:41.508   885  7240 I chatty  : uid=1000(system) Binder:885_1C expire 2 lines
04-14 12:39:41.753   885  1115 I chatty  : uid=1000(system) PackageInstalle expire 6 lines
04-14 12:39:41.934   885  1012 I chatty  : uid=1000(system) PackageManager expire 14 lines
04-14 12:39:43.080   885  2222 I chatty  : uid=1000(system) Binder:885_8 expire 2 lines
04-14 12:39:43.418   885  7376 I chatty  : uid=1000(system) Binder:885_1D expire 2 lines
04-14 12:39:47.167   885  1364 I chatty  : uid=1000(system) SyncManager expire 2 lines
04-14 12:39:47.291   885  1533 I chatty  : uid=1000(system) Binder:885_6 expire 1 line
04-14 12:39:47.775  2022 22836 W PackageParser: Unknown element under <manifest>: queries at /data/user_de/0/com.google.android.gms/app_chimera/m/000000e1/dl-AdsFdrDynamite.integ_214106404100000.apk Binary XML file line #11
04-14 12:39:48.564  2022 22836 W PackageParser: Unknown element under <manifest>: queries at /data/user_de/0/com.google.android.gms/app_chimera/m/000000e1/dl-AdsFdrDynamite.integ_214106404100000.apk Binary XML file line #11
04-14 12:39:48.798  2022 22836 W PackageParser: Unknown element under <manifest>: queries at /data/user_de/0/com.google.android.gms/app_chimera/m/00000107/dl-Payments.integ_220980903100400.apk Binary XML file line #11
04-14 12:39:49.118  2022 22836 W PackageParser: Unknown element under <manifest>: queries at /data/user_de/0/com.google.android.gms/app_chimera/m/000000e1/dl-AdsFdrDynamite.integ_214106404100000.apk Binary XML file line #11
04-14 12:39:49.217  2022 22836 W PackageParser: Unknown element under <manifest>: queries at /data/user_de/0/com.google.android.gms/app_chimera/m/00000107/dl-Payments.integ_220980903100400.apk Binary XML file line #11
04-14 12:39:49.428  2022 22836 W PackageParser: Unknown element under <manifest>: queries at /data/user_de/0/com.google.android.gms/app_chimera/m/000000e1/dl-AdsFdrDynamite.integ_214106404100000.apk Binary XML file line #11
04-14 12:39:49.487  2022 22836 W PackageParser: Unknown element under <manifest>: queries at /data/user_de/0/com.google.android.gms/app_chimera/m/00000107/dl-Payments.integ_220980903100400.apk Binary XML file line #11
04-14 12:39:50.301   885  3643 I chatty  : uid=1000(system) Binder:885_13 expire 1 line
04-14 12:39:50.568   885   947 I chatty  : uid=1000(system) ActivityManager expire 30 lines
04-14 12:39:51.298  2022  3447 W PackageParser: Unknown element under <manifest>: queries at /data/user_de/0/com.google.android.gms/app_chimera/m/000000e1/dl-AdsFdrDynamite.integ_214106404100000.apk Binary XML file line #11
04-14 12:39:51.396  2022  3447 W PackageParser: Unknown element under <manifest>: queries at /data/user_de/0/com.google.android.gms/app_chimera/m/000000e1/dl-AdsFdrDynamite.integ_214106404100000.apk Binary XML file line #11
04-14 12:39:51.416  2022  3447 W PackageParser: Unknown element under <manifest>: queries at /data/user_de/0/com.google.android.gms/app_chimera/m/00000107/dl-Payments.integ_220980903100400.apk Binary XML file line #11
04-14 12:39:51.684  2022  3447 W PackageParser: Unknown element under <manifest>: queries at /data/user_de/0/com.google.android.gms/app_chimera/m/000000e1/dl-AdsFdrDynamite.integ_214106404100000.apk Binary XML file line #11
04-14 12:39:51.831  2022  3447 W PackageParser: Unknown element under <manifest>: queries at /data/user_de/0/com.google.android.gms/app_chimera/m/00000107/dl-Payments.integ_220980903100400.apk Binary XML file line #11
04-14 12:39:51.933   885  1780 I chatty  : uid=1000(system) Binder:885_7 expire 1 line
04-14 12:39:52.390  2022  3447 W PackageParser: Unknown element under <manifest>: queries at /data/user_de/0/com.google.android.gms/app_chimera/m/000000e1/dl-AdsFdrDynamite.integ_214106404100000.apk Binary XML file line #11
04-14 12:39:52.555  2022  3447 W PackageParser: Unknown element under <manifest>: queries at /data/user_de/0/com.google.android.gms/app_chimera/m/00000107/dl-Payments.integ_220980903100400.apk Binary XML file line #11
04-14 12:39:53.199   885   974 I chatty  : uid=1000(system) android.display expire 1 line
04-14 12:39:53.374   885  1012 I chatty  : uid=1000(system) PackageManager expire 2 lines
04-14 12:39:53.429   885  2223 I chatty  : uid=1000(system) Binder:885_9 expire 3 lines
04-14 12:39:53.999   885   947 I chatty  : uid=1000(system) ActivityManager expire 46 lines
04-14 12:39:54.753   885   951 I chatty  : uid=1000(system) ActivityManager expire 4 lines
04-14 12:39:55.605   885  2229 I chatty  : uid=1000(system) Binder:885_C expire 2 lines
04-14 12:39:56.139   885  2098 I chatty  : uid=1000(system) backup expire 2 lines
04-14 12:39:57.346   885  1115 I chatty  : uid=1000(system) PackageInstalle expire 6 lines
04-14 12:39:58.243   885  1012 I chatty  : uid=1000(system) PackageManager expire 23 lines
04-14 12:39:59.470   885   885 I chatty  : uid=1000 system_server expire 12 lines
04-14 12:40:00.271   885  2224 I chatty  : uid=1000(system) Binder:885_A expire 2 lines
04-14 12:40:02.119   885  3298 I chatty  : uid=1000(system) Binder:885_12 expire 1 line
04-14 12:40:02.120   885  1187 I chatty  : uid=1000(system) ConnectivitySer expire 4 lines
04-14 12:40:02.120   885  2722 I chatty  : uid=1000(system) Binder:885_F expire 1 line
04-14 12:40:02.615   885  3930 I chatty  : uid=1000(system) Binder:885_14 expire 3 lines
04-14 12:40:07.476 23290 23434 E ActivityThread: Failed to find provider info for com.android.launcher3.cornermark.unreadbadge
04-14 12:40:13.907   885   947 I chatty  : uid=1000(system) ActivityManager expire 58 lines
04-14 12:40:21.166   885  3286 I chatty  : uid=1000(system) Binder:885_11 expire 1 line
04-14 12:40:22.074   885  4774 I chatty  : uid=1000(system) Binder:885_1A expire 1 line
04-14 12:40:22.347   885  3933 I chatty  : uid=1000(system) Binder:885_16 expire 1 line
04-14 12:40:25.281   885  2653 I chatty  : uid=1000(system) Binder:885_E expire 1 line
04-14 12:40:26.504   885   908 I chatty  : uid=1000(system) Binder:885_2 expire 1 line
04-14 12:40:27.510   885  8734 I chatty  : uid=1000(system) Binder:885_20 expire 6 lines
04-14 12:40:27.525   885   947 I chatty  : uid=1000(system) ActivityManager expire 79 lines
04-14 12:40:27.834   885  1533 I chatty  : uid=1000(system) Binder:885_6 expire 4 lines
04-14 12:40:27.849   885   951 I chatty  : uid=1000(system) ActivityManager expire 12 lines
04-14 12:40:29.854   885  1160 I chatty  : uid=1000(system) InputDispatcher expire 1 line
04-14 12:40:31.175   885  3930 I chatty  : uid=1000(system) Binder:885_14 expire 2 lines
04-14 12:40:32.077   885  4589 I chatty  : uid=1000(system) Binder:885_18 expire 1 line
04-14 12:40:33.649   885   956 I chatty  : uid=1000(system) batterystats-wo expire 12 lines
04-14 12:40:34.524   885  8447 I chatty  : uid=1000(system) Binder:885_1F expire 2 lines
04-14 12:40:35.699   885  1115 I chatty  : uid=1000(system) PackageInstalle expire 4 lines
04-14 12:40:36.218   885  1012 I chatty  : uid=1000(system) PackageManager expire 34 lines
04-14 12:40:37.220   885   885 I chatty  : uid=1000 system_server expire 10 lines
04-14 12:40:37.914   885  2653 I chatty  : uid=1000(system) Binder:885_E expire 3 lines
04-14 12:40:45.406   885  3931 I chatty  : uid=1000(system) Binder:885_15 expire 2 lines
04-14 12:40:47.944   885  3934 I chatty  : uid=1000(system) Binder:885_17 expire 1 line
04-14 12:40:48.594   885  1531 I chatty  : uid=1000(system) Binder:885_5 expire 2 lines
04-14 12:40:49.761 24314 24314 D ActivityThread: Loading provider com.google.android.gm.sapi: com.google.android.gm.sapi.SapiUiProvider
04-14 12:40:52.962   885   951 I chatty  : uid=1000(system) ActivityManager expire 1 line
04-14 12:40:54.058   885   947 I chatty  : uid=1000(system) ActivityManager expire 2 lines
04-14 12:40:55.080   885   956 I chatty  : uid=1000(system) batterystats-wo expire 11 lines
04-14 12:40:55.661   885  7376 I chatty  : uid=1000(system) Binder:885_1D expire 1 line
04-14 12:40:55.711   885  1531 I chatty  : uid=1000(system) Binder:885_5 expire 1 line
04-14 12:40:57.695   885  1187 I chatty  : uid=1000(system) ConnectivitySer expire 1 line
04-14 12:40:57.810   885  1115 I chatty  : uid=1000(system) PackageInstalle expire 2 lines
04-14 12:40:58.040   885  1012 I chatty  : uid=1000(system) PackageManager expire 220 lines
04-14 12:40:58.123   885   947 I chatty  : uid=1000(system) ActivityManager expire 76 lines
04-14 12:40:58.198   885  8734 I chatty  : uid=1000(system) Binder:885_20 expire 1 line
04-14 12:40:58.245   885  2229 I chatty  : uid=1000(system) Binder:885_C expire 4 lines
04-14 12:40:58.246   885  4589 I chatty  : uid=1000(system) Binder:885_18 expire 1 line
04-14 12:40:58.246   885  7797 I chatty  : uid=1000(system) Binder:885_1E expire 1 line
04-14 12:40:58.246   885  2225 I chatty  : uid=1000(system) Binder:885_B expire 1 line
04-14 12:40:58.249   885  1187 I chatty  : uid=1000(system) ConnectivitySer expire 8 lines
04-14 12:40:58.317   885  2224 I chatty  : uid=1000(system) Binder:885_A expire 1 line
04-14 12:40:58.319   885  3931 I chatty  : uid=1000(system) Binder:885_15 expire 1 line
04-14 12:40:58.319   885  2236 I chatty  : uid=1000(system) Binder:885_D expire 3 lines
04-14 12:40:58.332   885  1390 I chatty  : uid=1000(system) Binder:885_4 expire 6 lines
04-14 12:40:58.332   885  7240 I chatty  : uid=1000(system) Binder:885_1C expire 1 line
04-14 12:40:58.336   885  3934 I chatty  : uid=1000(system) Binder:885_17 expire 1 line
04-14 12:40:58.450   885  3298 I chatty  : uid=1000(system) Binder:885_12 expire 1 line
04-14 12:40:58.555   885  2222 I chatty  : uid=1000(system) Binder:885_8 expire 1 line
04-14 12:40:58.560   885   974 I chatty  : uid=1000(system) android.display expire 1 line
04-14 12:40:59.471   885   885 I chatty  : uid=1000 system_server expire 2 lines
04-14 12:40:59.490   885   971 I chatty  : uid=1000(system) android.fg expire 3 lines
04-14 12:40:59.518   885   951 I chatty  : uid=1000(system) ActivityManager expire 11 lines
04-14 12:40:59.592   885   885 I chatty  : uid=1000 system_server expire 9 lines
04-14 12:40:59.595   885   947 I chatty  : uid=1000(system) ActivityManager expire 16 lines
04-14 12:40:59.695   885  6848 I chatty  : uid=1000(system) Binder:885_1B expire 2 lines
04-14 12:41:00.618   885  3934 I chatty  : uid=1000(system) Binder:885_17 expire 4 lines
04-14 12:41:01.460   885  1390 I chatty  : uid=1000(system) Binder:885_4 expire 5 lines
04-14 12:41:01.594   885  1187 I chatty  : uid=1000(system) ConnectivitySer expire 7 lines
04-14 12:41:02.165   885  2229 I chatty  : uid=1000(system) Binder:885_C expire 4 lines
04-14 12:41:03.627   885  2224 I chatty  : uid=1000(system) Binder:885_A expire 1 line
04-14 12:41:07.662   885  3298 I chatty  : uid=1000(system) Binder:885_12 expire 1 line
04-14 12:41:11.444   885  4774 I chatty  : uid=1000(system) Binder:885_1A expire 2 lines
04-14 12:41:14.420   885  7797 I chatty  : uid=1000(system) Binder:885_1E expire 4 lines
04-14 12:41:16.474   885   908 I chatty  : uid=1000(system) Binder:885_2 expire 2 lines
04-14 12:41:16.522   885  2653 I chatty  : uid=1000(system) Binder:885_E expire 1 line
04-14 12:41:17.905   885   956 I chatty  : uid=1000(system) batterystats-wo expire 14 lines
04-14 12:41:19.591   885  1533 I chatty  : uid=1000(system) Binder:885_6 expire 3 lines
04-14 12:41:26.275   885   907 I chatty  : uid=1000(system) Binder:885_1 expire 2 lines
04-14 12:41:29.834 25159 25159 D ActivityThread: Loading provider com.google.android.gm.sapi: com.google.android.gm.sapi.SapiUiProvider
04-14 12:41:30.413   885  1012 I chatty  : uid=1000(system) PackageManager expire 37 lines
04-14 12:41:30.590   885  3643 I chatty  : uid=1000(system) Binder:885_13 expire 3 lines
04-14 12:41:30.590   885  3933 I chatty  : uid=1000(system) Binder:885_16 expire 2 lines
04-14 12:41:30.591   885  8734 I chatty  : uid=1000(system) Binder:885_20 expire 3 lines
04-14 12:41:30.655   885   951 I chatty  : uid=1000(system) ActivityManager expire 14 lines
04-14 12:41:30.764   885   956 I chatty  : uid=1000(system) batterystats-wo expire 10 lines
04-14 12:41:31.483   885   947 I chatty  : uid=1000(system) ActivityManager expire 15 lines
04-14 12:41:32.334   885  2098 I chatty  : uid=1000(system) backup expire 4 lines
04-14 12:41:32.529   885  7376 I chatty  : uid=1000(system) Binder:885_1D expire 1 line
04-14 12:41:33.102 25159 25159 I ActivityThread: Removing dead content provider:android.content.ContentProviderProxy@a13820a
04-14 12:41:33.102 25159 25159 I ActivityThread: Removing dead content provider:android.content.ContentProviderProxy@a13820a
04-14 12:41:33.771   885  2223 I chatty  : uid=1000(system) Binder:885_9 expire 6 lines
04-14 12:41:33.847   885   947 I chatty  : uid=1000(system) ActivityManager expire 26 lines
04-14 12:41:33.857   885  2653 I chatty  : uid=1000(system) Binder:885_E expire 1 line
04-14 12:41:35.371   885   885 I chatty  : uid=1000 system_server expire 11 lines
04-14 12:41:35.421   885   951 I chatty  : uid=1000(system) ActivityManager expire 23 lines
04-14 12:41:35.569   885   907 I chatty  : uid=1000(system) Binder:885_1 expire 7 lines
04-14 12:41:40.126   885  3643 I chatty  : uid=1000(system) Binder:885_13 expire 6 lines
04-14 12:41:43.807   885  7240 I chatty  : uid=1000(system) Binder:885_1C expire 1 line
04-14 12:41:43.817   885   956 I chatty  : uid=1000(system) batterystats-wo expire 10 lines
04-14 12:41:43.996   885  4774 I chatty  : uid=1000(system) Binder:885_1A expire 7 lines
04-14 12:41:43.997   885  1187 I chatty  : uid=1000(system) ConnectivitySer expire 9 lines
04-14 12:41:44.311   885  2236 I chatty  : uid=1000(system) Binder:885_D expire 6 lines
04-14 12:41:55.239   885  3934 I chatty  : uid=1000(system) Binder:885_17 expire 3 lines
04-14 12:41:59.727   885  1390 I chatty  : uid=1000(system) Binder:885_4 expire 5 lines
04-14 12:42:10.410   885  1133 I chatty  : uid=1000(system) android.anim expire 2 lines
04-14 12:42:10.850   885  8447 I chatty  : uid=1000(system) Binder:885_1F expire 6 lines
04-14 12:42:13.682   885  3933 I chatty  : uid=1000(system) Binder:885_16 expire 7 lines
04-14 12:42:21.662   885  2229 I chatty  : uid=1000(system) Binder:885_C expire 1 line
04-14 12:42:21.949 26581 26581 D ActivityThread: Loading provider com.google.android.gm.sapi: com.google.android.gm.sapi.SapiUiProvider
04-14 12:42:22.034   885   885 I chatty  : uid=1000 system_server expire 14 lines
04-14 12:42:22.537   885  1115 I chatty  : uid=1000(system) PackageInstalle expire 2 lines
04-14 12:42:23.715   885   947 I chatty  : uid=1000(system) ActivityManager expire 4 lines
04-14 12:42:23.905   885   951 I chatty  : uid=1000(system) ActivityManager expire 2 lines
04-14 12:42:25.114   885  4589 I chatty  : uid=1000(system) Binder:885_18 expire 2 lines
04-14 12:42:25.860  1565  1565 I TelecomFramework: PstnIncomingCallNotifier: Unregistering: Handler (com.android.internal.telephony.GsmCdmaPhone) {1284705}
04-14 12:42:25.925   885  2224 I chatty  : uid=1000(system) Binder:885_A expire 1 line
04-14 12:42:25.942  1565  1565 I TelecomFramework: AccountEntry: Registered phoneAccount: [[ ] PhoneAccount: ComponentInfo{com.android.phone/com.android.services.telephony.TelephonyConnectionService}, ***, UserHandle{0} Capabilities: CallProvider MultiUser PlaceEmerg SimSub  Audio Routes: BESW Schemes: tel voicemail  Extras: Bundle[{android.telecom.extra.SUPPORTS_VIDEO_CALLING_FALLBACK=true}] GroupId: ***] with handle: ComponentInfo{com.android.phone/com.android.services.telephony.TelephonyConnectionService}, ***, UserHandle{0}
04-14 12:42:25.942  1565  1565 I TelecomFramework: PstnIncomingCallNotifier: Registering: Handler (com.android.internal.telephony.GsmCdmaPhone) {1284705}
04-14 12:42:25.944  1565  1565 I TelecomFramework: PstnPhoneCapabilitiesNotifier: handleVideoCapabilitesChanged. Video capability - false
04-14 12:42:25.984   885  3930 I chatty  : uid=1000(system) Binder:885_14 expire 1 line
04-14 12:42:26.213   885  4737 I chatty  : uid=1000(system) Binder:885_19 expire 1 line
04-14 12:42:27.424   885   974 I chatty  : uid=1000(system) android.display expire 6 lines
04-14 12:42:27.505   885  4737 I chatty  : uid=1000(system) Binder:885_19 expire 5 lines
04-14 12:42:28.334   885   951 I chatty  : uid=1000(system) ActivityManager expire 64 lines
04-14 12:42:30.767   885  4589 I chatty  : uid=1000(system) Binder:885_18 expire 8 lines
04-14 12:42:30.924   885  1160 I chatty  : uid=1000(system) InputDispatcher expire 2 lines
04-14 12:42:31.086   885   949 I chatty  : uid=1000(system) android.ui expire 1 line
04-14 12:42:32.042   885   885 I chatty  : uid=1000 system_server expire 10 lines
04-14 12:42:33.848   885   947 I chatty  : uid=1000(system) ActivityManager expire 10 lines
04-14 12:42:33.951   885  3930 I chatty  : uid=1000(system) Binder:885_14 expire 2 lines
04-14 12:42:34.382   885  7240 I chatty  : uid=1000(system) Binder:885_1C expire 5 lines
04-14 12:42:34.900   885  1187 I chatty  : uid=1000(system) ConnectivitySer expire 9 lines
04-14 12:42:34.916   885  1390 I chatty  : uid=1000(system) Binder:885_4 expire 2 lines
04-14 12:42:34.916   885  3931 I chatty  : uid=1000(system) Binder:885_15 expire 2 lines
04-14 12:42:34.917   885  8447 I chatty  : uid=1000(system) Binder:885_1F expire 4 lines
04-14 12:42:36.673   885  1376 I chatty  : uid=1000(system) Binder:885_3 expire 2 lines
04-14 12:42:37.549   885   907 I chatty  : uid=1000(system) Binder:885_1 expire 2 lines
04-14 12:42:37.636   885  2236 I chatty  : uid=1000(system) Binder:885_D expire 5 lines
04-14 12:42:37.682   885  1533 I chatty  : uid=1000(system) Binder:885_6 expire 2 lines
04-14 12:42:40.007   885  3934 I chatty  : uid=1000(system) Binder:885_17 expire 4 lines
04-14 12:42:40.008   885  2722 I chatty  : uid=1000(system) Binder:885_F expire 1 line
04-14 12:42:40.741   885  1780 I chatty  : uid=1000(system) Binder:885_7 expire 1 line
04-14 12:42:41.268   885  2229 I chatty  : uid=1000(system) Binder:885_C expire 1 line
04-14 12:42:41.951   885  3286 I chatty  : uid=1000(system) Binder:885_11 expire 1 line
04-14 12:42:43.253   885  2223 I chatty  : uid=1000(system) Binder:885_9 expire 1 line
04-14 12:42:43.554   885   956 I chatty  : uid=1000(system) batterystats-wo expire 12 lines
04-14 12:42:47.795   885  1531 I chatty  : uid=1000(system) Binder:885_5 expire 1 line
04-14 12:42:50.148   885  2653 I chatty  : uid=1000(system) Binder:885_E expire 5 lines
04-14 12:42:52.258 25242 26739 E ActivityThread: Failed to find provider info for instantapp-dev-manager
04-14 12:42:52.531   885   951 I chatty  : uid=1000(system) ActivityManager expire 1 line
04-14 12:42:52.639   885  1012 I chatty  : uid=1000(system) PackageManager expire 1 line
04-14 12:42:52.852   885   885 I chatty  : uid=1000 system_server expire 3 lines
04-14 12:42:54.041   885  2224 I chatty  : uid=1000(system) Binder:885_A expire 2 lines
04-14 12:42:54.145  2101  2101 W AlwaysOnHotwordDetector: stopRecognition() failed with error code -2147483648
04-14 12:42:54.410  2101  2101 W AlwaysOnHotwordDetector: stopRecognition() failed with error code -2147483648
04-14 12:42:54.864   885   947 I chatty  : uid=1000(system) ActivityManager expire 42 lines
04-14 12:42:55.023   885  1012 I chatty  : uid=1000(system) PackageManager expire 4 lines
04-14 12:42:55.215   885  3931 I chatty  : uid=1000(system) Binder:885_15 expire 14 lines
04-14 12:42:55.708   885  4589 I chatty  : uid=1000(system) Binder:885_18 expire 7 lines
04-14 12:42:55.708   885  3934 I chatty  : uid=1000(system) Binder:885_17 expire 3 lines
04-14 12:42:55.709   885  1187 I chatty  : uid=1000(system) ConnectivitySer expire 10 lines
04-14 12:42:55.995   885   951 I chatty  : uid=1000(system) ActivityManager expire 31 lines
04-14 12:42:56.090   885  2223 I chatty  : uid=1000(system) Binder:885_9 expire 4 lines
04-14 12:42:56.120   885  1376 I chatty  : uid=1000(system) Binder:885_3 expire 5 lines
04-14 12:42:56.661   885  2766 I chatty  : uid=1000(system) Binder:885_10 expire 3 lines
04-14 12:42:58.167   885  7376 I chatty  : uid=1000(system) Binder:885_1D expire 2 lines
04-14 12:42:58.713   885   885 I chatty  : uid=1000 system_server expire 13 lines
04-14 12:42:59.660   885  1390 I chatty  : uid=1000(system) Binder:885_4 expire 2 lines
04-14 12:43:00.848   885   974 I chatty  : uid=1000(system) android.display expire 1 line
04-14 12:43:00.900   885  1115 I chatty  : uid=1000(system) PackageInstalle expire 4 lines
04-14 12:43:03.179   885  7240 I chatty  : uid=1000(system) Binder:885_1C expire 2 lines
04-14 12:43:04.783   885  3286 I chatty  : uid=1000(system) Binder:885_11 expire 2 lines
04-14 12:43:05.742   885  8734 I chatty  : uid=1000(system) Binder:885_20 expire 1 line
04-14 12:43:05.812   885  1780 I chatty  : uid=1000(system) Binder:885_7 expire 6 lines
04-14 12:43:08.484   885  2229 I chatty  : uid=1000(system) Binder:885_C expire 1 line
04-14 12:43:09.720   885  3298 I chatty  : uid=1000(system) Binder:885_12 expire 2 lines
04-14 12:43:10.093   885  4774 I chatty  : uid=1000(system) Binder:885_1A expire 1 line
04-14 12:43:13.376   885  6848 I chatty  : uid=1000(system) Binder:885_1B expire 1 line
04-14 12:43:15.239   885  2722 I chatty  : uid=1000(system) Binder:885_F expire 1 line
04-14 12:43:19.166   885  3643 I chatty  : uid=1000(system) Binder:885_13 expire 4 lines
04-14 12:43:19.538   885   951 I chatty  : uid=1000(system) ActivityManager expire 64 lines
04-14 12:43:19.847   885  3286 I chatty  : uid=1000(system) Binder:885_11 expire 1 line
04-14 12:43:19.913   885  1187 I chatty  : uid=1000(system) ConnectivitySer expire 11 lines
04-14 12:43:20.674   885   907 I chatty  : uid=1000(system) Binder:885_1 expire 2 lines
04-14 12:43:22.603   885  7376 I chatty  : uid=1000(system) Binder:885_1D expire 2 lines
04-14 12:43:23.024   885   885 I chatty  : uid=1000 system_server expire 9 lines
04-14 12:43:23.237 28991 28991 D ActivityThread: Loading provider com.google.android.gm.sapi: com.google.android.gm.sapi.SapiUiProvider
04-14 12:43:23.760   885  3298 I chatty  : uid=1000(system) Binder:885_12 expire 6 lines
04-14 12:43:24.032   885   947 I chatty  : uid=1000(system) ActivityManager expire 23 lines
04-14 12:43:24.329   885  4589 I chatty  : uid=1000(system) Binder:885_18 expire 3 lines
04-14 12:43:26.380   885  4774 I chatty  : uid=1000(system) Binder:885_1A expire 2 lines
04-14 12:43:27.274   885   908 I chatty  : uid=1000(system) Binder:885_2 expire 2 lines
04-14 12:43:31.888   885  3931 I chatty  : uid=1000(system) Binder:885_15 expire 1 line
04-14 12:43:32.921   885  8734 I chatty  : uid=1000(system) Binder:885_20 expire 3 lines
04-14 12:43:34.127   885  1376 I chatty  : uid=1000(system) Binder:885_3 expire 2 lines
04-14 12:43:35.060   885  4737 I chatty  : uid=1000(system) Binder:885_19 expire 1 line
04-14 12:43:35.061   885  1533 I chatty  : uid=1000(system) Binder:885_6 expire 2 lines
04-14 12:43:35.682   885  7797 I chatty  : uid=1000(system) Binder:885_1E expire 1 line
04-14 12:43:35.749   885  6848 I chatty  : uid=1000(system) Binder:885_1B expire 5 lines
04-14 12:43:36.026   885  2225 I chatty  : uid=1000(system) Binder:885_B expire 1 line
04-14 12:43:36.063   885   956 I chatty  : uid=1000(system) batterystats-wo expire 10 lines
04-14 12:43:40.268   885  1012 I chatty  : uid=1000(system) PackageManager expire 8 lines
04-14 12:43:40.269   885  2223 I chatty  : uid=1000(system) Binder:885_9 expire 2 lines
04-14 12:43:41.351   885  2222 I chatty  : uid=1000(system) Binder:885_8 expire 1 line
04-14 12:43:41.351   885  2722 I chatty  : uid=1000(system) Binder:885_F expire 2 lines
04-14 12:43:41.674   885  3934 I chatty  : uid=1000(system) Binder:885_17 expire 2 lines
04-14 12:43:42.080   885   951 I chatty  : uid=1000(system) ActivityManager expire 33 lines
04-14 12:43:42.255   885   885 I chatty  : uid=1000 system_server expire 18 lines
04-14 12:43:42.362   885  7376 I chatty  : uid=1000(system) Binder:885_1D expire 1 line
04-14 12:43:42.718   885  8734 I chatty  : uid=1000(system) Binder:885_20 expire 4 lines
04-14 12:43:43.873   885   947 I chatty  : uid=1000(system) ActivityManager expire 27 lines
04-14 12:43:44.002   885  2222 I chatty  : uid=1000(system) Binder:885_8 expire 2 lines
04-14 12:43:44.003   885  1187 I chatty  : uid=1000(system) ConnectivitySer expire 4 lines
04-14 12:43:44.228   885  1012 I chatty  : uid=1000(system) PackageManager expire 2 lines
04-14 12:43:44.601   885  1160 I chatty  : uid=1000(system) InputDispatcher expire 1 line
04-14 12:43:45.425   885  2722 I chatty  : uid=1000(system) Binder:885_F expire 10 lines
04-14 12:43:45.969   885  1376 I chatty  : uid=1000(system) Binder:885_3 expire 3 lines
04-14 12:43:47.066   885  2766 I chatty  : uid=1000(system) Binder:885_10 expire 4 lines
04-14 12:43:47.932   885   956 I chatty  : uid=1000(system) batterystats-wo expire 28 lines
04-14 12:43:48.681 29886 29951 W ContextImpl: Calling a method in the system process without a qualified user: android.app.ContextImpl.bindService:1611 android.content.ContextWrapper.bindService:698 com.google.android.gms.common.stats.zza.zza:22 com.google.android.gms.common.internal.zzr.zza:30 com.google.android.gms.common.internal.zzq.bindService:15 
04-14 12:43:48.925   885  1533 I chatty  : uid=1000(system) Binder:885_6 expire 4 lines
04-14 12:43:48.962   885  2229 I chatty  : uid=1000(system) Binder:885_C expire 2 lines
04-14 12:43:49.002   885  3286 I chatty  : uid=1000(system) Binder:885_11 expire 2 lines
04-14 12:43:55.336   885  3930 I chatty  : uid=1000(system) Binder:885_14 expire 1 line
04-14 12:43:58.147   885  2653 I chatty  : uid=1000(system) Binder:885_E expire 3 lines
04-14 12:44:04.949   885  3298 I chatty  : uid=1000(system) Binder:885_12 expire 3 lines
04-14 12:44:05.834   885  2236 I chatty  : uid=1000(system) Binder:885_D expire 1 line
04-14 12:44:06.076   885  3931 I chatty  : uid=1000(system) Binder:885_15 expire 2 lines
04-14 12:44:06.784   885  1390 I chatty  : uid=1000(system) Binder:885_4 expire 2 lines
04-14 12:44:07.991   885  2225 I chatty  : uid=1000(system) Binder:885_B expire 4 lines
04-14 12:44:08.144   885   974 I chatty  : uid=1000(system) android.display expire 1 line
04-14 12:44:09.683 29886 29886 E ActivityThread: Activity com.android.settings.SubSettings has leaked ServiceConnection android.bluetooth.BluetoothA2dp$2@645ae59 that was originally bound here
04-14 12:44:09.683 29886 29886 E ActivityThread: android.app.ServiceConnectionLeaked: Activity com.android.settings.SubSettings has leaked ServiceConnection android.bluetooth.BluetoothA2dp$2@645ae59 that was originally bound here
04-14 12:44:09.683 29886 29886 E ActivityThread: 	at android.app.LoadedApk$ServiceDispatcher.<init>(LoadedApk.java:1610)
04-14 12:44:09.683 29886 29886 E ActivityThread: 	at android.app.LoadedApk.getServiceDispatcher(LoadedApk.java:1502)
04-14 12:44:09.683 29886 29886 E ActivityThread: 	at android.app.ContextImpl.bindServiceCommon(ContextImpl.java:1659)
04-14 12:44:09.683 29886 29886 E ActivityThread: 	at android.app.ContextImpl.bindServiceAsUser(ContextImpl.java:1619)
04-14 12:44:09.683 29886 29886 E ActivityThread: 	at android.content.ContextWrapper.bindServiceAsUser(ContextWrapper.java:705)
04-14 12:44:09.683 29886 29886 E ActivityThread: 	at android.bluetooth.BluetoothA2dp.doBind(BluetoothA2dp.java:264)
04-14 12:44:09.683 29886 29886 E ActivityThread: 	at android.bluetooth.BluetoothA2dp.<init>(BluetoothA2dp.java:257)
04-14 12:44:09.683 29886 29886 E ActivityThread: 	at android.bluetooth.BluetoothAdapter.getProfileProxy(BluetoothAdapter.java:2275)
04-14 12:44:09.683 29886 29886 E ActivityThread: 	at com.android.settings.development.DevelopmentSettingsDashboardFragment.onCreateView(DevelopmentSettingsDashboardFragment.java:184)
04-14 12:44:09.683 29886 29886 E ActivityThread: 	at android.app.Fragment.performCreateView(Fragment.java:2522)
04-14 12:44:09.683 29886 29886 E ActivityThread: 	at android.app.FragmentManagerImpl.moveToState(FragmentManager.java:1298)
04-14 12:44:09.683 29886 29886 E ActivityThread: 	at android.app.FragmentManagerImpl.moveFragmentToExpectedState(FragmentManager.java:1576)
04-14 12:44:09.683 29886 29886 E ActivityThread: 	at android.app.FragmentManagerImpl.moveToState(FragmentManager.java:1637)
04-14 12:44:09.683 29886 29886 E ActivityThread: 	at android.app.FragmentManagerImpl.dispatchMoveToState(FragmentManager.java:3046)
04-14 12:44:09.683 29886 29886 E ActivityThread: 	at android.app.FragmentManagerImpl.dispatchActivityCreated(FragmentManager.java:2998)
04-14 12:44:09.683 29886 29886 E ActivityThread: 	at android.app.FragmentController.dispatchActivityCreated(FragmentController.java:182)
04-14 12:44:09.683 29886 29886 E ActivityThread: 	at android.app.Activity.performCreate(Activity.java:7151)
04-14 12:44:09.683 29886 29886 E ActivityThread: 	at android.app.Activity.performCreate(Activity.java:7135)
04-14 12:44:09.683 29886 29886 E ActivityThread: 	at android.app.Instrumentation.callActivityOnCreate(Instrumentation.java:1271)
04-14 12:44:09.683 29886 29886 E ActivityThread: 	at android.app.ActivityThread.performLaunchActivity(ActivityThread.java:2931)
04-14 12:44:09.683 29886 29886 E ActivityThread: 	at android.app.ActivityThread.handleLaunchActivity(ActivityThread.java:3086)
04-14 12:44:09.683 29886 29886 E ActivityThread: 	at android.app.servertransaction.LaunchActivityItem.execute(LaunchActivityItem.java:78)
04-14 12:44:09.683 29886 29886 E ActivityThread: 	at android.app.servertransaction.TransactionExecutor.executeCallbacks(TransactionExecutor.java:108)
04-14 12:44:09.683 29886 29886 E ActivityThread: 	at android.app.servertransaction.TransactionExecutor.execute(TransactionExecutor.java:68)
04-14 12:44:09.683 29886 29886 E ActivityThread: 	at android.app.ActivityThread$H.handleMessage(ActivityThread.java:1816)
04-14 12:44:09.683 29886 29886 E ActivityThread: 	at android.os.Handler.dispatchMessage(Handler.java:106)
04-14 12:44:09.683 29886 29886 E ActivityThread: 	at android.os.Looper.loop(Looper.java:193)
04-14 12:44:09.683 29886 29886 E ActivityThread: 	at android.app.ActivityThread.main(ActivityThread.java:6718)
04-14 12:44:09.683 29886 29886 E ActivityThread: 	at java.lang.reflect.Method.invoke(Native Method)
04-14 12:44:09.683 29886 29886 E ActivityThread: 	at com.android.internal.os.RuntimeInit$MethodAndArgsCaller.run(RuntimeInit.java:493)
04-14 12:44:09.683 29886 29886 E ActivityThread: 	at com.android.internal.os.ZygoteInit.main(ZygoteInit.java:858)
04-14 12:44:11.655   885   947 I chatty  : uid=1000(system) ActivityManager expire 3 lines
04-14 12:44:14.202   885   951 I chatty  : uid=1000(system) ActivityManager expire 15 lines
04-14 12:44:14.205   885   947 I chatty  : uid=1000(system) ActivityManager expire 57 lines
04-14 12:44:14.307   885  2722 I chatty  : uid=1000(system) Binder:885_F expire 1 line
04-14 12:44:14.486   885   907 I chatty  : uid=1000(system) Binder:885_1 expire 6 lines
04-14 12:44:14.593   885  2225 I chatty  : uid=1000(system) Binder:885_B expire 1 line
04-14 12:44:14.631   885  3933 I chatty  : uid=1000(system) Binder:885_16 expire 1 line
04-14 12:44:17.579   885  8447 I chatty  : uid=1000(system) Binder:885_1F expire 1 line
04-14 12:44:17.618   885  3930 I chatty  : uid=1000(system) Binder:885_14 expire 3 lines
04-14 12:44:23.660   885   956 I chatty  : uid=1000(system) batterystats-wo expire 17 lines
04-14 12:44:24.672   885  2766 I chatty  : uid=1000(system) Binder:885_10 expire 3 lines
04-14 12:44:25.923   885   885 I chatty  : uid=1000 system_server expire 7 lines
04-14 12:44:26.792   885  4737 I chatty  : uid=1000(system) Binder:885_19 expire 1 line
04-14 12:44:26.794   885  1187 I chatty  : uid=1000(system) ConnectivitySer expire 4 lines
04-14 12:44:27.299   885  3643 I chatty  : uid=1000(system) Binder:885_13 expire 3 lines
04-14 12:44:34.853   885  7240 I chatty  : uid=1000(system) Binder:885_1C expire 4 lines
04-14 12:44:35.249   885  2224 I chatty  : uid=1000(system) Binder:885_A expire 3 lines
04-14 12:44:35.280   885  2236 I chatty  : uid=1000(system) Binder:885_D expire 4 lines
04-14 12:44:36.989   885   908 I chatty  : uid=1000(system) Binder:885_2 expire 8 lines
04-14 12:44:38.487 29886 29886 E ActivityThread: Activity com.android.settings.SubSettings has leaked ServiceConnection android.bluetooth.BluetoothA2dp$2@d2e147c that was originally bound here
04-14 12:44:38.487 29886 29886 E ActivityThread: android.app.ServiceConnectionLeaked: Activity com.android.settings.SubSettings has leaked ServiceConnection android.bluetooth.BluetoothA2dp$2@d2e147c that was originally bound here
04-14 12:44:38.487 29886 29886 E ActivityThread: 	at android.app.LoadedApk$ServiceDispatcher.<init>(LoadedApk.java:1610)
04-14 12:44:38.487 29886 29886 E ActivityThread: 	at android.app.LoadedApk.getServiceDispatcher(LoadedApk.java:1502)
04-14 12:44:38.487 29886 29886 E ActivityThread: 	at android.app.ContextImpl.bindServiceCommon(ContextImpl.java:1659)
04-14 12:44:38.487 29886 29886 E ActivityThread: 	at android.app.ContextImpl.bindServiceAsUser(ContextImpl.java:1619)
04-14 12:44:38.487 29886 29886 E ActivityThread: 	at android.content.ContextWrapper.bindServiceAsUser(ContextWrapper.java:705)
04-14 12:44:38.487 29886 29886 E ActivityThread: 	at android.bluetooth.BluetoothA2dp.doBind(BluetoothA2dp.java:264)
04-14 12:44:38.487 29886 29886 E ActivityThread: 	at android.bluetooth.BluetoothA2dp.<init>(BluetoothA2dp.java:257)
04-14 12:44:38.487 29886 29886 E ActivityThread: 	at android.bluetooth.BluetoothAdapter.getProfileProxy(BluetoothAdapter.java:2275)
04-14 12:44:38.487 29886 29886 E ActivityThread: 	at com.android.settings.development.DevelopmentSettingsDashboardFragment.onCreateView(DevelopmentSettingsDashboardFragment.java:184)
04-14 12:44:38.487 29886 29886 E ActivityThread: 	at android.app.Fragment.performCreateView(Fragment.java:2522)
04-14 12:44:38.487 29886 29886 E ActivityThread: 	at android.app.FragmentManagerImpl.moveToState(FragmentManager.java:1298)
04-14 12:44:38.487 29886 29886 E ActivityThread: 	at android.app.FragmentManagerImpl.moveFragmentToExpectedState(FragmentManager.java:1576)
04-14 12:44:38.487 29886 29886 E ActivityThread: 	at android.app.FragmentManagerImpl.moveToState(FragmentManager.java:1637)
04-14 12:44:38.487 29886 29886 E ActivityThread: 	at android.app.FragmentManagerImpl.dispatchMoveToState(FragmentManager.java:3046)
04-14 12:44:38.487 29886 29886 E ActivityThread: 	at android.app.FragmentManagerImpl.dispatchActivityCreated(FragmentManager.java:2998)
04-14 12:44:38.487 29886 29886 E ActivityThread: 	at android.app.FragmentController.dispatchActivityCreated(FragmentController.java:182)
04-14 12:44:38.487 29886 29886 E ActivityThread: 	at android.app.Activity.performCreate(Activity.java:7151)
04-14 12:44:38.487 29886 29886 E ActivityThread: 	at android.app.Activity.performCreate(Activity.java:7135)
04-14 12:44:38.487 29886 29886 E ActivityThread: 	at android.app.Instrumentation.callActivityOnCreate(Instrumentation.java:1271)
04-14 12:44:38.487 29886 29886 E ActivityThread: 	at android.app.ActivityThread.performLaunchActivity(ActivityThread.java:2931)
04-14 12:44:38.487 29886 29886 E ActivityThread: 	at android.app.ActivityThread.handleLaunchActivity(ActivityThread.java:3086)
04-14 12:44:38.487 29886 29886 E ActivityThread: 	at android.app.servertransaction.LaunchActivityItem.execute(LaunchActivityItem.java:78)
04-14 12:44:38.487 29886 29886 E ActivityThread: 	at android.app.servertransaction.TransactionExecutor.executeCallbacks(TransactionExecutor.java:108)
04-14 12:44:38.487 29886 29886 E ActivityThread: 	at android.app.servertransaction.TransactionExecutor.execute(TransactionExecutor.java:68)
04-14 12:44:38.487 29886 29886 E ActivityThread: 	at android.app.ActivityThread$H.handleMessage(ActivityThread.java:1816)
04-14 12:44:38.487 29886 29886 E ActivityThread: 	at android.os.Handler.dispatchMessage(Handler.java:106)
04-14 12:44:38.487 29886 29886 E ActivityThread: 	at android.os.Looper.loop(Looper.java:193)
04-14 12:44:38.487 29886 29886 E ActivityThread: 	at android.app.ActivityThread.main(ActivityThread.java:6718)
04-14 12:44:38.487 29886 29886 E ActivityThread: 	at java.lang.reflect.Method.invoke(Native Method)
04-14 12:44:38.487 29886 29886 E ActivityThread: 	at com.android.internal.os.RuntimeInit$MethodAndArgsCaller.run(RuntimeInit.java:493)
04-14 12:44:38.487 29886 29886 E ActivityThread: 	at com.android.internal.os.ZygoteInit.main(ZygoteInit.java:858)
04-14 12:44:39.399   885  1390 I chatty  : uid=1000(system) Binder:885_4 expire 4 lines
04-14 12:44:44.257   885  2653 I chatty  : uid=1000(system) Binder:885_E expire 11 lines
04-14 12:44:45.008   885  6848 I chatty  : uid=1000(system) Binder:885_1B expire 1 line
04-14 12:44:45.022   885   951 I chatty  : uid=1000(system) ActivityManager expire 2 lines
04-14 12:44:52.545   885  1115 I chatty  : uid=1000(system) PackageInstalle expire 2 lines
04-14 12:44:53.362   885  1012 I chatty  : uid=1000(system) PackageManager expire 49 lines
04-14 12:44:54.296   885   951 I chatty  : uid=1000(system) ActivityManager expire 19 lines
04-14 12:44:54.315   885   885 I chatty  : uid=1000 system_server expire 5 lines
04-14 12:44:54.372   885   947 I chatty  : uid=1000(system) ActivityManager expire 60 lines
04-14 12:44:54.777   885  3930 I chatty  : uid=1000(system) Binder:885_14 expire 2 lines
04-14 12:44:54.959   885  4737 I chatty  : uid=1000(system) Binder:885_19 expire 3 lines
04-14 12:44:58.043   885  1531 I chatty  : uid=1000(system) Binder:885_5 expire 1 line
04-14 12:44:58.408   885  1115 I chatty  : uid=1000(system) PackageInstalle expire 4 lines
04-14 12:44:59.496   885  1187 I chatty  : uid=1000(system) ConnectivitySer expire 2 lines
04-14 12:45:01.776   885  2653 I chatty  : uid=1000(system) Binder:885_E expire 2 lines
04-14 12:45:02.530   885  6848 I chatty  : uid=1000(system) Binder:885_1B expire 4 lines
04-14 12:45:04.569   885  2236 I chatty  : uid=1000(system) Binder:885_D expire 4 lines
04-14 12:45:04.769   885  3643 I chatty  : uid=1000(system) Binder:885_13 expire 1 line
04-14 12:45:08.546   885  3934 I chatty  : uid=1000(system) Binder:885_17 expire 1 line
04-14 12:45:08.807   885  1390 I chatty  : uid=1000(system) Binder:885_4 expire 1 line
04-14 12:45:09.426   885  7240 I chatty  : uid=1000(system) Binder:885_1C expire 9 lines
04-14 12:45:10.270   885   947 I chatty  : uid=1000(system) ActivityManager expire 21 lines
04-14 12:45:10.315   885  1187 I chatty  : uid=1000(system) ConnectivitySer expire 15 lines
04-14 12:45:10.339   885  3286 I chatty  : uid=1000(system) Binder:885_11 expire 1 line
04-14 12:45:10.339   885  8734 I chatty  : uid=1000(system) Binder:885_20 expire 1 line
04-14 12:45:10.339   885  2229 I chatty  : uid=1000(system) Binder:885_C expire 11 lines
04-14 12:45:10.339   885  4737 I chatty  : uid=1000(system) Binder:885_19 expire 7 lines
04-14 12:45:10.376   885  4589 I chatty  : uid=1000(system) Binder:885_18 expire 5 lines
04-14 12:45:10.376   885  2722 I chatty  : uid=1000(system) Binder:885_F expire 1 line
04-14 12:45:10.410   885  1012 I chatty  : uid=1000(system) PackageManager expire 2 lines
04-14 12:45:10.631   885   956 I chatty  : uid=1000(system) batterystats-wo expire 14 lines
04-14 12:45:10.631   885   974 I chatty  : uid=1000(system) android.display expire 1 line
04-14 12:45:10.682   885   951 I chatty  : uid=1000(system) ActivityManager expire 26 lines
04-14 12:45:10.746   885  1376 I chatty  : uid=1000(system) Binder:885_3 expire 2 lines
04-14 12:45:11.760   885  2223 I chatty  : uid=1000(system) Binder:885_9 expire 2 lines
04-14 12:45:12.031   885  2224 I chatty  : uid=1000(system) Binder:885_A expire 2 lines
04-14 12:45:12.059   885  3933 I chatty  : uid=1000(system) Binder:885_16 expire 4 lines
04-14 12:45:13.502   885   908 I chatty  : uid=1000(system) Binder:885_2 expire 1 line
04-14 12:45:14.095   885  2653 I chatty  : uid=1000(system) Binder:885_E expire 1 line
04-14 12:45:14.628   885  3298 I chatty  : uid=1000(system) Binder:885_12 expire 1 line
04-14 12:45:14.831   885  1160 I chatty  : uid=1000(system) InputDispatcher expire 3 lines
04-14 12:45:15.853   885  3931 I chatty  : uid=1000(system) Binder:885_15 expire 1 line
04-14 12:45:17.010   885   885 I chatty  : uid=1000 system_server expire 4 lines
04-14 12:45:18.434   885  1780 I chatty  : uid=1000(system) Binder:885_7 expire 2 lines
04-14 12:45:19.203   885  3934 I chatty  : uid=1000(system) Binder:885_17 expire 1 line
04-14 12:45:19.269   885  6848 I chatty  : uid=1000(system) Binder:885_1B expire 5 lines
04-14 12:45:19.589   885   907 I chatty  : uid=1000(system) Binder:885_1 expire 2 lines
04-14 12:45:20.381   885  2766 I chatty  : uid=1000(system) Binder:885_10 expire 3 lines
04-14 12:45:22.503   885  3930 I chatty  : uid=1000(system) Binder:885_14 expire 2 lines
04-14 12:45:26.909   885  4774 I chatty  : uid=1000(system) Binder:885_1A expire 2 lines
04-14 12:45:30.418 25235 32039 W PackageParser: Unknown element under <manifest>: queries at /data/user_de/0/com.google.android.gms/app_chimera/m/000000e1/dl-AdsFdrDynamite.integ_214106404100000.apk Binary XML file line #11
04-14 12:45:30.534 25235 32039 W PackageParser: Unknown element under <manifest>: queries at /data/user_de/0/com.google.android.gms/app_chimera/m/000000e1/dl-AdsFdrDynamite.integ_214106404100000.apk Binary XML file line #11
04-14 12:45:30.595 25235 32039 W PackageParser: Unknown element under <manifest>: queries at /data/user_de/0/com.google.android.gms/app_chimera/m/00000107/dl-Payments.integ_220980903100400.apk Binary XML file line #11
04-14 12:45:31.873 25235 32039 W PackageParser: Unknown element under <manifest>: queries at /data/user_de/0/com.google.android.gms/app_chimera/m/000000e1/dl-AdsFdrDynamite.integ_214106404100000.apk Binary XML file line #11
04-14 12:45:32.012 25235 32039 W PackageParser: Unknown element under <manifest>: queries at /data/user_de/0/com.google.android.gms/app_chimera/m/00000107/dl-Payments.integ_220980903100400.apk Binary XML file line #11
04-14 12:45:33.547 25235 32039 W PackageParser: Unknown element under <manifest>: queries at /data/user_de/0/com.google.android.gms/app_chimera/m/000000e1/dl-AdsFdrDynamite.integ_214106404100000.apk Binary XML file line #11
04-14 12:45:33.819 25235 32039 W PackageParser: Unknown element under <manifest>: queries at /data/user_de/0/com.google.android.gms/app_chimera/m/00000107/dl-Payments.integ_220980903100400.apk Binary XML file line #11
04-14 12:45:33.882   885   947 I chatty  : uid=1000(system) ActivityManager expire 2 lines
04-14 12:45:34.256   885   951 I chatty  : uid=1000(system) ActivityManager expire 1 line
04-14 12:45:36.149   885  1531 I chatty  : uid=1000(system) Binder:885_5 expire 1 line
04-14 12:45:36.150   885  1187 I chatty  : uid=1000(system) ConnectivitySer expire 14 lines
04-14 12:45:39.252 25235 25676 W PackageParser: Unknown element under <manifest>: queries at /data/user_de/0/com.google.android.gms/app_chimera/m/000000e1/dl-AdsFdrDynamite.integ_214106404100000.apk Binary XML file line #11
04-14 12:45:39.528 25235 25676 W PackageParser: Unknown element under <manifest>: queries at /data/user_de/0/com.google.android.gms/app_chimera/m/000000e1/dl-AdsFdrDynamite.integ_214106404100000.apk Binary XML file line #11
04-14 12:45:39.576 25235 25676 W PackageParser: Unknown element under <manifest>: queries at /data/user_de/0/com.google.android.gms/app_chimera/m/00000107/dl-Payments.integ_220980903100400.apk Binary XML file line #11
04-14 12:45:40.071 25235 25676 W PackageParser: Unknown element under <manifest>: queries at /data/user_de/0/com.google.android.gms/app_chimera/m/000000e1/dl-AdsFdrDynamite.integ_214106404100000.apk Binary XML file line #11
04-14 12:45:40.204 25235 25676 W PackageParser: Unknown element under <manifest>: queries at /data/user_de/0/com.google.android.gms/app_chimera/m/00000107/dl-Payments.integ_220980903100400.apk Binary XML file line #11
04-14 12:45:40.435 25235 25676 W PackageParser: Unknown element under <manifest>: queries at /data/user_de/0/com.google.android.gms/app_chimera/m/000000e1/dl-AdsFdrDynamite.integ_214106404100000.apk Binary XML file line #11
04-14 12:45:40.504 25235 25676 W PackageParser: Unknown element under <manifest>: queries at /data/user_de/0/com.google.android.gms/app_chimera/m/00000107/dl-Payments.integ_220980903100400.apk Binary XML file line #11
04-14 12:45:40.771   885   956 I chatty  : uid=1000(system) batterystats-wo expire 3 lines
04-14 12:45:42.395   885   947 I chatty  : uid=1000(system) ActivityManager expire 1 line
04-14 12:45:42.582   885  3934 I chatty  : uid=1000(system) Binder:885_17 expire 1 line
04-14 12:45:42.582   885  8447 I chatty  : uid=1000(system) Binder:885_1F expire 1 line
04-14 12:45:42.588   885  2225 I chatty  : uid=1000(system) Binder:885_B expire 6 lines
04-14 12:45:42.604   885  8734 I chatty  : uid=1000(system) Binder:885_20 expire 1 line
04-14 12:45:42.604   885  4774 I chatty  : uid=1000(system) Binder:885_1A expire 4 lines
04-14 12:45:42.606   885  2222 I chatty  : uid=1000(system) Binder:885_8 expire 1 line
04-14 12:45:42.616   885   908 I chatty  : uid=1000(system) Binder:885_2 expire 22 lines
04-14 12:45:42.622 31559 32436 I ActivityThread: Removing dead content provider:android.content.ContentProviderProxy@e5e2102
04-14 12:45:42.636 27119 27119 I ActivityThread: Removing dead content provider:android.content.ContentProviderProxy@8ab4cc4
04-14 12:45:42.636 27119 27119 I ActivityThread: Removing dead content provider:android.content.ContentProviderProxy@8ab4cc4
04-14 12:45:42.636 31559 32436 I ActivityThread: Removing dead content provider:android.content.ContentProviderProxy@e5e2102
04-14 12:45:42.636 31597 31597 I ActivityThread: Removing dead content provider:android.content.ContentProviderProxy@86ebeb7
04-14 12:45:42.636 31597 31597 I ActivityThread: Removing dead content provider:android.content.ContentProviderProxy@86ebeb7
04-14 12:45:42.637 30609 30609 I ActivityThread: Removing dead content provider:android.content.ContentProviderProxy@5edc751
04-14 12:45:42.637 30609 30609 I ActivityThread: Removing dead content provider:android.content.ContentProviderProxy@5edc751
04-14 12:45:42.638 31969 31969 I ActivityThread: Removing dead content provider:android.content.ContentProviderProxy@4453ef4
04-14 12:45:42.638 31969 31969 I ActivityThread: Removing dead content provider:android.content.ContentProviderProxy@4453ef4
04-14 12:45:42.641 31523 31523 I ActivityThread: Removing dead content provider:android.content.ContentProviderProxy@4ce7fc0
04-14 12:45:42.641 31523 31523 I ActivityThread: Removing dead content provider:android.content.ContentProviderProxy@4ce7fc0
04-14 12:45:42.646 27430 27430 I ActivityThread: Removing dead content provider:android.content.ContentProviderProxy@f4da6d5
04-14 12:45:42.646 27430 27430 I ActivityThread: Removing dead content provider:android.content.ContentProviderProxy@f4da6d5
04-14 12:45:42.690   885   951 I chatty  : uid=1000(system) ActivityManager expire 15 lines
04-14 12:45:43.368   885  1390 I chatty  : uid=1000(system) Binder:885_4 expire 2 lines
04-14 12:45:43.368   885  6848 I chatty  : uid=1000(system) Binder:885_1B expire 2 lines
04-14 12:45:43.381   885   974 I chatty  : uid=1000(system) android.display expire 4 lines
04-14 12:45:44.344   885  1376 I chatty  : uid=1000(system) Binder:885_3 expire 7 lines
04-14 12:45:44.700   885  2722 I chatty  : uid=1000(system) Binder:885_F expire 2 lines
04-14 12:45:44.700   885  2236 I chatty  : uid=1000(system) Binder:885_D expire 3 lines
04-14 12:45:44.703   885  7797 I chatty  : uid=1000(system) Binder:885_1E expire 3 lines
04-14 12:45:44.886   885  1531 I chatty  : uid=1000(system) Binder:885_5 expire 2 lines
04-14 12:45:45.082   885  7240 I chatty  : uid=1000(system) Binder:885_1C expire 2 lines
04-14 12:45:45.086   885  3931 I chatty  : uid=1000(system) Binder:885_15 expire 13 lines
04-14 12:45:45.089   885  3298 I chatty  : uid=1000(system) Binder:885_12 expire 1 line
04-14 12:45:45.547   885  2223 I chatty  : uid=1000(system) Binder:885_9 expire 8 lines
04-14 12:45:45.554   885  3286 I chatty  : uid=1000(system) Binder:885_11 expire 1 line
04-14 12:45:45.554   885   885 I chatty  : uid=1000 system_server expire 17 lines
04-14 12:45:45.678   885  4737 I chatty  : uid=1000(system) Binder:885_19 expire 5 lines
04-14 12:45:48.340   885  2224 I chatty  : uid=1000(system) Binder:885_A expire 2 lines
04-14 12:45:48.341   885  3933 I chatty  : uid=1000(system) Binder:885_16 expire 3 lines
04-14 12:45:49.431   885  2766 I chatty  : uid=1000(system) Binder:885_10 expire 3 lines
04-14 12:45:50.553   885  1780 I chatty  : uid=1000(system) Binder:885_7 expire 2 lines
04-14 12:45:55.544  1565  1565 I TelecomFramework: PstnIncomingCallNotifier: Unregistering: Handler (com.android.internal.telephony.GsmCdmaPhone) {1284705}
04-14 12:45:55.696   885  3931 I chatty  : uid=1000(system) Binder:885_15 expire 1 line
