04-15 11:45:16.877   885   971 I UsbDeviceManager: Setting USB config to mtp,adb
04-15 11:45:16.889   885   947 W BroadcastQueue: Background execution not allowed: receiving Intent { act=android.intent.action.USER_PRESENT flg=0x24200010 } to com.antutu.ABenchMark/com.antutu.benchmark.receiver.KeepAliveReceiver
04-15 11:45:16.889   885   947 W BroadcastQueue: Background execution not allowed: receiving Intent { act=android.intent.action.USER_PRESENT flg=0x24200010 } to com.android.chrome/org.chromium.chrome.browser.sharing.click_to_call.ClickToCallMessageHandler$PhoneUnlockedReceiver
04-15 11:45:16.889   885   947 W BroadcastQueue: Background execution not allowed: receiving Intent { act=android.intent.action.USER_PRESENT flg=0x24200010 } to com.google.android.gms/.auth.setup.devicesignals.LockScreenReceiver
04-15 11:45:16.889   885   947 W BroadcastQueue: Background execution not allowed: receiving Intent { act=android.intent.action.USER_PRESENT flg=0x24200010 } to com.google.android.gms/.chimera.GmsIntentOperationService$PersistentTrustedReceiver
04-15 11:45:16.889   885   947 W BroadcastQueue: Background execution not allowed: receiving Intent { act=android.intent.action.USER_PRESENT flg=0x24200010 } to com.antutu.ABenchMark/com.taobao.accs.EventReceiver
04-15 11:45:16.889   885   947 W BroadcastQueue: Background execution not allowed: receiving Intent { act=android.intent.action.USER_PRESENT flg=0x24200010 } to com.duapps.recorder/com.duapps.screen.recorder.DuReceiver
04-15 11:45:16.890   885   947 W BroadcastQueue: Background execution not allowed: receiving Intent { act=android.intent.action.USER_PRESENT flg=0x24200010 } to com.estrongs.android.pop/.app.StartServiceReceiver
04-15 11:45:16.890   885   947 W BroadcastQueue: Background execution not allowed: receiving Intent { act=android.intent.action.USER_PRESENT flg=0x24200010 } to com.estrongs.android.pop/com.android.apps.pros.LocalCReceiver
04-15 11:45:16.930   885   947 W BroadcastQueue: Background execution not allowed: receiving Intent { act=android.intent.action.USER_PRESENT flg=0x24200010 } to com.estrongs.android.pop/com.duapps.ad.stats.CallbackReceiver
04-15 11:45:16.932   885   947 E NotificationService: Suppressing notification from package by user request.
04-15 11:45:16.944   885   885 V FingerprintService: startAuthentication(com.android.systemui)
04-15 11:45:16.945   885   885 V FingerprintService: starting client AuthenticationClient(com.android.systemui), initiatedByClient = true
04-15 11:45:16.962   885   885 W FingerprintService: client com.android.systemui is authenticating...
04-15 11:45:16.963   885   885 V FingerprintService: stop client com.android.systemui
04-15 11:45:16.993   885   885 W FingerprintService: client com.android.systemui is no longer authenticating
04-15 11:45:16.993   885   885 V FingerprintService: Done with client: com.android.systemui
04-15 11:45:16.993   885   885 V FingerprintService: handleError(client=com.android.systemui, error = 5)
04-15 11:45:17.032   885   971 W Looper  : Slow dispatch took 155ms android.fg h=com.android.server.usb.UsbDeviceManager$UsbHandlerLegacy c=null m=13
04-15 11:45:18.140   885  1160 I ActivityManager: START u0 {act=android.intent.action.MAIN cat=[android.intent.category.HOME] flg=0x10200000 cmp=com.google.android.apps.nexuslauncher/.NexusLauncherActivity (has extras)} from uid 1000
04-15 11:45:18.300   885   947 E NotificationService: Suppressing notification from package by user request.
04-15 11:45:18.847   885  8734 D ConnectivityService: requestNetwork for uid/pid:10029/10329 NetworkRequest [ TRACK_DEFAULT id=969, [ Capabilities: INTERNET&NOT_RESTRICTED&TRUSTED Unwanted:  Uid: 10029] ]
04-15 11:45:21.234   885   947 E NotificationService: Suppressing notification from package by user request.
04-15 11:45:21.241   885   947 I chatty  : uid=1000(system) ActivityManager identical 1 line
04-15 11:45:26.602   885   947 E NotificationService: Suppressing notification from package by user request.
04-15 11:45:26.724   885  1137 I UsbPortManager: ClientCallback: port0
04-15 11:45:26.966   885  1137 I UsbPortManager: ClientCallback: port0
04-15 11:45:26.967   885   971 I UsbPortManager: USB port changed: port=UsbPort{id=port0, supportedModes=dual}, status=UsbPortStatus{connected=true, currentMode=ufp, currentPowerRole=sink, currentDataRole=device, supportedRoleCombinations=[source:host, sink:device]}, canChangeMode=true, canChangePowerRole=false, canChangeDataRole=false
04-15 11:45:26.974   885  1158 I UsbPortManager: ClientCallback: port0
04-15 11:45:27.423   885   973 I EntropyMixer: Writing entropy...
04-15 11:45:27.455   885   947 W BroadcastQueue: Background execution not allowed: receiving Intent { act=android.intent.action.ACTION_POWER_CONNECTED flg=0x4000010 (has extras) } to com.antutu.ABenchMark/com.antutu.benchmark.receiver.KeepAliveReceiver
04-15 11:45:27.489   885   947 W BroadcastQueue: Background execution not allowed: receiving Intent { act=android.intent.action.ACTION_POWER_CONNECTED flg=0x4000010 (has extras) } to com.google.android.apps.turbo/.nudges.broadcasts.BatteryStatusChangedReceiver
04-15 11:45:27.504   885   947 W BroadcastQueue: Background execution not allowed: receiving Intent { act=android.intent.action.ACTION_POWER_CONNECTED flg=0x4000010 (has extras) } to com.google.android.gms/.gcm.nts.SchedulerReceiver
04-15 11:45:27.506   885   947 E NotificationService: Suppressing notification from package by user request.
04-15 11:45:27.506   885   947 W BroadcastQueue: Background execution not allowed: receiving Intent { act=android.intent.action.ACTION_POWER_CONNECTED flg=0x4000010 (has extras) } to com.google.android.gms/.chimera.GmsIntentOperationService$PersistentTrustedReceiver
04-15 11:45:27.506   885   947 W BroadcastQueue: Background execution not allowed: receiving Intent { act=android.intent.action.ACTION_POWER_CONNECTED flg=0x4000010 (has extras) } to cn.xender/.SearchTableReceiver
04-15 11:45:27.506   885   947 W BroadcastQueue: Background execution not allowed: receiving Intent { act=android.intent.action.ACTION_POWER_CONNECTED flg=0x4000010 (has extras) } to com.estrongs.android.pop/.app.StartServiceReceiver
04-15 11:45:27.506   885   947 W BroadcastQueue: Background execution not allowed: receiving Intent { act=android.intent.action.ACTION_POWER_CONNECTED flg=0x4000010 (has extras) } to com.estrongs.android.pop/.app.ReportAliveReceiver
04-15 11:45:27.507   885   947 W BroadcastQueue: Background execution not allowed: receiving Intent { act=android.intent.action.ACTION_POWER_CONNECTED flg=0x4000010 (has extras) } to com.facebook.katana/com.facebook.battery.monitor.ContinuousBatteryMonitorService$BroadcastReceiver
04-15 11:45:27.545   885   947 E NotificationService: Suppressing notification from package by user request.
04-15 11:45:27.552   885   947 E NotificationService: Suppressing notification from package by user request.
04-15 11:45:27.576   885   956 E BatteryExternalStatsWorker: no controller energy info supplied for bluetooth
04-15 11:45:27.622   885   885 W Looper  : Slow dispatch took 159ms main h=com.android.server.power.Notifier$NotifierHandler c=null m=6
04-15 11:45:27.783   885   971 D UsbDeviceManager: push notification:USB file transfer turned on
04-15 11:45:27.801   885   951 I ActivityManager: Start proc 17829:android.process.media/u0a52 for broadcast com.android.providers.media/.MtpReceiver
04-15 11:45:29.579   885   947 W BroadcastQueue: Background execution not allowed: receiving Intent { act=android.intent.action.DROPBOX_ENTRY_ADDED flg=0x10 (has extras) } to com.google.android.gms/.stats.service.DropBoxEntryAddedReceiver
04-15 11:45:29.580   885   947 W BroadcastQueue: Background execution not allowed: receiving Intent { act=android.intent.action.DROPBOX_ENTRY_ADDED flg=0x10 (has extras) } to com.google.android.gms/.chimera.GmsIntentOperationService$PersistentTrustedReceiver
04-15 11:45:29.748   885   947 W BroadcastQueue: Background execution not allowed: receiving Intent { act=android.intent.action.DROPBOX_ENTRY_ADDED flg=0x10 (has extras) } to com.google.android.gms/.stats.service.DropBoxEntryAddedReceiver
04-15 11:45:29.748   885   947 W BroadcastQueue: Background execution not allowed: receiving Intent { act=android.intent.action.DROPBOX_ENTRY_ADDED flg=0x10 (has extras) } to com.google.android.gms/.chimera.GmsIntentOperationService$PersistentTrustedReceiver
04-15 11:45:30.489   885   947 W BroadcastQueue: Background execution not allowed: receiving Intent { act=android.intent.action.DROPBOX_ENTRY_ADDED flg=0x10 (has extras) } to com.google.android.gms/.stats.service.DropBoxEntryAddedReceiver
04-15 11:45:30.489   885   947 W BroadcastQueue: Background execution not allowed: receiving Intent { act=android.intent.action.DROPBOX_ENTRY_ADDED flg=0x10 (has extras) } to com.google.android.gms/.chimera.GmsIntentOperationService$PersistentTrustedReceiver
04-15 11:45:30.882   885   885 W Looper  : Slow dispatch took 127ms main h=com.android.server.notification.NotificationManagerService$WorkerHandler c=null m=3
04-15 11:45:31.062   885   951 I ActivityManager: Start proc 17896:com.google.android.apps.photos/u0a129 for service com.google.android.apps.photos/.backup.apiservice.PhotosBackupApiService
04-15 11:45:31.248   885   947 E NotificationService: Suppressing notification from package by user request.
04-15 11:45:31.260   885   947 E NotificationService: Suppressing notification from package by user request.
04-15 11:45:31.585   885   907 D ConnectivityService: requestNetwork for uid/pid:10129/17896 NetworkRequest [ TRACK_DEFAULT id=971, [ Capabilities: INTERNET&NOT_RESTRICTED&TRUSTED Unwanted:  Uid: 10129] ]
04-15 11:45:33.551   885   907 W ActivityManager: No permission grants found for com.google.android.apps.photos
04-15 11:45:33.598   885   907 W ActivityManager: No permission grants found for com.google.android.apps.photos
04-15 11:45:36.467   885   947 E NotificationService: Suppressing notification from package by user request.
04-15 11:45:40.494   885  1916 D UsbDebuggingManager: Received public key: QAAAAD8cwf1BLKNbDqRgvcauf+4WS0yIHc5ZSNsgxsZ2yRpNUbB5PS/tL2u93Bu+eNfWHbHvq+rNBZUZrzCki5ZYmGqteUkydBaSaWLMZ/s/NdN7Yh2pbkU/WvnTrWD9CjSdnsxpNcPlpavHHwGd1lnAX/V9d2HNdp2mvmJJS4Bk733VvkPzNT/J2VVQEDaT/shuxsZEb0R78aGgW+EsHJlBKPKUAmmShXlIIwUam9xyY1GU+Jn1dhH4aH1upfnwM32wSIDHELwkPJJViChDtfaC8/zSNY0hPWWaEaBvjJLYegIEiPS/i6IABVoshuzt/kYfYMRp3vGShGwZ8cg26Gc/jP4ObHTPC4pSC4HBhNackFTqG99M4uPFG/0vCJp+f9NMaehsJugKWVGdW8YKvIjSSsnFH99NXhuT0TDkdtBlrS5OMTprCrcgqMAQIWoFHYU5uWffeh/8KRw+ZicQNnbBYSNTNq4Ukqr9VCntQTkooDy5yarnC8jBTD2ORoxjB9tlNZ/2FXnd3A0pTQkBNv1MQMQB9OUWliGPiCa76cuVlKaQo6aOCJFQ2pQkVVV2sqt4IbFaNrnv1wftcfzX7SpVVqGoFku3hQLDkV+++E8sMcox14DS10ULHFymMgbtMRa/Jgcpn+aQxaic0zosNkqZOfVBRL0UhVfxBaURk84D2SjFgrOSdAEAAQA= student@student
04-15 11:45:40.496   885   971 I ActivityManager: START u0 {flg=0x10000000 cmp=com.android.systemui/.usb.UsbDebuggingActivity (has extras)} from uid 1000
04-15 11:45:41.204   885  2223 W ActivityManager: No permission grants found for com.google.android.apps.photos
04-15 11:45:41.218   885  2223 W ActivityManager: No permission grants found for com.google.android.apps.photos
04-15 11:45:41.269   885   947 E NotificationService: Suppressing notification from package by user request.
04-15 11:45:41.285   885   947 E NotificationService: Suppressing notification from package by user request.
04-15 11:45:43.482   885  1533 D ConnectivityService: requestNetwork for uid/pid:10129/17896 NetworkRequest [ TRACK_DEFAULT id=972, [ Capabilities: INTERNET&NOT_RESTRICTED&TRUSTED Unwanted:  Uid: 10129] ]
04-15 11:45:44.405   885  1533 W ActivityManager: No permission grants found for com.google.android.apps.photos
04-15 11:45:44.417   885  1533 W ActivityManager: No permission grants found for com.google.android.apps.photos
04-15 11:45:44.944   885  2223 W ActivityManager: No permission grants found for com.google.android.apps.photos
04-15 11:45:44.948   885  2223 W ActivityManager: No permission grants found for com.google.android.apps.photos
04-15 11:45:45.945   885  3298 W ActivityManager: No permission grants found for com.google.android.apps.photos
04-15 11:45:45.987   885  3298 W ActivityManager: No permission grants found for com.google.android.apps.photos
04-15 11:45:51.299   885   947 E NotificationService: Suppressing notification from package by user request.
04-15 11:46:21.422   885   947 I chatty  : uid=1000(system) ActivityManager identical 6 lines
04-15 11:46:21.449   885   947 E NotificationService: Suppressing notification from package by user request.
04-15 11:46:27.525   885   885 V BackupManagerService: Scheduling immediate backup pass
04-15 11:46:27.562   885   947 E NotificationService: Suppressing notification from package by user request.
04-15 11:46:27.563   885   885 V BackupManagerService: Running a backup pass
04-15 11:46:27.671   885   885 I TransportClient: BackupTransportService#90: Notifying [BH/MSG_RUN_BACKUP] transport = IBackupTransport
04-15 11:46:27.676   885  2098 V BackupManagerService: clearing pending backups
04-15 11:46:27.682   885  1533 D BackupTransportManager: Transport com.google.android.gms/.backup.BackupTransportService updated its attributes
04-15 11:46:27.685   885  2098 D PFTBT   : backupmanager pftbt token=4fa2a0a4
04-15 11:46:27.685   885  2098 V PerformBackupTask: Beginning backup of 38 targets
04-15 11:46:27.783   885  2098 D PerformBackupTask: invokeAgentForBackup on @pm@
04-15 11:46:27.802   885  2098 V BackupAgentTimeout: getKvBackupAgentTimeoutMillis(): 30000
04-15 11:46:27.871   885  2098 V BackupManagerConstants: getKeyValueBackupIntervalMilliseconds(...) returns 14400000
04-15 11:46:27.871   885  2098 V BackupManagerConstants: getKeyValueBackupFuzzMilliseconds(...) returns 600000
04-15 11:46:27.871   885  2098 V BackupManagerConstants: getKeyValueBackupRequiredNetworkType(...) returns 1
04-15 11:46:27.871   885  2098 V BackupManagerConstants: getKeyValueBackupRequireCharging(...) returns true
04-15 11:46:27.871   885  2098 V KeyValueBackupJob: Scheduling k/v pass in 244 minutes
04-15 11:46:27.874   885  2098 I BackupRestoreController: Getting widget state for user: 0
04-15 11:46:28.396   885  2098 I PerformBackupTask: K/V backup pass finished.
04-15 11:46:31.463   885   947 E NotificationService: Suppressing notification from package by user request.
04-15 11:50:02.400   885   947 I chatty  : uid=1000(system) ActivityManager identical 47 lines
04-15 11:50:02.423   885   947 E NotificationService: Suppressing notification from package by user request.
04-15 11:50:06.858   885  1160 I ActivityManager: START u0 {act=android.intent.action.MAIN cat=[android.intent.category.HOME] flg=0x10200000 cmp=com.google.android.apps.nexuslauncher/.NexusLauncherActivity (has extras)} from uid 1000
04-15 11:50:08.706   885  1160 I chatty  : uid=1000(system) InputDispatcher identical 1 line
04-15 11:50:10.844   885  1160 I ActivityManager: START u0 {act=android.intent.action.MAIN cat=[android.intent.category.HOME] flg=0x10200000 cmp=com.google.android.apps.nexuslauncher/.NexusLauncherActivity (has extras)} from uid 1000
04-15 11:50:12.430   885   947 E NotificationService: Suppressing notification from package by user request.
04-15 11:50:12.443   885   947 E NotificationService: Suppressing notification from package by user request.
04-15 11:50:12.559   885  1160 I ActivityManager: START u0 {act=android.intent.action.MAIN cat=[android.intent.category.HOME] flg=0x10200000 cmp=com.google.android.apps.nexuslauncher/.NexusLauncherActivity (has extras)} from uid 1000
04-15 11:50:14.469   885  1160 I chatty  : uid=1000(system) InputDispatcher identical 1 line
04-15 11:50:20.515   885  1160 I ActivityManager: START u0 {act=android.intent.action.MAIN cat=[android.intent.category.HOME] flg=0x10200000 cmp=com.google.android.apps.nexuslauncher/.NexusLauncherActivity (has extras)} from uid 1000
04-15 11:50:22.449   885   947 E NotificationService: Suppressing notification from package by user request.
04-15 11:50:22.462   885   947 E NotificationService: Suppressing notification from package by user request.
04-15 11:50:22.567   885  1160 I ActivityManager: START u0 {act=android.intent.action.MAIN cat=[android.intent.category.HOME] flg=0x10200000 cmp=com.google.android.apps.nexuslauncher/.NexusLauncherActivity (has extras)} from uid 1000
04-15 11:50:27.466   885   947 E NotificationService: Suppressing notification from package by user request.
04-15 11:51:42.811   885   947 I chatty  : uid=1000(system) ActivityManager identical 16 lines
04-15 11:51:42.839   885   947 E NotificationService: Suppressing notification from package by user request.
04-15 11:51:47.880   885   945 I UsageStatsService: User[0] Flushing usage stats to disk
04-15 11:51:52.321   885   947 E NotificationService: Suppressing notification from package by user request.
04-15 11:53:53.374   885   947 I chatty  : uid=1000(system) ActivityManager identical 28 lines
04-15 11:53:53.400   885   947 E NotificationService: Suppressing notification from package by user request.
04-15 11:53:59.139   885  1160 I ActivityManager: START u0 {act=android.intent.action.MAIN cat=[android.intent.category.HOME] flg=0x10200000 cmp=com.google.android.apps.nexuslauncher/.NexusLauncherActivity (has extras)} from uid 1000
04-15 11:54:03.415   885   947 E NotificationService: Suppressing notification from package by user request.
04-15 11:54:53.609   885   947 I chatty  : uid=1000(system) ActivityManager identical 11 lines
04-15 11:54:53.639   885   947 E NotificationService: Suppressing notification from package by user request.
04-15 11:54:58.651   885  7376 I ActivityManager: Killing 16736:com.estrongs.android.pop/u0a579 (adj 906): empty #17
04-15 11:55:03.651   885   947 E NotificationService: Suppressing notification from package by user request.
04-15 11:55:13.695   885   947 I chatty  : uid=1000(system) ActivityManager identical 3 lines
04-15 11:55:13.724   885   947 E NotificationService: Suppressing notification from package by user request.
04-15 11:55:21.138   885   956 E BatteryExternalStatsWorker: no controller energy info supplied for bluetooth
04-15 11:55:23.739   885   947 E NotificationService: Suppressing notification from package by user request.
04-15 11:55:23.780   885   947 I chatty  : uid=1000(system) ActivityManager identical 1 line
04-15 11:55:27.479   885   947 E NotificationService: Suppressing notification from package by user request.
04-15 11:55:30.739   885   973 W EntropyMixer: Failed to add HW RNG output to entropy pool
04-15 11:55:30.739   885   973 W EntropyMixer: java.io.FileNotFoundException: /dev/hw_random (Permission denied)
04-15 11:55:30.739   885   973 W EntropyMixer: 	at java.io.FileInputStream.open0(Native Method)
04-15 11:55:30.739   885   973 W EntropyMixer: 	at java.io.FileInputStream.open(FileInputStream.java:231)
04-15 11:55:30.739   885   973 W EntropyMixer: 	at java.io.FileInputStream.<init>(FileInputStream.java:165)
04-15 11:55:30.739   885   973 W EntropyMixer: 	at java.io.FileInputStream.<init>(FileInputStream.java:112)
04-15 11:55:30.739   885   973 W EntropyMixer: 	at com.android.server.RandomBlock.fromFile(RandomBlock.java:45)
04-15 11:55:30.739   885   973 W EntropyMixer: 	at com.android.server.EntropyMixer.addHwRandomEntropy(EntropyMixer.java:205)
04-15 11:55:30.739   885   973 W EntropyMixer: 	at com.android.server.EntropyMixer.access$000(EntropyMixer.java:59)
04-15 11:55:30.739   885   973 W EntropyMixer: 	at com.android.server.EntropyMixer$1.handleMessage(EntropyMixer.java:83)
04-15 11:55:30.739   885   973 W EntropyMixer: 	at android.os.Handler.dispatchMessage(Handler.java:106)
04-15 11:55:30.739   885   973 W EntropyMixer: 	at android.os.Looper.loop(Looper.java:193)
04-15 11:55:30.739   885   973 W EntropyMixer: 	at android.os.HandlerThread.run(HandlerThread.java:65)
04-15 11:55:30.739   885   973 W EntropyMixer: 	at com.android.server.ServiceThread.run(ServiceThread.java:44)
04-15 11:55:30.739   885   973 I EntropyMixer: Writing entropy...
04-15 11:55:33.797   885   947 E NotificationService: Suppressing notification from package by user request.
04-15 11:55:33.829   885   947 E NotificationService: Suppressing notification from package by user request.
04-15 11:55:38.129   885  3930 D ConnectivityService: Returning BLOCKED NetworkInfo to uid=10091
04-15 11:55:43.844   885   947 E NotificationService: Suppressing notification from package by user request.
04-15 11:55:53.892   885   947 I chatty  : uid=1000(system) ActivityManager identical 2 lines
04-15 11:55:53.923   885   947 E NotificationService: Suppressing notification from package by user request.
04-15 11:56:00.181   885  1160 I ActivityManager: START u0 {act=android.intent.action.MAIN cat=[android.intent.category.HOME] flg=0x10200000 cmp=com.google.android.apps.nexuslauncher/.NexusLauncherActivity (has extras)} from uid 1000
04-15 11:56:03.940   885   947 E NotificationService: Suppressing notification from package by user request.
04-15 11:56:24.048   885   947 I chatty  : uid=1000(system) ActivityManager identical 4 lines
04-15 11:56:24.082   885   947 E NotificationService: Suppressing notification from package by user request.
04-15 11:56:27.498   885  1155 W ActivityManager: Unable to start service Intent { act=com.antutu.ABenchMark.intent.action.COCKROACH flg=0x4 (has extras) } U=0: not found
04-15 11:56:27.499   885  1155 W ActivityManager: Unable to start service Intent { act=com.antutu.ABenchMark.intent.action.COCKROACH flg=0x4 (has extras) } U=0: not found
04-15 11:56:27.500   885   947 W BroadcastQueue: Background execution not allowed: receiving Intent { act=DXCoreAlarmReceiver flg=0x14 (has extras) } to com.duapps.recorder/com.dianxinos.dxservice.stat.AlarmReceiver
04-15 11:56:27.501   885   947 W BroadcastQueue: Background execution not allowed: receiving Intent { act=DXCoreAlarmReceiver flg=0x14 (has extras) } to com.estrongs.android.pop/com.dianxinos.dxservice.stat.AlarmReceiver
04-15 11:56:27.501   885   947 W BroadcastQueue: Background execution not allowed: receiving Intent { act=DXCoreAlarmReceiver flg=0x14 (has extras) } to com.duapps.recorder/com.dianxinos.dxservice.stat.AlarmReceiver
04-15 11:56:27.502   885   947 W BroadcastQueue: Background execution not allowed: receiving Intent { act=DXCoreAlarmReceiver flg=0x14 (has extras) } to com.estrongs.android.pop/com.dianxinos.dxservice.stat.AlarmReceiver
04-15 11:56:27.504   885   947 W BroadcastQueue: Background execution not allowed: receiving Intent { act=DXCoreAlarmReceiver flg=0x14 (has extras) } to com.duapps.recorder/com.dianxinos.dxservice.stat.AlarmReceiver
04-15 11:56:27.504   885   947 W BroadcastQueue: Background execution not allowed: receiving Intent { act=DXCoreAlarmReceiver flg=0x14 (has extras) } to com.estrongs.android.pop/com.dianxinos.dxservice.stat.AlarmReceiver
04-15 11:56:27.521   885   947 W BroadcastQueue: Background execution not allowed: receiving Intent { act=DXCoreAlarmReceiver flg=0x14 (has extras) } to com.duapps.recorder/com.dianxinos.dxservice.stat.AlarmReceiver
04-15 11:56:27.521   885   947 W BroadcastQueue: Background execution not allowed: receiving Intent { act=DXCoreAlarmReceiver flg=0x14 (has extras) } to com.estrongs.android.pop/com.dianxinos.dxservice.stat.AlarmReceiver
04-15 11:56:27.530   885   947 E NotificationService: Suppressing notification from package by user request.
04-15 11:56:27.550   885   951 I ActivityManager: Start proc 18464:com.google.android.configupdater/u0a34 for service com.google.android.configupdater/.MainJobService
04-15 11:56:27.578   885   951 I ActivityManager: Start proc 18469:com.google.android.contacts/u0a130 for service com.google.android.contacts/com.google.android.apps.contacts.shortcut.ShortcutJobService
04-15 11:56:27.624   885   951 I ActivityManager: Start proc 18484:com.google.android.partnersetup/u0a57 for service com.google.android.partnersetup/.InstalledAppJobService
04-15 11:56:27.653   885   951 I ActivityManager: Start proc 18495:com.google.android.tts/u0a73 for service com.google.android.tts/androidx.work.impl.background.systemjob.SystemJobService
04-15 11:56:27.783   885   951 I ActivityManager: Start proc 18531:com.google.android.calendar/u0a81 for service com.google.android.calendar/com.google.android.libraries.notifications.entrypoints.scheduled.ScheduledTaskService
04-15 11:56:27.785   885  3930 I ActivityManager: Killing 14610:com.google.android.apps.wellbeing/u0a53 (adj 906): empty #17
04-15 11:56:28.353   885   951 I ActivityManager: Start proc 18606:com.android.providers.calendar/u0a33 for content provider com.android.providers.calendar/.CalendarProvider2
04-15 11:56:29.721   885   885 W Looper  : Slow dispatch took 151ms main h=com.android.server.notification.NotificationManagerService$WorkerHandler c=null m=3
04-15 11:56:29.870   885   885 W Looper  : Slow dispatch took 149ms main h=com.android.server.notification.NotificationManagerService$WorkerHandler c=null m=3
04-15 11:56:29.871   885   885 W Looper  : Slow delivery took 200ms main h=android.app.ActivityThread$H c=android.app.LoadedApk$ServiceDispatcher$RunConnection@a9d5f42 m=0
04-15 11:56:29.896   885   885 W Looper  : Drained
04-15 11:56:33.868   885  8447 D ConnectivityService: requestNetwork for uid/pid:10081/18531 NetworkRequest [ TRACK_DEFAULT id=973, [ Capabilities: INTERNET&NOT_RESTRICTED&TRUSTED Unwanted:  Uid: 10081] ]
04-15 11:56:34.087   885   947 E NotificationService: Suppressing notification from package by user request.
04-15 11:56:34.100   885   947 E NotificationService: Suppressing notification from package by user request.
04-15 11:56:34.356   885  8447 I ActivityManager: Killing 16993:com.reddit.frontpage/u0a1141 (adj 906): empty #17
04-15 11:56:34.425   885  4589 D ConnectivityService: ConnectivityService NetworkRequestInfo binderDied(NetworkRequest [ LISTEN id=963, [ Capabilities: INTERNET&NOT_RESTRICTED&TRUSTED&NOT_VPN&FOREGROUND Unwanted:  Uid: 11141] ], android.os.BinderProxy@fe114c8)
04-15 11:56:36.091   885   951 I ActivityManager: Start proc 18721:com.facebook.katana/u0a927 for service com.facebook.katana/com.facebook.conditionalworker.LollipopConditionalWorkerService
04-15 11:56:36.172   885   951 I ActivityManager: Start proc 18737:com.facebook.orca/u0a928 for service com.facebook.orca/com.facebook.push.registration.PushNegativeFeedbackLollipopService
04-15 11:56:36.747   885   951 I ActivityManager: Start proc 18817:com.google.android.play.games/u0a145 for service com.google.android.play.games/com.google.android.libraries.internal.growth.growthkit.internal.jobs.impl.GrowthKitJobService
04-15 11:56:36.788   885  2766 I ActivityManager: Killing 14533:com.google.android.as:nonpersistent/u0a45 (adj 906): empty #17
04-15 11:56:36.972   885  3298 D ConnectivityService: Returning UNBLOCKED NetworkInfo to uid=10927
04-15 11:56:37.221   885   951 I ActivityManager: Start proc 18878:com.google.android.apps.gcs/u0a21 for service com.google.android.apps.gcs/androidx.work.impl.background.systemjob.SystemJobService
04-15 11:56:37.454   885  3298 D ConnectivityService: Returning UNBLOCKED NetworkInfo to uid=10928
04-15 11:56:37.955   885   907 D ConnectivityService: Returning UNBLOCKED NetworkInfo to uid=10021
04-15 11:56:37.960   885   907 D ConnectivityService: requestNetwork for uid/pid:10021/18878 NetworkRequest [ TRACK_DEFAULT id=975, [ Capabilities: INTERNET&NOT_RESTRICTED&TRUSTED Unwanted:  Uid: 10021] ]
04-15 11:56:39.367   885   951 I ActivityManager: Start proc 18949:com.denvervenues.redrocks/u0a151 for service com.denvervenues.redrocks/androidx.work.impl.background.systemjob.SystemJobService
04-15 11:56:40.493   885  1187 D ConnectivityService: releasing NetworkRequest [ TRACK_DEFAULT id=975, [ Capabilities: INTERNET&NOT_RESTRICTED&TRUSTED Unwanted:  Uid: 10021] ] (release request)
04-15 11:56:40.633   885   885 I Telecom : DefaultDialerCache: Refreshing default dialer for user 0: now com.google.android.dialer: DDC.oR@AwU
04-15 11:56:41.025   885   951 I ActivityManager: Start proc 19048:com.tunnelbear.android/u0a153 for broadcast com.tunnelbear.android/.receiver.RefreshTokenReceiver
04-15 11:56:42.150   885  3934 W ActivityManager: Unable to start service Intent { act=com.denvervenues.redrocks pkg=com.denvervenues.redrocks } U=0: not found
04-15 11:56:42.498   885   951 I ActivityManager: Start proc 19100:com.tunnelbear.android:vpnLibProcess/u0a153 for service com.tunnelbear.android/com.tunnelbear.vpn.VpnRemoteService
04-15 11:56:43.127   885   951 I ActivityManager: Start proc 19115:com.duapps.recorder/u0a146 for service com.duapps.recorder/com.duapps.screen.recorder.DuJobService
04-15 11:56:43.583   885  7376 D ConnectivityService: requestNetwork for uid/pid:10145/18817 NetworkRequest [ TRACK_DEFAULT id=976, [ Capabilities: INTERNET&NOT_RESTRICTED&TRUSTED Unwanted:  Uid: 10145] ]
04-15 11:56:43.660   885  2766 D ConnectivityService: Returning UNBLOCKED NetworkInfo to uid=10146
04-15 11:56:44.010   885   951 I ActivityManager: Start proc 19205:com.google.android.youtube/u0a108 for service com.google.android.youtube/androidx.work.impl.background.systemjob.SystemJobService
04-15 11:56:44.104   885   947 E NotificationService: Suppressing notification from package by user request.
04-15 11:56:44.112   885   947 E NotificationService: Suppressing notification from package by user request.
04-15 11:56:44.261   885  4589 I ActivityManager: Killing 16976:com.google.android.apps.docs/u0a85 (adj 906): empty #17
04-15 11:56:44.308   885  3934 I ActivityManager: Killing 16910:jp.ne.paypay.android.app/u0a154 (adj 906): empty #17
04-15 11:56:44.496   885  3934 I ActivityManager: Killing 14432:com.google.android.gms.unstable/u0a29 (adj 906): empty #17
04-15 11:56:44.496   885  3934 I ActivityManager: Killing 16803:com.google.android.gm/u0a91 (adj 906): empty #18
04-15 11:56:44.501   885  3934 W BroadcastQueue: Background execution not allowed: receiving Intent { act=android.intent.action.DROPBOX_ENTRY_ADDED flg=0x10 (has extras) } to com.google.android.gms/.stats.service.DropBoxEntryAddedReceiver
04-15 11:56:44.501   885   947 W BroadcastQueue: Background execution not allowed: receiving Intent { act=android.intent.action.DROPBOX_ENTRY_ADDED flg=0x10 (has extras) } to com.google.android.gms/.chimera.GmsIntentOperationService$PersistentTrustedReceiver
04-15 11:56:44.501   885   947 W BroadcastQueue: Background execution not allowed: receiving Intent { act=android.intent.action.DROPBOX_ENTRY_ADDED flg=0x10 (has extras) } to com.google.android.gms/.stats.service.DropBoxEntryAddedReceiver
04-15 11:56:44.502   885   947 W BroadcastQueue: Background execution not allowed: receiving Intent { act=android.intent.action.DROPBOX_ENTRY_ADDED flg=0x10 (has extras) } to com.google.android.gms/.chimera.GmsIntentOperationService$PersistentTrustedReceiver
04-15 11:56:44.502   885   947 W BroadcastQueue: Background execution not allowed: receiving Intent { act=android.intent.action.DROPBOX_ENTRY_ADDED flg=0x10 (has extras) } to com.google.android.gms/.stats.service.DropBoxEntryAddedReceiver
04-15 11:56:44.502   885   947 W BroadcastQueue: Background execution not allowed: receiving Intent { act=android.intent.action.DROPBOX_ENTRY_ADDED flg=0x10 (has extras) } to com.google.android.gms/.chimera.GmsIntentOperationService$PersistentTrustedReceiver
04-15 11:56:44.502   885   947 W BroadcastQueue: Background execution not allowed: receiving Intent { act=android.intent.action.DROPBOX_ENTRY_ADDED flg=0x10 (has extras) } to com.google.android.gms/.stats.service.DropBoxEntryAddedReceiver
04-15 11:56:44.502   885   947 W BroadcastQueue: Background execution not allowed: receiving Intent { act=android.intent.action.DROPBOX_ENTRY_ADDED flg=0x10 (has extras) } to com.google.android.gms/.chimera.GmsIntentOperationService$PersistentTrustedReceiver
04-15 11:56:44.502   885   947 W BroadcastQueue: Background execution not allowed: receiving Intent { act=android.intent.action.DROPBOX_ENTRY_ADDED flg=0x10 (has extras) } to com.google.android.gms/.stats.service.DropBoxEntryAddedReceiver
04-15 11:56:44.503   885   947 W BroadcastQueue: Background execution not allowed: receiving Intent { act=android.intent.action.DROPBOX_ENTRY_ADDED flg=0x10 (has extras) } to com.google.android.gms/.chimera.GmsIntentOperationService$PersistentTrustedReceiver
04-15 11:56:44.503   885   947 W BroadcastQueue: Background execution not allowed: receiving Intent { act=android.intent.action.DROPBOX_ENTRY_ADDED flg=0x10 (has extras) } to com.google.android.gms/.stats.service.DropBoxEntryAddedReceiver
04-15 11:56:44.503   885   947 W BroadcastQueue: Background execution not allowed: receiving Intent { act=android.intent.action.DROPBOX_ENTRY_ADDED flg=0x10 (has extras) } to com.google.android.gms/.chimera.GmsIntentOperationService$PersistentTrustedReceiver
04-15 11:56:44.503   885   947 W BroadcastQueue: Background execution not allowed: receiving Intent { act=android.intent.action.DROPBOX_ENTRY_ADDED flg=0x10 (has extras) } to com.google.android.gms/.stats.service.DropBoxEntryAddedReceiver
04-15 11:56:44.503   885   947 W BroadcastQueue: Background execution not allowed: receiving Intent { act=android.intent.action.DROPBOX_ENTRY_ADDED flg=0x10 (has extras) } to com.google.android.gms/.chimera.GmsIntentOperationService$PersistentTrustedReceiver
04-15 11:56:44.503   885   947 W BroadcastQueue: Background execution not allowed: receiving Intent { act=android.intent.action.DROPBOX_ENTRY_ADDED flg=0x10 (has extras) } to com.google.android.gms/.stats.service.DropBoxEntryAddedReceiver
04-15 11:56:44.504   885   947 W BroadcastQueue: Background execution not allowed: receiving Intent { act=android.intent.action.DROPBOX_ENTRY_ADDED flg=0x10 (has extras) } to com.google.android.gms/.chimera.GmsIntentOperationService$PersistentTrustedReceiver
04-15 11:56:44.504   885   947 W BroadcastQueue: Background execution not allowed: receiving Intent { act=android.intent.action.DROPBOX_ENTRY_ADDED flg=0x10 (has extras) } to com.google.android.gms/.stats.service.DropBoxEntryAddedReceiver
04-15 11:56:44.504   885   947 W BroadcastQueue: Background execution not allowed: receiving Intent { act=android.intent.action.DROPBOX_ENTRY_ADDED flg=0x10 (has extras) } to com.google.android.gms/.chimera.GmsIntentOperationService$PersistentTrustedReceiver
04-15 11:56:44.504   885   947 W BroadcastQueue: Background execution not allowed: receiving Intent { act=android.intent.action.DROPBOX_ENTRY_ADDED flg=0x10 (has extras) } to com.google.android.gms/.stats.service.DropBoxEntryAddedReceiver
04-15 11:56:44.504   885   947 W BroadcastQueue: Background execution not allowed: receiving Intent { act=android.intent.action.DROPBOX_ENTRY_ADDED flg=0x10 (has extras) } to com.google.android.gms/.chimera.GmsIntentOperationService$PersistentTrustedReceiver
04-15 11:56:44.505   885   947 W BroadcastQueue: Background execution not allowed: receiving Intent { act=android.intent.action.DROPBOX_ENTRY_ADDED flg=0x10 (has extras) } to com.google.android.gms/.stats.service.DropBoxEntryAddedReceiver
04-15 11:56:44.505   885   947 W BroadcastQueue: Background execution not allowed: receiving Intent { act=android.intent.action.DROPBOX_ENTRY_ADDED flg=0x10 (has extras) } to com.google.android.gms/.chimera.GmsIntentOperationService$PersistentTrustedReceiver
04-15 11:56:44.505   885   947 W BroadcastQueue: Background execution not allowed: receiving Intent { act=android.intent.action.DROPBOX_ENTRY_ADDED flg=0x10 (has extras) } to com.google.android.gms/.stats.service.DropBoxEntryAddedReceiver
04-15 11:56:44.505   885   947 W BroadcastQueue: Background execution not allowed: receiving Intent { act=android.intent.action.DROPBOX_ENTRY_ADDED flg=0x10 (has extras) } to com.google.android.gms/.chimera.GmsIntentOperationService$PersistentTrustedReceiver
04-15 11:56:44.505   885   947 W BroadcastQueue: Background execution not allowed: receiving Intent { act=DXCoreAlarmReceiver flg=0x14 (has extras) } to com.duapps.recorder/com.dianxinos.dxservice.stat.AlarmReceiver
04-15 11:56:44.505   885   947 W BroadcastQueue: Background execution not allowed: receiving Intent { act=DXCoreAlarmReceiver flg=0x14 (has extras) } to com.estrongs.android.pop/com.dianxinos.dxservice.stat.AlarmReceiver
04-15 11:56:44.621   885   951 I ActivityManager: Start proc 19260:com.google.android.apps.fireball/u0a564 for service com.google.android.apps.fireball/com.firebase.jobdispatcher.GooglePlayReceiver
04-15 11:56:44.643   885  2224 D ConnectivityService: ConnectivityService NetworkRequestInfo binderDied(NetworkRequest [ LISTEN id=966, [ Capabilities: INTERNET&NOT_RESTRICTED&TRUSTED Unwanted:  Uid: 10091] ], android.os.BinderProxy@f8bbac8)
04-15 11:56:44.644   885   908 D ConnectivityService: ConnectivityService NetworkRequestInfo binderDied(NetworkRequest [ TRACK_DEFAULT id=965, [ Capabilities: INTERNET&NOT_RESTRICTED&TRUSTED Unwanted:  Uid: 10091] ], android.os.BinderProxy@17a761)
04-15 11:56:44.645   885  1187 D ConnectivityService: releasing NetworkRequest [ TRACK_DEFAULT id=965, [ Capabilities: INTERNET&NOT_RESTRICTED&TRUSTED Unwanted:  Uid: 10091] ] (release request)
04-15 11:56:45.007   885   908 D ConnectivityService: requestNetwork for uid/pid:10108/19205 NetworkRequest [ TRACK_DEFAULT id=978, [ Capabilities: INTERNET&NOT_RESTRICTED&TRUSTED Unwanted:  Uid: 10108] ]
04-15 11:56:45.023   885  8734 D ConnectivityService: requestNetwork for uid/pid:10108/19205 NetworkRequest [ TRACK_DEFAULT id=979, [ Capabilities: INTERNET&NOT_RESTRICTED&TRUSTED Unwanted:  Uid: 10108] ]
04-15 11:56:46.526   885   907 D ConnectivityService: ConnectivityService NetworkRequestInfo binderDied(NetworkRequest [ TRACK_DEFAULT id=967, [ Capabilities: INTERNET&NOT_RESTRICTED&TRUSTED Unwanted:  Uid: 10154] ], android.os.BinderProxy@67eac65)
04-15 11:56:46.526   885  1187 D ConnectivityService: releasing NetworkRequest [ TRACK_DEFAULT id=967, [ Capabilities: INTERNET&NOT_RESTRICTED&TRUSTED Unwanted:  Uid: 10154] ] (release request)
04-15 11:56:46.634   885  3298 D ConnectivityService: requestNetwork for uid/pid:10564/19260 NetworkRequest [ TRACK_DEFAULT id=981, [ Capabilities: INTERNET&NOT_RESTRICTED&TRUSTED Unwanted:  Uid: 10564] ]
04-15 11:56:47.136   885  1390 D ConnectivityService: Returning UNBLOCKED NetworkInfo to uid=10564
04-15 11:56:47.293   885   907 I ActivityManager: Killing 17896:com.google.android.apps.photos/u0a129 (adj 906): empty #17
04-15 11:56:47.681   885  4737 D ConnectivityService: ConnectivityService NetworkRequestInfo binderDied(NetworkRequest [ TRACK_DEFAULT id=972, [ Capabilities: INTERNET&NOT_RESTRICTED&TRUSTED Unwanted:  Uid: 10129] ], android.os.BinderProxy@bebed1e)
04-15 11:56:47.682   885  1187 D ConnectivityService: releasing NetworkRequest [ TRACK_DEFAULT id=972, [ Capabilities: INTERNET&NOT_RESTRICTED&TRUSTED Unwanted:  Uid: 10129] ] (release request)
04-15 11:56:47.682   885  1390 D ConnectivityService: ConnectivityService NetworkRequestInfo binderDied(NetworkRequest [ TRACK_DEFAULT id=971, [ Capabilities: INTERNET&NOT_RESTRICTED&TRUSTED Unwanted:  Uid: 10129] ], android.os.BinderProxy@8e749ff)
04-15 11:56:47.682   885  1187 D ConnectivityService: releasing NetworkRequest [ TRACK_DEFAULT id=971, [ Capabilities: INTERNET&NOT_RESTRICTED&TRUSTED Unwanted:  Uid: 10129] ] (release request)
04-15 11:56:49.411   885  6848 D ConnectivityService: requestNetwork for uid/pid:10108/19205 NetworkRequest [ TRACK_DEFAULT id=983, [ Capabilities: INTERNET&NOT_RESTRICTED&TRUSTED Unwanted:  Uid: 10108] ]
04-15 11:56:49.846   885  4589 I ActivityManager: Killing 14514:com.google.android.apps.turbo:aab/u0a56 (adj 906): empty #17
04-15 11:56:50.293   885  1376 I ActivityManager: Killing 16700:com.skype.raider/u0a147 (adj 906): empty #17
04-15 11:56:50.299   885  1376 I ActivityManager: Killing 8382:com.google.process.gapps/u0a29 (adj 906): empty #17
04-15 11:56:50.468   885  3933 D ConnectivityService: ConnectivityService NetworkRequestInfo binderDied(NetworkRequest [ TRACK_DEFAULT id=962, [ Capabilities: INTERNET&NOT_RESTRICTED&TRUSTED Unwanted:  Uid: 10147] ], android.os.BinderProxy@80500e1)
04-15 11:56:50.469   885  1187 D ConnectivityService: releasing NetworkRequest [ TRACK_DEFAULT id=962, [ Capabilities: INTERNET&NOT_RESTRICTED&TRUSTED Unwanted:  Uid: 10147] ] (release request)
04-15 11:56:50.596   885  3934 I ActivityManager: Killing 15763:com.google.android.apps.turbo/u0a56 (adj 906): empty #17
04-15 11:56:52.348   885   951 I ActivityManager: Start proc 19438:com.google.android.setupwizard/u0a58 for service com.google.android.setupwizard/.deferred.DeferredSetupScheduler
04-15 11:56:52.505   885   951 I ActivityManager: Start proc 19457:com.google.android.apps.tachyon/u0a139 for service com.google.android.apps.tachyon/androidx.work.impl.background.systemjob.SystemJobService
04-15 11:56:53.207   885   951 I ActivityManager: Start proc 19494:com.google.android.apps.docs.editors.docs/u0a138 for service com.google.android.apps.docs.editors.docs/androidx.work.impl.background.systemjob.SystemJobService
04-15 11:56:53.548   885   951 I ActivityManager: Start proc 19519:com.google.android.apps.messaging/u0a120 for service com.google.android.apps.messaging/androidx.work.impl.background.systemjob.SystemJobService
04-15 11:56:53.631   885  3286 I ActivityManager: Killing 18464:com.google.android.configupdater/u0a34 (adj 906): empty #17
04-15 11:56:53.762   885  3933 D ConnectivityService: requestNetwork for uid/pid:10108/19205 NetworkRequest [ TRACK_DEFAULT id=984, [ Capabilities: INTERNET&NOT_RESTRICTED&TRUSTED Unwanted:  Uid: 10108] ]
04-15 11:56:53.983   885  3934 D ConnectivityService: Returning UNBLOCKED NetworkInfo to uid=10138
04-15 11:56:54.117   885   947 E NotificationService: Suppressing notification from package by user request.
04-15 11:56:54.132   885   947 E NotificationService: Suppressing notification from package by user request.
04-15 11:56:57.452   885   951 I ActivityManager: Start proc 19640:com.android.chrome/u0a80 for service com.android.chrome/org.chromium.chrome.browser.customtabs.CustomTabsConnectionService
04-15 11:56:58.291   885  2236 I ActivityManager: Killing 18484:com.google.android.partnersetup/u0a57 (adj 906): empty #17
04-15 11:56:58.435   885   951 I ActivityManager: Start proc 19663:com.google.android.apps.wellbeing/u0a53 for content provider com.google.android.apps.wellbeing/.api.impl.WellbeingSettingsProvider
04-15 11:56:58.465   885  3930 I ActivityManager: Killing 16619:android.process.acore/u0a22 (adj 906): empty #17
04-15 11:56:58.772   885  3930 I ActivityManager: Killing 18469:com.google.android.contacts/u0a130 (adj 906): empty #17
04-15 11:56:59.460   885   951 I ActivityManager: Start proc 19695:com.google.android.dialer/u0a27 for service com.google.android.dialer/com.google.android.libraries.internal.growth.growthkit.internal.jobs.impl.GrowthKitJobService
04-15 11:56:59.529   885   951 I ActivityManager: Start proc 19711:com.google.android.googlequicksearchbox/u0a51 for broadcast com.google.android.googlequicksearchbox/com.google.android.libraries.phenotype.client.stable.PhenotypeUpdateBackgroundBroadcastReceiver
04-15 11:57:01.182   885   947 W BroadcastQueue: Background execution not allowed: receiving Intent { act=com.google.android.systemui.OPA_ENABLED flg=0x10000010 (has extras) } to com.google.android.apps.nexuslauncher/.qsb.OPAStatusReceiver
04-15 11:57:02.441   885  7376 D ConnectivityService: Returning UNBLOCKED NetworkInfo to uid=10120
04-15 11:57:02.673   885  1531 D ConnectivityService: requestNetwork for uid/pid:10120/19519 NetworkRequest [ TRACK_DEFAULT id=985, [ Capabilities: INTERNET&NOT_RESTRICTED&TRUSTED Unwanted:  Uid: 10120] ]
04-15 11:57:02.929   885   951 I ActivityManager: Start proc 19806:com.android.chrome:sandboxed_process0/u0i65 for webview_service com.android.chrome/org.chromium.content.app.SandboxedProcessService0
04-15 11:57:03.069   885   951 I ActivityManager: Start proc 19819:com.android.chrome:privileged_process0/u0a80 for service com.android.chrome/org.chromium.content.app.PrivilegedProcessService0
04-15 11:57:03.718   885  1531 I ActivityManager: Killing 18495:com.google.android.tts/u0a73 (adj 906): empty #17
04-15 11:57:03.856   885  1531 D ConnectivityService: requestNetwork for uid/pid:10080/19640 NetworkRequest [ TRACK_DEFAULT id=986, [ Capabilities: INTERNET&NOT_RESTRICTED&TRUSTED Unwanted:  Uid: 10080] ]
04-15 11:57:04.143   885   947 E NotificationService: Suppressing notification from package by user request.
04-15 11:57:04.163   885   947 E NotificationService: Suppressing notification from package by user request.
04-15 11:57:04.250   885  2223 I ActivityManager: Killing 18878:com.google.android.apps.gcs/u0a21 (adj 906): empty #17
04-15 11:57:04.352   885  4737 I ActivityManager: Killing 19115:com.duapps.recorder/u0a146 (adj 906): empty #17
04-15 11:57:04.911   885   945 W ProcessCpuTracker: Skipping unknown process pid 18878
04-15 11:57:04.913   885   945 W ProcessCpuTracker: Skipping unknown process pid 19115
04-15 11:57:06.951   885  4589 D ConnectivityService: requestNetwork for uid/pid:10080/19640 NetworkRequest [ TRACK_DEFAULT id=988, [ Capabilities: INTERNET&NOT_RESTRICTED&TRUSTED Unwanted:  Uid: 10080] ]
04-15 11:57:08.816   885  1187 D ConnectivityService: releasing NetworkRequest [ TRACK_DEFAULT id=985, [ Capabilities: INTERNET&NOT_RESTRICTED&TRUSTED Unwanted:  Uid: 10120] ] (release request)
04-15 11:57:08.955   885  2222 I ActivityManager: Killing 18949:com.denvervenues.redrocks/u0a151 (adj 906): empty #17
04-15 11:57:09.103   885   951 I ActivityManager: Start proc 19885:com.google.android.apps.gcs/u0a21 for broadcast com.google.android.apps.gcs/.receiver.GcsPhenotypeConfigChangedReceiver
04-15 11:57:09.968   885   947 W BroadcastQueue: Background execution not allowed: receiving Intent { act=com.google.android.systemui.OPA_ENABLED flg=0x10000010 (has extras) } to com.google.android.apps.nexuslauncher/.qsb.OPAStatusReceiver
04-15 11:57:10.983   885  2225 I ActivityManager: Killing 18606:com.android.providers.calendar/u0a33 (adj 906): empty #17
04-15 11:57:11.107   885  3930 I ActivityManager: Killing 14795:com.android.vending/u0a37 (adj 906): empty #17
04-15 11:57:11.444   885  3930 I ActivityManager: Killing 19100:com.tunnelbear.android:vpnLibProcess/u0a153 (adj 906): empty #17
04-15 11:57:11.586   885  3930 D ConnectivityService: requestNetwork for uid/pid:10021/19885 NetworkRequest [ TRACK_DEFAULT id=990, [ Capabilities: INTERNET&NOT_RESTRICTED&TRUSTED Unwanted:  Uid: 10021] ]
04-15 11:57:11.591   885  2224 D ConnectivityService: ConnectivityService NetworkRequestInfo binderDied(NetworkRequest [ TRACK_DEFAULT id=959, [ Capabilities: INTERNET&NOT_RESTRICTED&TRUSTED Unwanted:  Uid: 10037] ], android.os.BinderProxy@762aaa9)
04-15 11:57:11.592   885  3643 D ConnectivityService: ConnectivityService NetworkRequestInfo binderDied(NetworkRequest [ LISTEN id=960, [ Capabilities: INTERNET&NOT_RESTRICTED&TRUSTED Unwanted:  Uid: 10037] ], android.os.BinderProxy@cb8582e)
04-15 11:57:11.595   885  1187 D ConnectivityService: releasing NetworkRequest [ TRACK_DEFAULT id=959, [ Capabilities: INTERNET&NOT_RESTRICTED&TRUSTED Unwanted:  Uid: 10037] ] (release request)
04-15 11:57:11.738   885   945 I ProcessStatsService: Pruning old procstats: /data/system/procstats/state-2022-04-06-15-58-45.bin
04-15 11:57:11.951   885  3930 W ActivityManager: Scheduling restart of crashed service com.tunnelbear.android/com.tunnelbear.vpn.VpnRemoteService in 1000ms
04-15 11:57:12.989   885   951 I ActivityManager: Start proc 19926:com.tunnelbear.android:vpnLibProcess/u0a153 for service com.tunnelbear.android/com.tunnelbear.vpn.VpnRemoteService
04-15 11:57:13.615   885  2653 I ActivityManager: Killing 19048:com.tunnelbear.android/u0a153 (adj 906): empty #17
04-15 11:57:13.849   885  1187 D ConnectivityService: releasing NetworkRequest [ TRACK_DEFAULT id=990, [ Capabilities: INTERNET&NOT_RESTRICTED&TRUSTED Unwanted:  Uid: 10021] ] (release request)
04-15 11:57:14.168   885   947 E NotificationService: Suppressing notification from package by user request.
04-15 11:57:14.200   885   947 E NotificationService: Suppressing notification from package by user request.
04-15 11:57:14.457   885   951 I ActivityManager: Start proc 19942:android.process.acore/u0a22 for content provider com.android.providers.contacts/.VoicemailContentProvider
04-15 11:57:19.856   885  4737 D ConnectivityService: requestNetwork for uid/pid:10027/19695 NetworkRequest [ TRACK_DEFAULT id=991, [ Capabilities: INTERNET&NOT_RESTRICTED&TRUSTED Unwanted:  Uid: 10027] ]
04-15 11:57:21.215   885   885 I Telecom : DefaultDialerCache: Refreshing default dialer for user 0: now com.google.android.dialer: DDC.oR@AyY
04-15 11:57:24.214   885   947 E NotificationService: Suppressing notification from package by user request.
04-15 11:57:24.244   885   947 E NotificationService: Suppressing notification from package by user request.
04-15 11:57:24.481   885   951 I ActivityManager: Start proc 20028:com.google.android.apps.messaging:rcs/u0a120 for broadcast com.google.android.apps.messaging/com.google.android.ims.receiver.ProvisioningEventReceiver
04-15 11:57:25.967   885  2653 I ActivityManager: Killing 18817:com.google.android.play.games/u0a145 (adj 906): empty #17
04-15 11:57:26.712   885  2653 D ConnectivityService: ConnectivityService NetworkRequestInfo binderDied(NetworkRequest [ TRACK_DEFAULT id=976, [ Capabilities: INTERNET&NOT_RESTRICTED&TRUSTED Unwanted:  Uid: 10145] ], android.os.BinderProxy@b1fb7ad)
04-15 11:57:26.713   885  1187 D ConnectivityService: releasing NetworkRequest [ TRACK_DEFAULT id=976, [ Capabilities: INTERNET&NOT_RESTRICTED&TRUSTED Unwanted:  Uid: 10145] ] (release request)
04-15 11:57:26.719   885  4737 D ConnectivityService: ConnectivityService NetworkRequestInfo binderDied(NetworkRequest [ LISTEN id=977, [ Capabilities: INTERNET&NOT_RESTRICTED&TRUSTED&FOREGROUND Unwanted:  Uid: 10145] ], android.os.BinderProxy@3461ae2)
